<?xml version="1.0" encoding="UTF-8"?>
<TestRun id="85f91b99-25d7-46bf-ba34-08b56ff25681" name="bacemi@ICSWS068 2016-08-04 10:30:46" runUser="ICORE\bacemi" xmlns="http://microsoft.com/schemas/VisualStudio/TeamTest/2010">
  <Times creation="2016-08-04T10:30:46.3233099+02:00" queuing="2016-08-04T10:30:46.3233099+02:00" start="2016-08-04T10:30:41.5842444+02:00" finish="2016-08-04T10:32:47.5607003+02:00" />
  <TestSettings name="default" id="1ef7d11b-fab7-4c7b-9fad-e55e3ff75f1c">
    <Execution>
      <TestTypeSpecific />
    </Execution>
    <Deployment runDeploymentRoot="bacemi_ICSWS068 2016-08-04 10_30_46" />
    <Properties />
  </TestSettings>
  <Results>
    <UnitTestResult executionId="5145a8b4-d528-404e-ab96-2e46c47763c0" testId="2758b630-cbed-244c-98cd-d09d44d82dd1" testName="Invoke_SubEntityCollectionOfTypeT_ReturnsObjectOfTypeT" computerName="ICSWS068" duration="00:00:04.4048503" startTime="2016-08-04T10:30:41.5842444+02:00" endTime="2016-08-04T10:30:46.2658719+02:00" testType="13cdc9d9-ddb5-4fa4-a97d-d965ccfc6d4b" outcome="Passed" testListId="8c84fa94-04c1-424b-9868-57a2d4851a1d" relativeResultsDirectory="5145a8b4-d528-404e-ab96-2e46c47763c0" />
    <UnitTestResult executionId="cd4bf922-4cf0-41ef-9a94-a2c8c60e4d88" testId="7a246177-9ad5-4546-a7f6-0e28c854e23a" testName="Invoke_SubEntityCollectionOfTypeT_CollectionContainsNewObject" computerName="ICSWS068" duration="00:00:00.4582124" startTime="2016-08-04T10:30:46.2698747+02:00" endTime="2016-08-04T10:30:46.7309959+02:00" testType="13cdc9d9-ddb5-4fa4-a97d-d965ccfc6d4b" outcome="Passed" testListId="8c84fa94-04c1-424b-9868-57a2d4851a1d" relativeResultsDirectory="cd4bf922-4cf0-41ef-9a94-a2c8c60e4d88" />
    <UnitTestResult executionId="6033372b-86a4-4e45-9092-a267dcd5952a" testId="4165aefd-6281-1a96-77d0-aaa723fcf396" testName="Invoke_NonValidEnumerationAsEntityCollection_ExceptionThrown" computerName="ICSWS068" duration="00:00:00.4832569" startTime="2016-08-04T10:30:46.7334994+02:00" endTime="2016-08-04T10:30:47.2182630+02:00" testType="13cdc9d9-ddb5-4fa4-a97d-d965ccfc6d4b" outcome="Passed" testListId="8c84fa94-04c1-424b-9868-57a2d4851a1d" relativeResultsDirectory="6033372b-86a4-4e45-9092-a267dcd5952a" />
    <UnitTestResult executionId="27a85d74-8c52-44b6-b7f4-bbc785a468e9" testId="7a5639e7-be0f-ddb6-67fa-3660db6623d0" testName="Invoke_BatchImportWithResponseFileContainsCompConfigAppPools_CompConfigIsImportedWithAppPoolsFromTheResponseFile" computerName="ICSWS068" duration="00:00:05.3102475" startTime="2016-08-04T10:30:47.2217653+02:00" endTime="2016-08-04T10:30:52.5351039+02:00" testType="13cdc9d9-ddb5-4fa4-a97d-d965ccfc6d4b" outcome="Passed" testListId="8c84fa94-04c1-424b-9868-57a2d4851a1d" relativeResultsDirectory="27a85d74-8c52-44b6-b7f4-bbc785a468e9" />
    <UnitTestResult executionId="2d992dce-1532-4e58-ad21-c47693db1045" testId="b46b9fb0-817b-017b-de2a-063c6f7671c1" testName="Invoke_BatchImportWithResponseFileContainsCompConfigSecondaryAppPoolSetToNull_CompConfigIsImportedWithSecondaryAppPoolSetToNull" computerName="ICSWS068" duration="00:00:04.7009691" startTime="2016-08-04T10:30:52.5376224+02:00" endTime="2016-08-04T10:30:57.2406251+02:00" testType="13cdc9d9-ddb5-4fa4-a97d-d965ccfc6d4b" outcome="Passed" testListId="8c84fa94-04c1-424b-9868-57a2d4851a1d" relativeResultsDirectory="2d992dce-1532-4e58-ad21-c47693db1045" />
    <UnitTestResult executionId="cbb59286-6b29-4a52-ac53-be96e476584e" testId="e66709a2-6690-0fe1-c076-34317a311d76" testName="Invoke_BatchImportPrimarySWithComponentConfigurationAppPoolEqualToSecondaryAppPool_EntityIsNotImported" computerName="ICSWS068" duration="00:00:04.8456053" startTime="2016-08-04T10:30:57.2436253+02:00" endTime="2016-08-04T10:31:02.0910663+02:00" testType="13cdc9d9-ddb5-4fa4-a97d-d965ccfc6d4b" outcome="Passed" testListId="8c84fa94-04c1-424b-9868-57a2d4851a1d" relativeResultsDirectory="cbb59286-6b29-4a52-ac53-be96e476584e" />
    <UnitTestResult executionId="954f9844-aa61-497f-92bf-75d8b236ce09" testId="6ce1d639-ce79-e44a-61d7-b31c30fe59c9" testName="Invoke_RepeatedBatchImportWithResponseFileWithApplicationPools_CompConfigIsImportedWithAppPoolsFromTheLastImport" computerName="ICSWS068" duration="00:00:05.4924163" startTime="2016-08-04T10:31:02.0940724+02:00" endTime="2016-08-04T10:31:07.5878429+02:00" testType="13cdc9d9-ddb5-4fa4-a97d-d965ccfc6d4b" outcome="Passed" testListId="8c84fa94-04c1-424b-9868-57a2d4851a1d" relativeResultsDirectory="954f9844-aa61-497f-92bf-75d8b236ce09" />
    <UnitTestResult executionId="f91c3446-01f7-4927-a65b-ed2ad02d4784" testId="75b17685-3ffc-37a4-21c3-c1f2c34cfb82" testName="ExportCommand_EntityTypeInput_ValidOutput" computerName="ICSWS068" duration="00:00:01.2523858" startTime="2016-08-04T10:31:07.5908452+02:00" endTime="2016-08-04T10:31:08.8454280+02:00" testType="13cdc9d9-ddb5-4fa4-a97d-d965ccfc6d4b" outcome="Passed" testListId="8c84fa94-04c1-424b-9868-57a2d4851a1d" relativeResultsDirectory="f91c3446-01f7-4927-a65b-ed2ad02d4784" />
    <UnitTestResult executionId="d783114f-528e-42f8-a7e0-c06a93eadd5d" testId="4f1a64a4-52eb-77d7-ea6e-e3f812b81934" testName="ExportCommand_EntityInput_ValidOutput" computerName="ICSWS068" duration="00:00:00.8399181" startTime="2016-08-04T10:31:08.8484309+02:00" endTime="2016-08-04T10:31:09.6898412+02:00" testType="13cdc9d9-ddb5-4fa4-a97d-d965ccfc6d4b" outcome="Passed" testListId="8c84fa94-04c1-424b-9868-57a2d4851a1d" relativeResultsDirectory="d783114f-528e-42f8-a7e0-c06a93eadd5d" />
    <UnitTestResult executionId="88937a6c-3354-4896-b482-86d1e1edabf6" testId="1287d3a9-055d-060d-6dda-88bc4ef7f564" testName="ExportCommand_WrongInputType_ThrowsParameterBindingException" computerName="ICSWS068" duration="00:00:00.7960918" startTime="2016-08-04T10:31:09.6928444+02:00" endTime="2016-08-04T10:31:10.4903088+02:00" testType="13cdc9d9-ddb5-4fa4-a97d-d965ccfc6d4b" outcome="Passed" testListId="8c84fa94-04c1-424b-9868-57a2d4851a1d" relativeResultsDirectory="88937a6c-3354-4896-b482-86d1e1edabf6" />
    <UnitTestResult executionId="71d293d7-26ff-48e3-b24c-5a65ce3f3fd3" testId="2a16119a-b65a-2390-9db8-a2128cc4a687" testName="ExportCommand_BothInputTypesProvided_ThrowsParameterBindingException" computerName="ICSWS068" duration="00:00:01.1226024" startTime="2016-08-04T10:31:10.4928111+02:00" endTime="2016-08-04T10:31:11.6171964+02:00" testType="13cdc9d9-ddb5-4fa4-a97d-d965ccfc6d4b" outcome="Passed" testListId="8c84fa94-04c1-424b-9868-57a2d4851a1d" relativeResultsDirectory="71d293d7-26ff-48e3-b24c-5a65ce3f3fd3" />
    <UnitTestResult executionId="5675f0b3-28b3-46a8-8ff9-b134e50f5277" testId="11f989b4-9076-44f8-e838-aa37fa4ba59e" testName="ExportCommand_ExportEncryptedAndFileNameNotSet_ValidOutput" computerName="ICSWS068" duration="00:00:00.7779225" startTime="2016-08-04T10:31:11.6202148+02:00" endTime="2016-08-04T10:31:12.4000895+02:00" testType="13cdc9d9-ddb5-4fa4-a97d-d965ccfc6d4b" outcome="Passed" testListId="8c84fa94-04c1-424b-9868-57a2d4851a1d" relativeResultsDirectory="5675f0b3-28b3-46a8-8ff9-b134e50f5277" />
    <UnitTestResult executionId="1b445051-0ece-4fc3-8ff4-291b44db4853" testId="f3004343-c79c-b390-7736-77e09bb6d417" testName="ExportCommand_ExportToFile_Success" computerName="ICSWS068" duration="00:00:04.0575432" startTime="2016-08-04T10:31:12.4021080+02:00" endTime="2016-08-04T10:31:16.4618196+02:00" testType="13cdc9d9-ddb5-4fa4-a97d-d965ccfc6d4b" outcome="Passed" testListId="8c84fa94-04c1-424b-9868-57a2d4851a1d" relativeResultsDirectory="1b445051-0ece-4fc3-8ff4-291b44db4853" />
    <UnitTestResult executionId="d8c4219a-3f71-4f91-8abc-89a59694a0f8" testId="957cb733-36a9-79ca-fd74-f99f0e0580e4" testName="ExportCommand_ExportToEncryptedFilePasswordLessThan6Characters_Fails" computerName="ICSWS068" duration="00:00:04.1089654" startTime="2016-08-04T10:31:16.4648207+02:00" endTime="2016-08-04T10:31:20.5750041+02:00" testType="13cdc9d9-ddb5-4fa4-a97d-d965ccfc6d4b" outcome="Passed" testListId="8c84fa94-04c1-424b-9868-57a2d4851a1d" relativeResultsDirectory="d8c4219a-3f71-4f91-8abc-89a59694a0f8" />
    <UnitTestResult executionId="14f41b04-5903-4d3a-b792-c450c9ca325e" testId="b10f5d58-9a90-7c45-618e-b0aac8209ba0" testName="ExportCommand_ExportToEncryptedFilePasswordValid_Success" computerName="ICSWS068" duration="00:00:05.2222361" startTime="2016-08-04T10:31:20.5785067+02:00" endTime="2016-08-04T10:31:25.8020416+02:00" testType="13cdc9d9-ddb5-4fa4-a97d-d965ccfc6d4b" outcome="Passed" testListId="8c84fa94-04c1-424b-9868-57a2d4851a1d" relativeResultsDirectory="14f41b04-5903-4d3a-b792-c450c9ca325e" />
    <UnitTestResult executionId="ccfe73a5-3720-4209-a6ba-24a061afe9cb" testId="b59f1831-8eac-c03c-13ed-fa415ad1a4e9" testName="ExportCommand_ProtectedEntitiesWithEncryptSet_Success" computerName="ICSWS068" duration="00:00:04.9267146" startTime="2016-08-04T10:31:25.8060436+02:00" endTime="2016-08-04T10:31:30.7351565+02:00" testType="13cdc9d9-ddb5-4fa4-a97d-d965ccfc6d4b" outcome="Passed" testListId="8c84fa94-04c1-424b-9868-57a2d4851a1d" relativeResultsDirectory="ccfe73a5-3720-4209-a6ba-24a061afe9cb" />
    <UnitTestResult executionId="73715b02-176e-4686-b0b8-592c0abe6ab2" testId="221d7b35-8fee-947e-a1c1-66fdf932a0d6" testName="ExportCommand_ProtectedEntitiesWithoutEncryptSet_Fails" computerName="ICSWS068" duration="00:00:03.7458062" startTime="2016-08-04T10:31:30.7376800+02:00" endTime="2016-08-04T10:31:34.4853294+02:00" testType="13cdc9d9-ddb5-4fa4-a97d-d965ccfc6d4b" outcome="Passed" testListId="8c84fa94-04c1-424b-9868-57a2d4851a1d" relativeResultsDirectory="73715b02-176e-4686-b0b8-592c0abe6ab2" />
    <UnitTestResult executionId="1a47951b-da85-49b1-8e55-ddb8b8ba978a" testId="4554336a-c3ea-8ffc-5677-8e67c73de8a3" testName="ExportCommand_ProtectedEntitiesWithoutEncryptSetAndNoFileOutput_Fails" computerName="ICSWS068" duration="00:00:03.8037843" startTime="2016-08-04T10:31:34.4883314+02:00" endTime="2016-08-04T10:31:38.2941511+02:00" testType="13cdc9d9-ddb5-4fa4-a97d-d965ccfc6d4b" outcome="Passed" testListId="8c84fa94-04c1-424b-9868-57a2d4851a1d" relativeResultsDirectory="1a47951b-da85-49b1-8e55-ddb8b8ba978a" />
    <UnitTestResult executionId="f457a664-454b-4b75-8fbc-9f9c676bb426" testId="75ef756d-764f-696d-ee38-9447f6cf7e51" testName="Invoke_CompileAll_RunsWithNoErrors" computerName="ICSWS068" duration="00:00:33.1494132" startTime="2016-08-04T10:31:38.2976528+02:00" endTime="2016-08-04T10:32:11.4493535+02:00" testType="13cdc9d9-ddb5-4fa4-a97d-d965ccfc6d4b" outcome="Passed" testListId="8c84fa94-04c1-424b-9868-57a2d4851a1d" relativeResultsDirectory="f457a664-454b-4b75-8fbc-9f9c676bb426" />
    <UnitTestResult executionId="c2080b91-746f-4d25-9f0b-c824d9ca4851" testId="bcf22edb-78a8-27c1-8f19-24401709d510" testName="Invoke_CorrectEntityExistsInDb_ReturnsTrue" computerName="ICSWS068" duration="00:00:03.7371961" startTime="2016-08-04T10:32:11.4523549+02:00" endTime="2016-08-04T10:32:15.1912635+02:00" testType="13cdc9d9-ddb5-4fa4-a97d-d965ccfc6d4b" outcome="Passed" testListId="8c84fa94-04c1-424b-9868-57a2d4851a1d" relativeResultsDirectory="c2080b91-746f-4d25-9f0b-c824d9ca4851" />
    <UnitTestResult executionId="b25f5e36-4541-415d-9723-87cb458e4a24" testId="a1c985e6-d811-93d6-0355-d8fd0c9dcd90" testName="Invoke_CorrectEntityExistsWasJustAdded_ReturnsTrue" computerName="ICSWS068" duration="00:00:03.7818948" startTime="2016-08-04T10:32:15.1952663+02:00" endTime="2016-08-04T10:32:18.9782275+02:00" testType="13cdc9d9-ddb5-4fa4-a97d-d965ccfc6d4b" outcome="Passed" testListId="8c84fa94-04c1-424b-9868-57a2d4851a1d" relativeResultsDirectory="b25f5e36-4541-415d-9723-87cb458e4a24" />
    <UnitTestResult executionId="98c13f9f-75b8-4851-b937-2dd6272d2ae2" testId="a3013112-b1ca-b269-6a81-051294c026bd" testName="Invoke_IncorrectIEntity_ExceptionThrown" computerName="ICSWS068" duration="00:00:03.7073831" startTime="2016-08-04T10:32:18.9812304+02:00" endTime="2016-08-04T10:32:22.6898591+02:00" testType="13cdc9d9-ddb5-4fa4-a97d-d965ccfc6d4b" outcome="Passed" testListId="8c84fa94-04c1-424b-9868-57a2d4851a1d" relativeResultsDirectory="98c13f9f-75b8-4851-b937-2dd6272d2ae2" />
    <UnitTestResult executionId="03d7be82-78fc-4425-937f-6b309a048599" testId="82b61948-0b82-42ab-f230-4cbfdeb06d06" testName="Invoke_SubEntityWithUnknownCollection_ExceptionThrown" computerName="ICSWS068" duration="00:00:00.5478012" startTime="2016-08-04T10:32:22.6928608+02:00" endTime="2016-08-04T10:32:23.2425896+02:00" testType="13cdc9d9-ddb5-4fa4-a97d-d965ccfc6d4b" outcome="Passed" testListId="8c84fa94-04c1-424b-9868-57a2d4851a1d" relativeResultsDirectory="03d7be82-78fc-4425-937f-6b309a048599" />
    <UnitTestResult executionId="8a27e7b5-79b7-4f67-b183-903b6cf6ac25" testId="636a6301-411b-0840-51fa-a520f1ce2e9b" testName="ImportEntityCommand_ImporFromFile_Success" computerName="ICSWS068" duration="00:00:04.4527456" startTime="2016-08-04T10:32:23.2455924+02:00" endTime="2016-08-04T10:32:27.7002052+02:00" testType="13cdc9d9-ddb5-4fa4-a97d-d965ccfc6d4b" outcome="Passed" testListId="8c84fa94-04c1-424b-9868-57a2d4851a1d" relativeResultsDirectory="8a27e7b5-79b7-4f67-b183-903b6cf6ac25" />
    <UnitTestResult executionId="08f9c262-0fb7-414f-a40b-b6d959752cde" testId="27286084-99c7-c367-e37a-61afc24952ae" testName="ImportEntityCommand_ImportFromEncryptedFile_Success" computerName="ICSWS068" duration="00:00:06.3959305" startTime="2016-08-04T10:32:27.7032216+02:00" endTime="2016-08-04T10:32:34.1012060+02:00" testType="13cdc9d9-ddb5-4fa4-a97d-d965ccfc6d4b" outcome="Passed" testListId="8c84fa94-04c1-424b-9868-57a2d4851a1d" relativeResultsDirectory="08f9c262-0fb7-414f-a40b-b6d959752cde" />
    <UnitTestResult executionId="e0f450b5-8c52-43cb-8ced-395d9541cbc4" testId="3ed6386a-9bef-b757-98bf-04ac2890b9dc" testName="Reatttach_WrongMasterKey_Throws" computerName="ICSWS068" duration="00:00:05.4625976" startTime="2016-08-04T10:32:34.1047089+02:00" endTime="2016-08-04T10:32:39.5694297+02:00" testType="13cdc9d9-ddb5-4fa4-a97d-d965ccfc6d4b" outcome="Passed" testListId="8c84fa94-04c1-424b-9868-57a2d4851a1d" relativeResultsDirectory="e0f450b5-8c52-43cb-8ced-395d9541cbc4" />
    <UnitTestResult executionId="fb42dc75-6909-4992-a75f-516c94ddbf9a" testId="936765c8-5b1b-013b-22e9-be1ecbfcad63" testName="Reatttach_CorrectInput_RunsWithoutError" computerName="ICSWS068" duration="00:00:06.2568224" startTime="2016-08-04T10:32:39.5724482+02:00" endTime="2016-08-04T10:32:45.8307872+02:00" testType="13cdc9d9-ddb5-4fa4-a97d-d965ccfc6d4b" outcome="Passed" testListId="8c84fa94-04c1-424b-9868-57a2d4851a1d" relativeResultsDirectory="fb42dc75-6909-4992-a75f-516c94ddbf9a" />
  </Results>
  <TestDefinitions>
    <UnitTest name="Invoke_SubEntityCollectionOfTypeT_ReturnsObjectOfTypeT" storage="f:\etwork\bin\tests\sysintgtests.icore.ps.commands.dll" id="2758b630-cbed-244c-98cd-d09d44d82dd1">
      <Execution id="5145a8b4-d528-404e-ab96-2e46c47763c0" />
      <TestMethod codeBase="F:\ETWork\bin\Tests\SysIntgTests.iCore.PS.Commands.dll" adapterTypeName="Microsoft.VisualStudio.TestTools.TestTypes.Unit.UnitTestAdapter" className="IntgTests.iCore.PS.Commands.NewSubEntityCommandTests" name="Invoke_SubEntityCollectionOfTypeT_ReturnsObjectOfTypeT" />
    </UnitTest>
    <UnitTest name="Invoke_SubEntityCollectionOfTypeT_CollectionContainsNewObject" storage="f:\etwork\bin\tests\sysintgtests.icore.ps.commands.dll" id="7a246177-9ad5-4546-a7f6-0e28c854e23a">
      <Execution id="cd4bf922-4cf0-41ef-9a94-a2c8c60e4d88" />
      <TestMethod codeBase="F:\ETWork\bin\Tests\SysIntgTests.iCore.PS.Commands.dll" adapterTypeName="Microsoft.VisualStudio.TestTools.TestTypes.Unit.UnitTestAdapter" className="IntgTests.iCore.PS.Commands.NewSubEntityCommandTests" name="Invoke_SubEntityCollectionOfTypeT_CollectionContainsNewObject" />
    </UnitTest>
    <UnitTest name="Invoke_NonValidEnumerationAsEntityCollection_ExceptionThrown" storage="f:\etwork\bin\tests\sysintgtests.icore.ps.commands.dll" id="4165aefd-6281-1a96-77d0-aaa723fcf396">
      <Execution id="6033372b-86a4-4e45-9092-a267dcd5952a" />
      <TestMethod codeBase="F:\ETWork\bin\Tests\SysIntgTests.iCore.PS.Commands.dll" adapterTypeName="Microsoft.VisualStudio.TestTools.TestTypes.Unit.UnitTestAdapter" className="IntgTests.iCore.PS.Commands.NewSubEntityCommandTests" name="Invoke_NonValidEnumerationAsEntityCollection_ExceptionThrown" />
    </UnitTest>
    <UnitTest name="Invoke_BatchImportWithResponseFileContainsCompConfigAppPools_CompConfigIsImportedWithAppPoolsFromTheResponseFile" storage="f:\etwork\bin\tests\sysintgtests.icore.ps.commands.dll" id="7a5639e7-be0f-ddb6-67fa-3660db6623d0">
      <Execution id="27a85d74-8c52-44b6-b7f4-bbc785a468e9" />
      <TestMethod codeBase="F:\ETWork\bin\Tests\SysIntgTests.iCore.PS.Commands.dll" adapterTypeName="Microsoft.VisualStudio.TestTools.TestTypes.Unit.UnitTestAdapter" className="SysIntgTests.iCore.PS.Commands.BatchImportCommandTests" name="Invoke_BatchImportWithResponseFileContainsCompConfigAppPools_CompConfigIsImportedWithAppPoolsFromTheResponseFile" />
    </UnitTest>
    <UnitTest name="Invoke_BatchImportWithResponseFileContainsCompConfigSecondaryAppPoolSetToNull_CompConfigIsImportedWithSecondaryAppPoolSetToNull" storage="f:\etwork\bin\tests\sysintgtests.icore.ps.commands.dll" id="b46b9fb0-817b-017b-de2a-063c6f7671c1">
      <Execution id="2d992dce-1532-4e58-ad21-c47693db1045" />
      <TestMethod codeBase="F:\ETWork\bin\Tests\SysIntgTests.iCore.PS.Commands.dll" adapterTypeName="Microsoft.VisualStudio.TestTools.TestTypes.Unit.UnitTestAdapter" className="SysIntgTests.iCore.PS.Commands.BatchImportCommandTests" name="Invoke_BatchImportWithResponseFileContainsCompConfigSecondaryAppPoolSetToNull_CompConfigIsImportedWithSecondaryAppPoolSetToNull" />
    </UnitTest>
    <UnitTest name="Invoke_BatchImportPrimarySWithComponentConfigurationAppPoolEqualToSecondaryAppPool_EntityIsNotImported" storage="f:\etwork\bin\tests\sysintgtests.icore.ps.commands.dll" id="e66709a2-6690-0fe1-c076-34317a311d76">
      <Execution id="cbb59286-6b29-4a52-ac53-be96e476584e" />
      <TestMethod codeBase="F:\ETWork\bin\Tests\SysIntgTests.iCore.PS.Commands.dll" adapterTypeName="Microsoft.VisualStudio.TestTools.TestTypes.Unit.UnitTestAdapter" className="SysIntgTests.iCore.PS.Commands.BatchImportCommandTests" name="Invoke_BatchImportPrimarySWithComponentConfigurationAppPoolEqualToSecondaryAppPool_EntityIsNotImported" />
    </UnitTest>
    <UnitTest name="Invoke_RepeatedBatchImportWithResponseFileWithApplicationPools_CompConfigIsImportedWithAppPoolsFromTheLastImport" storage="f:\etwork\bin\tests\sysintgtests.icore.ps.commands.dll" id="6ce1d639-ce79-e44a-61d7-b31c30fe59c9">
      <Execution id="954f9844-aa61-497f-92bf-75d8b236ce09" />
      <TestMethod codeBase="F:\ETWork\bin\Tests\SysIntgTests.iCore.PS.Commands.dll" adapterTypeName="Microsoft.VisualStudio.TestTools.TestTypes.Unit.UnitTestAdapter" className="SysIntgTests.iCore.PS.Commands.BatchImportCommandTests" name="Invoke_RepeatedBatchImportWithResponseFileWithApplicationPools_CompConfigIsImportedWithAppPoolsFromTheLastImport" />
    </UnitTest>
    <UnitTest name="ExportCommand_EntityTypeInput_ValidOutput" storage="f:\etwork\bin\tests\sysintgtests.icore.ps.commands.dll" id="75b17685-3ffc-37a4-21c3-c1f2c34cfb82">
      <TestCategory>
        <TestCategoryItem TestCategory="SystemIntegration" />
      </TestCategory>
      <Execution id="f91c3446-01f7-4927-a65b-ed2ad02d4784" />
      <TestMethod codeBase="F:\ETWork\bin\Tests\SysIntgTests.iCore.PS.Commands.dll" adapterTypeName="Microsoft.VisualStudio.TestTools.TestTypes.Unit.UnitTestAdapter" className="SysIntgTests.iCore.PS.Commands.ExportCommandTests" name="ExportCommand_EntityTypeInput_ValidOutput" />
    </UnitTest>
    <UnitTest name="ExportCommand_EntityInput_ValidOutput" storage="f:\etwork\bin\tests\sysintgtests.icore.ps.commands.dll" id="4f1a64a4-52eb-77d7-ea6e-e3f812b81934">
      <TestCategory>
        <TestCategoryItem TestCategory="SystemIntegration" />
      </TestCategory>
      <Execution id="d783114f-528e-42f8-a7e0-c06a93eadd5d" />
      <TestMethod codeBase="F:\ETWork\bin\Tests\SysIntgTests.iCore.PS.Commands.dll" adapterTypeName="Microsoft.VisualStudio.TestTools.TestTypes.Unit.UnitTestAdapter" className="SysIntgTests.iCore.PS.Commands.ExportCommandTests" name="ExportCommand_EntityInput_ValidOutput" />
    </UnitTest>
    <UnitTest name="ExportCommand_WrongInputType_ThrowsParameterBindingException" storage="f:\etwork\bin\tests\sysintgtests.icore.ps.commands.dll" id="1287d3a9-055d-060d-6dda-88bc4ef7f564">
      <TestCategory>
        <TestCategoryItem TestCategory="SystemIntegration" />
      </TestCategory>
      <Execution id="88937a6c-3354-4896-b482-86d1e1edabf6" />
      <TestMethod codeBase="F:\ETWork\bin\Tests\SysIntgTests.iCore.PS.Commands.dll" adapterTypeName="Microsoft.VisualStudio.TestTools.TestTypes.Unit.UnitTestAdapter" className="SysIntgTests.iCore.PS.Commands.ExportCommandTests" name="ExportCommand_WrongInputType_ThrowsParameterBindingException" />
    </UnitTest>
    <UnitTest name="ExportCommand_BothInputTypesProvided_ThrowsParameterBindingException" storage="f:\etwork\bin\tests\sysintgtests.icore.ps.commands.dll" id="2a16119a-b65a-2390-9db8-a2128cc4a687">
      <TestCategory>
        <TestCategoryItem TestCategory="SystemIntegration" />
      </TestCategory>
      <Execution id="71d293d7-26ff-48e3-b24c-5a65ce3f3fd3" />
      <TestMethod codeBase="F:\ETWork\bin\Tests\SysIntgTests.iCore.PS.Commands.dll" adapterTypeName="Microsoft.VisualStudio.TestTools.TestTypes.Unit.UnitTestAdapter" className="SysIntgTests.iCore.PS.Commands.ExportCommandTests" name="ExportCommand_BothInputTypesProvided_ThrowsParameterBindingException" />
    </UnitTest>
    <UnitTest name="ExportCommand_ExportEncryptedAndFileNameNotSet_ValidOutput" storage="f:\etwork\bin\tests\sysintgtests.icore.ps.commands.dll" id="11f989b4-9076-44f8-e838-aa37fa4ba59e">
      <TestCategory>
        <TestCategoryItem TestCategory="SystemIntegration" />
      </TestCategory>
      <Execution id="5675f0b3-28b3-46a8-8ff9-b134e50f5277" />
      <TestMethod codeBase="F:\ETWork\bin\Tests\SysIntgTests.iCore.PS.Commands.dll" adapterTypeName="Microsoft.VisualStudio.TestTools.TestTypes.Unit.UnitTestAdapter" className="SysIntgTests.iCore.PS.Commands.ExportCommandTests" name="ExportCommand_ExportEncryptedAndFileNameNotSet_ValidOutput" />
    </UnitTest>
    <UnitTest name="ExportCommand_ExportToFile_Success" storage="f:\etwork\bin\tests\sysintgtests.icore.ps.commands.dll" id="f3004343-c79c-b390-7736-77e09bb6d417">
      <TestCategory>
        <TestCategoryItem TestCategory="SystemIntegration" />
      </TestCategory>
      <Execution id="1b445051-0ece-4fc3-8ff4-291b44db4853" />
      <TestMethod codeBase="F:\ETWork\bin\Tests\SysIntgTests.iCore.PS.Commands.dll" adapterTypeName="Microsoft.VisualStudio.TestTools.TestTypes.Unit.UnitTestAdapter" className="SysIntgTests.iCore.PS.Commands.ExportCommandTests" name="ExportCommand_ExportToFile_Success" />
    </UnitTest>
    <UnitTest name="ExportCommand_ExportToEncryptedFilePasswordLessThan6Characters_Fails" storage="f:\etwork\bin\tests\sysintgtests.icore.ps.commands.dll" id="957cb733-36a9-79ca-fd74-f99f0e0580e4">
      <TestCategory>
        <TestCategoryItem TestCategory="SystemIntegration" />
      </TestCategory>
      <Execution id="d8c4219a-3f71-4f91-8abc-89a59694a0f8" />
      <TestMethod codeBase="F:\ETWork\bin\Tests\SysIntgTests.iCore.PS.Commands.dll" adapterTypeName="Microsoft.VisualStudio.TestTools.TestTypes.Unit.UnitTestAdapter" className="SysIntgTests.iCore.PS.Commands.ExportCommandTests" name="ExportCommand_ExportToEncryptedFilePasswordLessThan6Characters_Fails" />
    </UnitTest>
    <UnitTest name="ExportCommand_ExportToEncryptedFilePasswordValid_Success" storage="f:\etwork\bin\tests\sysintgtests.icore.ps.commands.dll" id="b10f5d58-9a90-7c45-618e-b0aac8209ba0">
      <TestCategory>
        <TestCategoryItem TestCategory="SystemIntegration" />
      </TestCategory>
      <Execution id="14f41b04-5903-4d3a-b792-c450c9ca325e" />
      <TestMethod codeBase="F:\ETWork\bin\Tests\SysIntgTests.iCore.PS.Commands.dll" adapterTypeName="Microsoft.VisualStudio.TestTools.TestTypes.Unit.UnitTestAdapter" className="SysIntgTests.iCore.PS.Commands.ExportCommandTests" name="ExportCommand_ExportToEncryptedFilePasswordValid_Success" />
    </UnitTest>
    <UnitTest name="ExportCommand_ProtectedEntitiesWithEncryptSet_Success" storage="f:\etwork\bin\tests\sysintgtests.icore.ps.commands.dll" id="b59f1831-8eac-c03c-13ed-fa415ad1a4e9">
      <TestCategory>
        <TestCategoryItem TestCategory="SystemIntegration" />
      </TestCategory>
      <Execution id="ccfe73a5-3720-4209-a6ba-24a061afe9cb" />
      <TestMethod codeBase="F:\ETWork\bin\Tests\SysIntgTests.iCore.PS.Commands.dll" adapterTypeName="Microsoft.VisualStudio.TestTools.TestTypes.Unit.UnitTestAdapter" className="SysIntgTests.iCore.PS.Commands.ExportCommandTests" name="ExportCommand_ProtectedEntitiesWithEncryptSet_Success" />
    </UnitTest>
    <UnitTest name="ExportCommand_ProtectedEntitiesWithoutEncryptSet_Fails" storage="f:\etwork\bin\tests\sysintgtests.icore.ps.commands.dll" id="221d7b35-8fee-947e-a1c1-66fdf932a0d6">
      <TestCategory>
        <TestCategoryItem TestCategory="SystemIntegration" />
      </TestCategory>
      <Execution id="73715b02-176e-4686-b0b8-592c0abe6ab2" />
      <TestMethod codeBase="F:\ETWork\bin\Tests\SysIntgTests.iCore.PS.Commands.dll" adapterTypeName="Microsoft.VisualStudio.TestTools.TestTypes.Unit.UnitTestAdapter" className="SysIntgTests.iCore.PS.Commands.ExportCommandTests" name="ExportCommand_ProtectedEntitiesWithoutEncryptSet_Fails" />
    </UnitTest>
    <UnitTest name="ExportCommand_ProtectedEntitiesWithoutEncryptSetAndNoFileOutput_Fails" storage="f:\etwork\bin\tests\sysintgtests.icore.ps.commands.dll" id="4554336a-c3ea-8ffc-5677-8e67c73de8a3">
      <TestCategory>
        <TestCategoryItem TestCategory="SystemIntegration" />
      </TestCategory>
      <Execution id="1a47951b-da85-49b1-8e55-ddb8b8ba978a" />
      <TestMethod codeBase="F:\ETWork\bin\Tests\SysIntgTests.iCore.PS.Commands.dll" adapterTypeName="Microsoft.VisualStudio.TestTools.TestTypes.Unit.UnitTestAdapter" className="SysIntgTests.iCore.PS.Commands.ExportCommandTests" name="ExportCommand_ProtectedEntitiesWithoutEncryptSetAndNoFileOutput_Fails" />
    </UnitTest>
    <UnitTest name="Invoke_CompileAll_RunsWithNoErrors" storage="f:\etwork\bin\tests\sysintgtests.icore.ps.commands.dll" id="75ef756d-764f-696d-ee38-9447f6cf7e51">
      <Execution id="f457a664-454b-4b75-8fbc-9f9c676bb426" />
      <TestMethod codeBase="F:\ETWork\bin\Tests\SysIntgTests.iCore.PS.Commands.dll" adapterTypeName="Microsoft.VisualStudio.TestTools.TestTypes.Unit.UnitTestAdapter" className="SysIntgTests.iCore.PS.Commands.BuildWebServiceCommandTests" name="Invoke_CompileAll_RunsWithNoErrors" />
    </UnitTest>
    <UnitTest name="Invoke_CorrectEntityExistsInDb_ReturnsTrue" storage="f:\etwork\bin\tests\sysintgtests.icore.ps.commands.dll" id="bcf22edb-78a8-27c1-8f19-24401709d510">
      <Execution id="c2080b91-746f-4d25-9f0b-c824d9ca4851" />
      <TestMethod codeBase="F:\ETWork\bin\Tests\SysIntgTests.iCore.PS.Commands.dll" adapterTypeName="Microsoft.VisualStudio.TestTools.TestTypes.Unit.UnitTestAdapter" className="SysIntgTests.iCore.PS.Commands.RemoveSubEntityCommandTests" name="Invoke_CorrectEntityExistsInDb_ReturnsTrue" />
    </UnitTest>
    <UnitTest name="Invoke_CorrectEntityExistsWasJustAdded_ReturnsTrue" storage="f:\etwork\bin\tests\sysintgtests.icore.ps.commands.dll" id="a1c985e6-d811-93d6-0355-d8fd0c9dcd90">
      <Execution id="b25f5e36-4541-415d-9723-87cb458e4a24" />
      <TestMethod codeBase="F:\ETWork\bin\Tests\SysIntgTests.iCore.PS.Commands.dll" adapterTypeName="Microsoft.VisualStudio.TestTools.TestTypes.Unit.UnitTestAdapter" className="SysIntgTests.iCore.PS.Commands.RemoveSubEntityCommandTests" name="Invoke_CorrectEntityExistsWasJustAdded_ReturnsTrue" />
    </UnitTest>
    <UnitTest name="Invoke_IncorrectIEntity_ExceptionThrown" storage="f:\etwork\bin\tests\sysintgtests.icore.ps.commands.dll" id="a3013112-b1ca-b269-6a81-051294c026bd">
      <Execution id="98c13f9f-75b8-4851-b937-2dd6272d2ae2" />
      <TestMethod codeBase="F:\ETWork\bin\Tests\SysIntgTests.iCore.PS.Commands.dll" adapterTypeName="Microsoft.VisualStudio.TestTools.TestTypes.Unit.UnitTestAdapter" className="SysIntgTests.iCore.PS.Commands.RemoveSubEntityCommandTests" name="Invoke_IncorrectIEntity_ExceptionThrown" />
    </UnitTest>
    <UnitTest name="Invoke_SubEntityWithUnknownCollection_ExceptionThrown" storage="f:\etwork\bin\tests\sysintgtests.icore.ps.commands.dll" id="82b61948-0b82-42ab-f230-4cbfdeb06d06">
      <Execution id="03d7be82-78fc-4425-937f-6b309a048599" />
      <TestMethod codeBase="F:\ETWork\bin\Tests\SysIntgTests.iCore.PS.Commands.dll" adapterTypeName="Microsoft.VisualStudio.TestTools.TestTypes.Unit.UnitTestAdapter" className="SysIntgTests.iCore.PS.Commands.RemoveSubEntityCommandTests" name="Invoke_SubEntityWithUnknownCollection_ExceptionThrown" />
    </UnitTest>
    <UnitTest name="ImportEntityCommand_ImporFromFile_Success" storage="f:\etwork\bin\tests\sysintgtests.icore.ps.commands.dll" id="636a6301-411b-0840-51fa-a520f1ce2e9b">
      <TestCategory>
        <TestCategoryItem TestCategory="SystemIntegration" />
      </TestCategory>
      <Execution id="8a27e7b5-79b7-4f67-b183-903b6cf6ac25" />
      <TestMethod codeBase="F:\ETWork\bin\Tests\SysIntgTests.iCore.PS.Commands.dll" adapterTypeName="Microsoft.VisualStudio.TestTools.TestTypes.Unit.UnitTestAdapter" className="SysIntgTests.iCore.PS.Commands.ImportEntityCommandTests" name="ImportEntityCommand_ImporFromFile_Success" />
    </UnitTest>
    <UnitTest name="ImportEntityCommand_ImportFromEncryptedFile_Success" storage="f:\etwork\bin\tests\sysintgtests.icore.ps.commands.dll" id="27286084-99c7-c367-e37a-61afc24952ae">
      <TestCategory>
        <TestCategoryItem TestCategory="SystemIntegration" />
      </TestCategory>
      <Execution id="08f9c262-0fb7-414f-a40b-b6d959752cde" />
      <TestMethod codeBase="F:\ETWork\bin\Tests\SysIntgTests.iCore.PS.Commands.dll" adapterTypeName="Microsoft.VisualStudio.TestTools.TestTypes.Unit.UnitTestAdapter" className="SysIntgTests.iCore.PS.Commands.ImportEntityCommandTests" name="ImportEntityCommand_ImportFromEncryptedFile_Success" />
    </UnitTest>
    <UnitTest name="Reatttach_WrongMasterKey_Throws" storage="f:\etwork\bin\tests\sysintgtests.icore.ps.commands.dll" id="3ed6386a-9bef-b757-98bf-04ac2890b9dc">
      <TestCategory>
        <TestCategoryItem TestCategory="SystemIntegration" />
      </TestCategory>
      <Execution id="e0f450b5-8c52-43cb-8ced-395d9541cbc4" />
      <TestMethod codeBase="F:\ETWork\bin\Tests\SysIntgTests.iCore.PS.Commands.dll" adapterTypeName="Microsoft.VisualStudio.TestTools.TestTypes.Unit.UnitTestAdapter" className="SysIntgTests.iCore.PS.Commands.ReattachSystemCommandTests" name="Reatttach_WrongMasterKey_Throws" />
    </UnitTest>
    <UnitTest name="Reatttach_CorrectInput_RunsWithoutError" storage="f:\etwork\bin\tests\sysintgtests.icore.ps.commands.dll" id="936765c8-5b1b-013b-22e9-be1ecbfcad63">
      <TestCategory>
        <TestCategoryItem TestCategory="SystemIntegration" />
      </TestCategory>
      <Execution id="fb42dc75-6909-4992-a75f-516c94ddbf9a" />
      <TestMethod codeBase="F:\ETWork\bin\Tests\SysIntgTests.iCore.PS.Commands.dll" adapterTypeName="Microsoft.VisualStudio.TestTools.TestTypes.Unit.UnitTestAdapter" className="SysIntgTests.iCore.PS.Commands.ReattachSystemCommandTests" name="Reatttach_CorrectInput_RunsWithoutError" />
    </UnitTest>
  </TestDefinitions>
  <TestEntries>
    <TestEntry testId="2758b630-cbed-244c-98cd-d09d44d82dd1" executionId="5145a8b4-d528-404e-ab96-2e46c47763c0" testListId="8c84fa94-04c1-424b-9868-57a2d4851a1d" />
    <TestEntry testId="7a246177-9ad5-4546-a7f6-0e28c854e23a" executionId="cd4bf922-4cf0-41ef-9a94-a2c8c60e4d88" testListId="8c84fa94-04c1-424b-9868-57a2d4851a1d" />
    <TestEntry testId="4165aefd-6281-1a96-77d0-aaa723fcf396" executionId="6033372b-86a4-4e45-9092-a267dcd5952a" testListId="8c84fa94-04c1-424b-9868-57a2d4851a1d" />
    <TestEntry testId="7a5639e7-be0f-ddb6-67fa-3660db6623d0" executionId="27a85d74-8c52-44b6-b7f4-bbc785a468e9" testListId="8c84fa94-04c1-424b-9868-57a2d4851a1d" />
    <TestEntry testId="b46b9fb0-817b-017b-de2a-063c6f7671c1" executionId="2d992dce-1532-4e58-ad21-c47693db1045" testListId="8c84fa94-04c1-424b-9868-57a2d4851a1d" />
    <TestEntry testId="e66709a2-6690-0fe1-c076-34317a311d76" executionId="cbb59286-6b29-4a52-ac53-be96e476584e" testListId="8c84fa94-04c1-424b-9868-57a2d4851a1d" />
    <TestEntry testId="6ce1d639-ce79-e44a-61d7-b31c30fe59c9" executionId="954f9844-aa61-497f-92bf-75d8b236ce09" testListId="8c84fa94-04c1-424b-9868-57a2d4851a1d" />
    <TestEntry testId="75b17685-3ffc-37a4-21c3-c1f2c34cfb82" executionId="f91c3446-01f7-4927-a65b-ed2ad02d4784" testListId="8c84fa94-04c1-424b-9868-57a2d4851a1d" />
    <TestEntry testId="4f1a64a4-52eb-77d7-ea6e-e3f812b81934" executionId="d783114f-528e-42f8-a7e0-c06a93eadd5d" testListId="8c84fa94-04c1-424b-9868-57a2d4851a1d" />
    <TestEntry testId="1287d3a9-055d-060d-6dda-88bc4ef7f564" executionId="88937a6c-3354-4896-b482-86d1e1edabf6" testListId="8c84fa94-04c1-424b-9868-57a2d4851a1d" />
    <TestEntry testId="2a16119a-b65a-2390-9db8-a2128cc4a687" executionId="71d293d7-26ff-48e3-b24c-5a65ce3f3fd3" testListId="8c84fa94-04c1-424b-9868-57a2d4851a1d" />
    <TestEntry testId="11f989b4-9076-44f8-e838-aa37fa4ba59e" executionId="5675f0b3-28b3-46a8-8ff9-b134e50f5277" testListId="8c84fa94-04c1-424b-9868-57a2d4851a1d" />
    <TestEntry testId="f3004343-c79c-b390-7736-77e09bb6d417" executionId="1b445051-0ece-4fc3-8ff4-291b44db4853" testListId="8c84fa94-04c1-424b-9868-57a2d4851a1d" />
    <TestEntry testId="957cb733-36a9-79ca-fd74-f99f0e0580e4" executionId="d8c4219a-3f71-4f91-8abc-89a59694a0f8" testListId="8c84fa94-04c1-424b-9868-57a2d4851a1d" />
    <TestEntry testId="b10f5d58-9a90-7c45-618e-b0aac8209ba0" executionId="14f41b04-5903-4d3a-b792-c450c9ca325e" testListId="8c84fa94-04c1-424b-9868-57a2d4851a1d" />
    <TestEntry testId="b59f1831-8eac-c03c-13ed-fa415ad1a4e9" executionId="ccfe73a5-3720-4209-a6ba-24a061afe9cb" testListId="8c84fa94-04c1-424b-9868-57a2d4851a1d" />
    <TestEntry testId="221d7b35-8fee-947e-a1c1-66fdf932a0d6" executionId="73715b02-176e-4686-b0b8-592c0abe6ab2" testListId="8c84fa94-04c1-424b-9868-57a2d4851a1d" />
    <TestEntry testId="4554336a-c3ea-8ffc-5677-8e67c73de8a3" executionId="1a47951b-da85-49b1-8e55-ddb8b8ba978a" testListId="8c84fa94-04c1-424b-9868-57a2d4851a1d" />
    <TestEntry testId="75ef756d-764f-696d-ee38-9447f6cf7e51" executionId="f457a664-454b-4b75-8fbc-9f9c676bb426" testListId="8c84fa94-04c1-424b-9868-57a2d4851a1d" />
    <TestEntry testId="bcf22edb-78a8-27c1-8f19-24401709d510" executionId="c2080b91-746f-4d25-9f0b-c824d9ca4851" testListId="8c84fa94-04c1-424b-9868-57a2d4851a1d" />
    <TestEntry testId="a1c985e6-d811-93d6-0355-d8fd0c9dcd90" executionId="b25f5e36-4541-415d-9723-87cb458e4a24" testListId="8c84fa94-04c1-424b-9868-57a2d4851a1d" />
    <TestEntry testId="a3013112-b1ca-b269-6a81-051294c026bd" executionId="98c13f9f-75b8-4851-b937-2dd6272d2ae2" testListId="8c84fa94-04c1-424b-9868-57a2d4851a1d" />
    <TestEntry testId="82b61948-0b82-42ab-f230-4cbfdeb06d06" executionId="03d7be82-78fc-4425-937f-6b309a048599" testListId="8c84fa94-04c1-424b-9868-57a2d4851a1d" />
    <TestEntry testId="636a6301-411b-0840-51fa-a520f1ce2e9b" executionId="8a27e7b5-79b7-4f67-b183-903b6cf6ac25" testListId="8c84fa94-04c1-424b-9868-57a2d4851a1d" />
    <TestEntry testId="27286084-99c7-c367-e37a-61afc24952ae" executionId="08f9c262-0fb7-414f-a40b-b6d959752cde" testListId="8c84fa94-04c1-424b-9868-57a2d4851a1d" />
    <TestEntry testId="3ed6386a-9bef-b757-98bf-04ac2890b9dc" executionId="e0f450b5-8c52-43cb-8ced-395d9541cbc4" testListId="8c84fa94-04c1-424b-9868-57a2d4851a1d" />
    <TestEntry testId="936765c8-5b1b-013b-22e9-be1ecbfcad63" executionId="fb42dc75-6909-4992-a75f-516c94ddbf9a" testListId="8c84fa94-04c1-424b-9868-57a2d4851a1d" />
  </TestEntries>
  <TestLists>
    <TestList name="Results Not in a List" id="8c84fa94-04c1-424b-9868-57a2d4851a1d" />
    <TestList name="All Loaded Results" id="19431567-8539-422a-85d7-44ee4e166bda" />
  </TestLists>
  <ResultSummary outcome="Completed">
    <Counters total="27" executed="27" passed="27" failed="0" error="0" timeout="0" aborted="0" inconclusive="0" passedButRunAborted="0" notRunnable="0" notExecuted="0" disconnected="0" warning="0" completed="0" inProgress="0" pending="0" />
    <RunInfos>
      <RunInfo computerName="ICSWS068" outcome="Warning" timestamp="2016-08-04T10:32:47.5211294+02:00">
        <Text>Warning: Test Run deployment issue: The assembly or module 'Microsoft.IdentityModel.Clients.ActiveDirectory' directly or indirectly referenced by the test container 'f:\etwork\bin\tests\sysintgtests.icore.ps.commands.dll' was not found.</Text>
      </RunInfo>
      <RunInfo computerName="ICSWS068" outcome="Warning" timestamp="2016-08-04T10:32:47.5236317+02:00">
        <Text>Warning: Test Run deployment issue: The assembly or module 'Microsoft.ServiceBus' directly or indirectly referenced by the test container 'f:\etwork\bin\tests\sysintgtests.icore.ps.commands.dll' was not found.</Text>
      </RunInfo>
    </RunInfos>
  </ResultSummary>
</TestRun>