<?xml version="1.0" encoding="UTF-8"?>
<TestRun id="b5b49d7f-0df1-4c7e-8859-dc20fe67235b" name="bacemi@ICSWS068 2016-08-04 09:54:44" runUser="ICORE\bacemi" xmlns="http://microsoft.com/schemas/VisualStudio/TeamTest/2010">
  <Times creation="2016-08-04T09:54:44.1096546+02:00" queuing="2016-08-04T09:54:44.1096546+02:00" start="2016-08-04T09:54:39.3965476+02:00" finish="2016-08-04T09:55:21.3804297+02:00" />
  <TestSettings name="default" id="6cca7142-843e-4550-b6c2-2c844688f86e">
    <Execution>
      <TestTypeSpecific />
    </Execution>
    <Deployment runDeploymentRoot="bacemi_ICSWS068 2016-08-04 09_54_44" />
    <Properties />
  </TestSettings>
  <Results>
    <UnitTestResult executionId="ab7e2d15-3871-4e33-9db3-7427e7e6dd6b" testId="4d71b0f1-3133-6070-adcd-1512e0a71c59" testName="GetiCoreWebAdminUser_ExistingSiteWithUsers_ReturnsCorrectUsers" computerName="ICSWS068" duration="00:00:04.4292881" startTime="2016-08-04T09:54:39.3965476+02:00" endTime="2016-08-04T09:54:44.0342057+02:00" testType="13cdc9d9-ddb5-4fa4-a97d-d965ccfc6d4b" outcome="Passed" testListId="8c84fa94-04c1-424b-9868-57a2d4851a1d" relativeResultsDirectory="ab7e2d15-3871-4e33-9db3-7427e7e6dd6b" />
    <UnitTestResult executionId="ca79b92a-e54c-4e0b-86ba-5fe1d20bd970" testId="0597be01-a33b-747b-83ce-d701da0ab990" testName="GetiCoreWebAdminUser_NonExistingSite_ReturnsError" computerName="ICSWS068" duration="00:00:00.6959883" startTime="2016-08-04T09:54:44.0382095+02:00" endTime="2016-08-04T09:54:44.7355650+02:00" testType="13cdc9d9-ddb5-4fa4-a97d-d965ccfc6d4b" outcome="Passed" testListId="8c84fa94-04c1-424b-9868-57a2d4851a1d" relativeResultsDirectory="ca79b92a-e54c-4e0b-86ba-5fe1d20bd970" />
    <UnitTestResult executionId="836cea51-dc16-4b21-9897-c5ad681d7465" testId="077fe0ec-d80e-8e8c-9e7e-766194a2d0a0" testName="GetiCoreWebAdminRole_ExistingSiteWithRoles_ReturnsCorrectUsers" computerName="ICSWS068" duration="00:00:00.9423092" startTime="2016-08-04T09:54:44.7385679+02:00" endTime="2016-08-04T09:54:45.6823926+02:00" testType="13cdc9d9-ddb5-4fa4-a97d-d965ccfc6d4b" outcome="Passed" testListId="8c84fa94-04c1-424b-9868-57a2d4851a1d" relativeResultsDirectory="836cea51-dc16-4b21-9897-c5ad681d7465" />
    <UnitTestResult executionId="9807dc83-1ed7-474f-a05a-778d58e01590" testId="f019f785-8266-f710-7574-75fb218f0055" testName="GetiCoreWebAdminRole_NonExistingSite_ReturnsError" computerName="ICSWS068" duration="00:00:00.6487806" startTime="2016-08-04T09:54:45.6848973+02:00" endTime="2016-08-04T09:54:46.3353135+02:00" testType="13cdc9d9-ddb5-4fa4-a97d-d965ccfc6d4b" outcome="Passed" testListId="8c84fa94-04c1-424b-9868-57a2d4851a1d" relativeResultsDirectory="9807dc83-1ed7-474f-a05a-778d58e01590" />
    <UnitTestResult executionId="fd3a7e4b-8c84-4389-ba04-fddfafce1706" testId="ec729207-8501-27b1-21df-be4f44afe2e5" testName="NewiCoreWebAdminRole_ExistingSiteWithRoles_SucceedsAndAddsRole" computerName="ICSWS068" duration="00:00:00.9323482" startTime="2016-08-04T09:54:46.3383252+02:00" endTime="2016-08-04T09:54:47.2721313+02:00" testType="13cdc9d9-ddb5-4fa4-a97d-d965ccfc6d4b" outcome="Passed" testListId="8c84fa94-04c1-424b-9868-57a2d4851a1d" relativeResultsDirectory="fd3a7e4b-8c84-4389-ba04-fddfafce1706" />
    <UnitTestResult executionId="d97d057b-3fe0-4ab0-aca3-9f55c2ad2405" testId="80642124-5b93-7732-aac3-a787d323ba4a" testName="NewiCoreWebAdminRole_NonExistingSite_Fails" computerName="ICSWS068" duration="00:00:00.8751249" startTime="2016-08-04T09:54:47.2751353+02:00" endTime="2016-08-04T09:54:48.1519207+02:00" testType="13cdc9d9-ddb5-4fa4-a97d-d965ccfc6d4b" outcome="Passed" testListId="8c84fa94-04c1-424b-9868-57a2d4851a1d" relativeResultsDirectory="d97d057b-3fe0-4ab0-aca3-9f55c2ad2405" />
    <UnitTestResult executionId="1685e25e-2614-4f1c-b9cd-e47fb34c7a6d" testId="5ed6c3c6-ba43-085e-c4df-fb27443d7791" testName="NewiCoreWebAdminRole_DuplicateRoleName_Fails" computerName="ICSWS068" duration="00:00:00.8679330" startTime="2016-08-04T09:54:48.1544230+02:00" endTime="2016-08-04T09:54:49.0236936+02:00" testType="13cdc9d9-ddb5-4fa4-a97d-d965ccfc6d4b" outcome="Passed" testListId="8c84fa94-04c1-424b-9868-57a2d4851a1d" relativeResultsDirectory="1685e25e-2614-4f1c-b9cd-e47fb34c7a6d" />
    <UnitTestResult executionId="9714e2cd-df6a-4828-af21-711eb4458409" testId="4937279a-e1d8-d3dd-dd3d-bbd6a83e6d5a" testName="NewiCoreWebAdminUser_ExistingSite_SucceedsAndAddsUserCorrectlyButUserCannotLoginWithoutRole" computerName="ICSWS068" duration="00:00:01.0210138" startTime="2016-08-04T09:54:49.0271962+02:00" endTime="2016-08-04T09:54:50.0500374+02:00" testType="13cdc9d9-ddb5-4fa4-a97d-d965ccfc6d4b" outcome="Passed" testListId="8c84fa94-04c1-424b-9868-57a2d4851a1d" relativeResultsDirectory="9714e2cd-df6a-4828-af21-711eb4458409" />
    <UnitTestResult executionId="44941d97-1bc1-4437-bc9e-fb5631522a79" testId="ccce200c-85c2-635d-8be7-7284efa1b221" testName="NewiCoreWebAdminUser_NonExistingSite_Fails" computerName="ICSWS068" duration="00:00:00.8717364" startTime="2016-08-04T09:54:50.0530456+02:00" endTime="2016-08-04T09:54:50.9261034+02:00" testType="13cdc9d9-ddb5-4fa4-a97d-d965ccfc6d4b" outcome="Passed" testListId="8c84fa94-04c1-424b-9868-57a2d4851a1d" relativeResultsDirectory="44941d97-1bc1-4437-bc9e-fb5631522a79" />
    <UnitTestResult executionId="940c6837-1e1f-4685-bc94-e4f4a73af929" testId="1952aa32-5b32-88a0-55be-db620e444d7f" testName="NewiCoreWebAdminUser_DuplicateUserName_Fails" computerName="ICSWS068" duration="00:00:00.8815728" startTime="2016-08-04T09:54:50.9291066+02:00" endTime="2016-08-04T09:54:51.8112555+02:00" testType="13cdc9d9-ddb5-4fa4-a97d-d965ccfc6d4b" outcome="Passed" testListId="8c84fa94-04c1-424b-9868-57a2d4851a1d" relativeResultsDirectory="940c6837-1e1f-4685-bc94-e4f4a73af929" />
    <UnitTestResult executionId="483bea95-854c-46b1-a739-efe80a1d5ea7" testId="964eebf1-9927-93cf-f9ca-737c8bd7a85f" testName="AddiCoreWebAdminRoleMember_AddUserToRoleInExistingSite_SucceedsAndAddsUserToRole" computerName="ICSWS068" duration="00:00:01.0298828" startTime="2016-08-04T09:54:51.8145945+02:00" endTime="2016-08-04T09:54:52.8458863+02:00" testType="13cdc9d9-ddb5-4fa4-a97d-d965ccfc6d4b" outcome="Passed" testListId="8c84fa94-04c1-424b-9868-57a2d4851a1d" relativeResultsDirectory="483bea95-854c-46b1-a739-efe80a1d5ea7" />
    <UnitTestResult executionId="e1d16e9f-cb67-49ca-9d9f-4e3b80d467f7" testId="023c61d6-86e9-9900-0767-fed477b82048" testName="AddiCoreWebAdminRoleMember_AddUserToRoleInNonExistingSite_Fails" computerName="ICSWS068" duration="00:00:00.9815529" startTime="2016-08-04T09:54:52.8493889+02:00" endTime="2016-08-04T09:54:53.8322382+02:00" testType="13cdc9d9-ddb5-4fa4-a97d-d965ccfc6d4b" outcome="Passed" testListId="8c84fa94-04c1-424b-9868-57a2d4851a1d" relativeResultsDirectory="e1d16e9f-cb67-49ca-9d9f-4e3b80d467f7" />
    <UnitTestResult executionId="31a97fdc-1ac0-48b0-8fc3-8e79fef628c1" testId="a49e02f9-d684-9e85-dddb-36a2555a6b85" testName="AddiCoreWebAdminRoleMember_AddUserToRoleItIsAlreadyAMemberOf_Fails" computerName="ICSWS068" duration="00:00:00.8785902" startTime="2016-08-04T09:54:53.8352405+02:00" endTime="2016-08-04T09:54:54.7153759+02:00" testType="13cdc9d9-ddb5-4fa4-a97d-d965ccfc6d4b" outcome="Passed" testListId="8c84fa94-04c1-424b-9868-57a2d4851a1d" relativeResultsDirectory="31a97fdc-1ac0-48b0-8fc3-8e79fef628c1" />
    <UnitTestResult executionId="2d027087-9cef-4cba-b8c2-6aefd352d632" testId="b5662d0b-e229-1bcb-df85-ec9d1b17aee6" testName="AddiCoreWebAdminRoleMember_AddUserToNonExistingRole_Fails" computerName="ICSWS068" duration="00:00:00.8722736" startTime="2016-08-04T09:54:54.7183779+02:00" endTime="2016-08-04T09:54:55.5916616+02:00" testType="13cdc9d9-ddb5-4fa4-a97d-d965ccfc6d4b" outcome="Passed" testListId="8c84fa94-04c1-424b-9868-57a2d4851a1d" relativeResultsDirectory="2d027087-9cef-4cba-b8c2-6aefd352d632" />
    <UnitTestResult executionId="fcb42655-d860-4be6-ac9f-4cf1fbf92667" testId="d4ffbdb5-ac1b-1600-3549-60aa53f456c2" testName="AddiCoreWebAdminRoleMember_AddNonExistingUserToExistingRole_Fails" computerName="ICSWS068" duration="00:00:00.8723402" startTime="2016-08-04T09:54:55.5956815+02:00" endTime="2016-08-04T09:54:56.4694748+02:00" testType="13cdc9d9-ddb5-4fa4-a97d-d965ccfc6d4b" outcome="Passed" testListId="8c84fa94-04c1-424b-9868-57a2d4851a1d" relativeResultsDirectory="fcb42655-d860-4be6-ac9f-4cf1fbf92667" />
    <UnitTestResult executionId="f3309f71-9bfa-4544-86d7-884f4c717f5f" testId="84601c42-e704-b633-e9f6-646a36a42864" testName="AddiCoreWebAdminRoleMember_AddWindowsIdentityToRoleInExistingSite_SucceedsAndAddsUserToRole" computerName="ICSWS068" duration="00:00:00.8852378" startTime="2016-08-04T09:54:56.4739739+02:00" endTime="2016-08-04T09:54:57.3603964+02:00" testType="13cdc9d9-ddb5-4fa4-a97d-d965ccfc6d4b" outcome="Passed" testListId="8c84fa94-04c1-424b-9868-57a2d4851a1d" relativeResultsDirectory="f3309f71-9bfa-4544-86d7-884f4c717f5f" />
    <UnitTestResult executionId="ecab48cc-9a06-436a-bffa-2b5e5d44a95a" testId="7e51c0ee-d899-aecc-09b6-364c10643e98" testName="AddiCoreWebAdminRoleMember_AddWindowsIdentityToRoleInNonExistingSite_Fails" computerName="ICSWS068" duration="00:00:00.8739176" startTime="2016-08-04T09:54:57.3638913+02:00" endTime="2016-08-04T09:54:58.2396090+02:00" testType="13cdc9d9-ddb5-4fa4-a97d-d965ccfc6d4b" outcome="Passed" testListId="8c84fa94-04c1-424b-9868-57a2d4851a1d" relativeResultsDirectory="ecab48cc-9a06-436a-bffa-2b5e5d44a95a" />
    <UnitTestResult executionId="697763b1-beb9-4ff6-ba12-5d2c3dc41884" testId="39b4ab8a-0e10-b52c-796d-86ce7fdd052f" testName="AddiCoreWebAdminRoleMember_AddWindowsIdentityToRoleItIsAlreadyAMemberOf_Fails" computerName="ICSWS068" duration="00:00:00.9026626" startTime="2016-08-04T09:54:58.2424679+02:00" endTime="2016-08-04T09:54:59.1464792+02:00" testType="13cdc9d9-ddb5-4fa4-a97d-d965ccfc6d4b" outcome="Passed" testListId="8c84fa94-04c1-424b-9868-57a2d4851a1d" relativeResultsDirectory="697763b1-beb9-4ff6-ba12-5d2c3dc41884" />
    <UnitTestResult executionId="2661338e-2654-428d-8862-8c425649e871" testId="6ffecaac-bfe0-ac8b-f7e6-f6ef1498b2c4" testName="AddiCoreWebAdminRoleMember_AddWindowsIdentityToNonExistingRole_Fails" computerName="ICSWS068" duration="00:00:00.9188901" startTime="2016-08-04T09:54:59.1494820+02:00" endTime="2016-08-04T09:55:00.0699664+02:00" testType="13cdc9d9-ddb5-4fa4-a97d-d965ccfc6d4b" outcome="Passed" testListId="8c84fa94-04c1-424b-9868-57a2d4851a1d" relativeResultsDirectory="2661338e-2654-428d-8862-8c425649e871" />
    <UnitTestResult executionId="bfb18b4e-b63b-4f05-95c6-ff986e722b7a" testId="6c62cedc-40c1-2cdf-970a-1bfcbd583633" testName="GetiCoreWebAdminRoleMember_ExistingSiteWithUsers_ReturnsCorrectUsers" computerName="ICSWS068" duration="00:00:00.9941520" startTime="2016-08-04T09:55:00.0736734+02:00" endTime="2016-08-04T09:55:01.0691658+02:00" testType="13cdc9d9-ddb5-4fa4-a97d-d965ccfc6d4b" outcome="Passed" testListId="8c84fa94-04c1-424b-9868-57a2d4851a1d" relativeResultsDirectory="bfb18b4e-b63b-4f05-95c6-ff986e722b7a" />
    <UnitTestResult executionId="10044e49-352d-4f45-a09d-14aa92a18260" testId="32047c9e-73fd-a60a-2b9d-7929c807a8e8" testName="GetiCoreWebAdminRoleMember_NonExistingSite_Fails" computerName="ICSWS068" duration="00:00:00.8866824" startTime="2016-08-04T09:55:01.0721740+02:00" endTime="2016-08-04T09:55:01.9606685+02:00" testType="13cdc9d9-ddb5-4fa4-a97d-d965ccfc6d4b" outcome="Passed" testListId="8c84fa94-04c1-424b-9868-57a2d4851a1d" relativeResultsDirectory="10044e49-352d-4f45-a09d-14aa92a18260" />
    <UnitTestResult executionId="c1c6cd88-e85d-4cc4-86a0-6730b7e3f704" testId="ffc85818-e2dd-02a2-fdc4-546b05decf7f" testName="GetiCoreWebAdminRoleMember_NonExistingRole_Fails" computerName="ICSWS068" duration="00:00:00.8923802" startTime="2016-08-04T09:55:01.9640814+02:00" endTime="2016-08-04T09:55:02.8580650+02:00" testType="13cdc9d9-ddb5-4fa4-a97d-d965ccfc6d4b" outcome="Passed" testListId="8c84fa94-04c1-424b-9868-57a2d4851a1d" relativeResultsDirectory="c1c6cd88-e85d-4cc4-86a0-6730b7e3f704" />
    <UnitTestResult executionId="d8365e71-e5e3-423e-b338-34f1ef0e2e05" testId="b0656655-5144-bbf2-7059-c9887270ddbd" testName="RemoveiCoreWebAdminRole_ExistingSiteWithRoles_SucceedsAndAddsRole" computerName="ICSWS068" duration="00:00:00.9533248" startTime="2016-08-04T09:55:02.8605823+02:00" endTime="2016-08-04T09:55:03.8156332+02:00" testType="13cdc9d9-ddb5-4fa4-a97d-d965ccfc6d4b" outcome="Passed" testListId="8c84fa94-04c1-424b-9868-57a2d4851a1d" relativeResultsDirectory="d8365e71-e5e3-423e-b338-34f1ef0e2e05" />
    <UnitTestResult executionId="0bc37fac-440b-4591-912b-b58583cf47d2" testId="2d1d9b97-8399-feeb-1256-8bf3bdd1d03e" testName="RemoveiCoreWebAdminRole_NonExistingSite_Fails" computerName="ICSWS068" duration="00:00:00.9627216" startTime="2016-08-04T09:55:03.8186504+02:00" endTime="2016-08-04T09:55:04.7826593+02:00" testType="13cdc9d9-ddb5-4fa4-a97d-d965ccfc6d4b" outcome="Passed" testListId="8c84fa94-04c1-424b-9868-57a2d4851a1d" relativeResultsDirectory="0bc37fac-440b-4591-912b-b58583cf47d2" />
    <UnitTestResult executionId="368443eb-468b-4fbb-b3c0-716bb43fa8e0" testId="02ad7601-11cf-ab9c-9eb0-9315dfd10265" testName="RemoveiCoreWebAdminRole_NonExistingRole_Succeeds" computerName="ICSWS068" duration="00:00:00.9116111" startTime="2016-08-04T09:55:04.7856613+02:00" endTime="2016-08-04T09:55:05.6989830+02:00" testType="13cdc9d9-ddb5-4fa4-a97d-d965ccfc6d4b" outcome="Passed" testListId="8c84fa94-04c1-424b-9868-57a2d4851a1d" relativeResultsDirectory="368443eb-468b-4fbb-b3c0-716bb43fa8e0" />
    <UnitTestResult executionId="30dce7ab-e415-40e6-9f0b-6b702bdf5444" testId="3fc8612c-63d0-2d17-4894-a895409e9661" testName="RemoveiCoreWebAdminRole_PredefinedRole_Fails" computerName="ICSWS068" duration="00:00:00.9175837" startTime="2016-08-04T09:55:05.7015026+02:00" endTime="2016-08-04T09:55:06.6206233+02:00" testType="13cdc9d9-ddb5-4fa4-a97d-d965ccfc6d4b" outcome="Passed" testListId="8c84fa94-04c1-424b-9868-57a2d4851a1d" relativeResultsDirectory="30dce7ab-e415-40e6-9f0b-6b702bdf5444" />
    <UnitTestResult executionId="92f37691-6118-44d2-81ce-7dc9abaf4815" testId="eacbd293-d5bc-d230-8ded-718583c52995" testName="RemoveiCoreWebAdminRoleMember_RemoveUserFromRoleInExistingSite_SucceedsAndRemovesUserFromRole" computerName="ICSWS068" duration="00:00:00.8712270" startTime="2016-08-04T09:55:06.6234658+02:00" endTime="2016-08-04T09:55:07.4960081+02:00" testType="13cdc9d9-ddb5-4fa4-a97d-d965ccfc6d4b" outcome="Passed" testListId="8c84fa94-04c1-424b-9868-57a2d4851a1d" relativeResultsDirectory="92f37691-6118-44d2-81ce-7dc9abaf4815" />
    <UnitTestResult executionId="6c1b8076-efe0-4e0d-a848-6c1bbdf080a8" testId="803f33c0-69e3-21d6-681e-baf09c5e348f" testName="RemoveiCoreWebAdminRoleMember_RemoveUserFromRoleInNonExistingSite_Fails" computerName="ICSWS068" duration="00:00:00.8880234" startTime="2016-08-04T09:55:07.4990104+02:00" endTime="2016-08-04T09:55:08.3884677+02:00" testType="13cdc9d9-ddb5-4fa4-a97d-d965ccfc6d4b" outcome="Passed" testListId="8c84fa94-04c1-424b-9868-57a2d4851a1d" relativeResultsDirectory="6c1b8076-efe0-4e0d-a848-6c1bbdf080a8" />
    <UnitTestResult executionId="bb70e1f9-e426-4439-8013-0be67528764d" testId="fb22e13e-3086-6af6-2750-bfc781911d41" testName="RemoveiCoreWebAdminRoleMember_RemoveUserFromRoleItIsNotAMemberOf_Succeeds" computerName="ICSWS068" duration="00:00:00.8760765" startTime="2016-08-04T09:55:08.3909876+02:00" endTime="2016-08-04T09:55:09.2688014+02:00" testType="13cdc9d9-ddb5-4fa4-a97d-d965ccfc6d4b" outcome="Passed" testListId="8c84fa94-04c1-424b-9868-57a2d4851a1d" relativeResultsDirectory="bb70e1f9-e426-4439-8013-0be67528764d" />
    <UnitTestResult executionId="c5d28790-8db1-4555-b4e8-158c5e38552c" testId="d5b18953-9d0c-9fc1-1cf8-1ab7b546b03a" testName="RemoveiCoreWebAdminRoleMember_RemoveUserFromNonExistingRole_Succeeds" computerName="ICSWS068" duration="00:00:00.8921776" startTime="2016-08-04T09:55:09.2713037+02:00" endTime="2016-08-04T09:55:10.1646806+02:00" testType="13cdc9d9-ddb5-4fa4-a97d-d965ccfc6d4b" outcome="Passed" testListId="8c84fa94-04c1-424b-9868-57a2d4851a1d" relativeResultsDirectory="c5d28790-8db1-4555-b4e8-158c5e38552c" />
    <UnitTestResult executionId="8aab4c8d-f726-479d-aa22-1cda8d13742f" testId="d437a6ff-7064-c8ab-b108-07609441948d" testName="RemoveiCoreWebAdminRoleMember_RemoveNonExistingUserFromExistingRole_Succeeds" computerName="ICSWS068" duration="00:00:00.8618305" startTime="2016-08-04T09:55:10.1681826+02:00" endTime="2016-08-04T09:55:11.0310374+02:00" testType="13cdc9d9-ddb5-4fa4-a97d-d965ccfc6d4b" outcome="Passed" testListId="8c84fa94-04c1-424b-9868-57a2d4851a1d" relativeResultsDirectory="8aab4c8d-f726-479d-aa22-1cda8d13742f" />
    <UnitTestResult executionId="5f743731-9f4c-4183-8223-b2684b686075" testId="966f32af-bf32-e399-193b-16d60fa736b6" testName="RemoveiCoreWebAdminRoleWindowsMember_RemoveUserFromRoleInExistingSite_SucceedsAndRemovesUserFromRole" computerName="ICSWS068" duration="00:00:00.8862642" startTime="2016-08-04T09:55:11.0345248+02:00" endTime="2016-08-04T09:55:11.9221170+02:00" testType="13cdc9d9-ddb5-4fa4-a97d-d965ccfc6d4b" outcome="Passed" testListId="8c84fa94-04c1-424b-9868-57a2d4851a1d" relativeResultsDirectory="5f743731-9f4c-4183-8223-b2684b686075" />
    <UnitTestResult executionId="9e2b9a27-29bd-4508-a718-a49e0a6b63b0" testId="ccfd1676-466e-cd76-1eac-216896cb5c8b" testName="RemoveiCoreWebAdminRoleWindowsMember_RemoveUserFromRoleInNonExistingSite_Fails" computerName="ICSWS068" duration="00:00:00.8921204" startTime="2016-08-04T09:55:11.9246178+02:00" endTime="2016-08-04T09:55:12.8178724+02:00" testType="13cdc9d9-ddb5-4fa4-a97d-d965ccfc6d4b" outcome="Passed" testListId="8c84fa94-04c1-424b-9868-57a2d4851a1d" relativeResultsDirectory="9e2b9a27-29bd-4508-a718-a49e0a6b63b0" />
    <UnitTestResult executionId="08f353d8-2dfc-4567-be3b-c6d115935333" testId="3507b2ab-811f-45d5-1b72-1442ded342a0" testName="RemoveiCoreWebAdminRoleWindowsMember_RemoveUserFromRoleItIsNotAMemberOf_Succeeds" computerName="ICSWS068" duration="00:00:00.8712487" startTime="2016-08-04T09:55:12.8218744+02:00" endTime="2016-08-04T09:55:13.6945830+02:00" testType="13cdc9d9-ddb5-4fa4-a97d-d965ccfc6d4b" outcome="Passed" testListId="8c84fa94-04c1-424b-9868-57a2d4851a1d" relativeResultsDirectory="08f353d8-2dfc-4567-be3b-c6d115935333" />
    <UnitTestResult executionId="83125d20-09aa-4dfd-bfdc-34d7ffa27a99" testId="ff678060-16ff-6259-0401-2a210906c9ca" testName="RemoveiCoreWebAdminRoleWindowsMember_RemoveUserFromNonExistingRole_Succeeds" computerName="ICSWS068" duration="00:00:00.8680825" startTime="2016-08-04T09:55:13.6971018+02:00" endTime="2016-08-04T09:55:14.5670532+02:00" testType="13cdc9d9-ddb5-4fa4-a97d-d965ccfc6d4b" outcome="Passed" testListId="8c84fa94-04c1-424b-9868-57a2d4851a1d" relativeResultsDirectory="83125d20-09aa-4dfd-bfdc-34d7ffa27a99" />
    <UnitTestResult executionId="7d3cb1e8-a4a2-4cab-9572-7c3fedc2361b" testId="d94113d4-d60a-94bc-fa5b-ae75441a89f9" testName="RemoveiCoreWebAdminRoleWindowsMember_RemoveNonExistingUserFromExistingRole_Succeeds" computerName="ICSWS068" duration="00:00:00.8863589" startTime="2016-08-04T09:55:14.5695544+02:00" endTime="2016-08-04T09:55:15.4573466+02:00" testType="13cdc9d9-ddb5-4fa4-a97d-d965ccfc6d4b" outcome="Passed" testListId="8c84fa94-04c1-424b-9868-57a2d4851a1d" relativeResultsDirectory="7d3cb1e8-a4a2-4cab-9572-7c3fedc2361b" />
    <UnitTestResult executionId="8defb124-6d49-46c2-a7e7-2e8b59fee0fd" testId="f92b4209-5989-67d6-ac37-0d62d78a92a8" testName="RemoveiCoreWebAdminUser_ExistingSiteAndUser_SucceedsAndRemovesUser" computerName="ICSWS068" duration="00:00:00.9261556" startTime="2016-08-04T09:55:15.4598647+02:00" endTime="2016-08-04T09:55:16.3877050+02:00" testType="13cdc9d9-ddb5-4fa4-a97d-d965ccfc6d4b" outcome="Passed" testListId="8c84fa94-04c1-424b-9868-57a2d4851a1d" relativeResultsDirectory="8defb124-6d49-46c2-a7e7-2e8b59fee0fd" />
    <UnitTestResult executionId="dde270ae-b3cc-4ca4-9c5a-ebac453c60c1" testId="cbf59694-a25f-5d21-d1cc-8d216a6e13a2" testName="RemoveiCoreWebAdminUser_NonExistingSite_Fails" computerName="ICSWS068" duration="00:00:00.8591159" startTime="2016-08-04T09:55:16.3907061+02:00" endTime="2016-08-04T09:55:17.2505548+02:00" testType="13cdc9d9-ddb5-4fa4-a97d-d965ccfc6d4b" outcome="Passed" testListId="8c84fa94-04c1-424b-9868-57a2d4851a1d" relativeResultsDirectory="dde270ae-b3cc-4ca4-9c5a-ebac453c60c1" />
    <UnitTestResult executionId="e73f7000-4852-4d0b-8ab6-bdd35749ca55" testId="22d2e618-700a-476d-78ba-3f20a5e76ead" testName="RemoveiCoreWebAdminUser_NonExistingUser_Succeeds" computerName="ICSWS068" duration="00:00:00.8786588" startTime="2016-08-04T09:55:17.2540102+02:00" endTime="2016-08-04T09:55:18.1339688+02:00" testType="13cdc9d9-ddb5-4fa4-a97d-d965ccfc6d4b" outcome="Passed" testListId="8c84fa94-04c1-424b-9868-57a2d4851a1d" relativeResultsDirectory="e73f7000-4852-4d0b-8ab6-bdd35749ca55" />
    <UnitTestResult executionId="639c8429-d9fb-4b39-85ca-bf4bd1d290ea" testId="c12bc207-c839-664b-e8e4-1f6a4c233747" testName="SetiCoreWebAdminUserPassword_ExistingSite_SucceedsAndAddsUserCorrectly" computerName="ICSWS068" duration="00:00:01.1162837" startTime="2016-08-04T09:55:18.1369711+02:00" endTime="2016-08-04T09:55:19.2548489+02:00" testType="13cdc9d9-ddb5-4fa4-a97d-d965ccfc6d4b" outcome="Passed" testListId="8c84fa94-04c1-424b-9868-57a2d4851a1d" relativeResultsDirectory="639c8429-d9fb-4b39-85ca-bf4bd1d290ea" />
    <UnitTestResult executionId="65608816-ffc3-4ea0-acb1-af103d0b9a1b" testId="edd52a16-479b-83cd-1089-32962d309cf4" testName="SetiCoreWebAdminUserPassword_NonExistingSite_Fails" computerName="ICSWS068" duration="00:00:00.8935986" startTime="2016-08-04T09:55:19.2578512+02:00" endTime="2016-08-04T09:55:20.1530307+02:00" testType="13cdc9d9-ddb5-4fa4-a97d-d965ccfc6d4b" outcome="Passed" testListId="8c84fa94-04c1-424b-9868-57a2d4851a1d" relativeResultsDirectory="65608816-ffc3-4ea0-acb1-af103d0b9a1b" />
    <UnitTestResult executionId="a664fd90-b4a2-4b06-bcfb-9d79a8213e5a" testId="428ef3dd-608d-3cce-f778-c42c05ff7c23" testName="SetiCoreWebAdminUserPassword_NonExistingUser_Fails" computerName="ICSWS068" duration="00:00:00.8812919" startTime="2016-08-04T09:55:20.1560429+02:00" endTime="2016-08-04T09:55:21.0388622+02:00" testType="13cdc9d9-ddb5-4fa4-a97d-d965ccfc6d4b" outcome="Passed" testListId="8c84fa94-04c1-424b-9868-57a2d4851a1d" relativeResultsDirectory="a664fd90-b4a2-4b06-bcfb-9d79a8213e5a" />
  </Results>
  <TestDefinitions>
    <UnitTest name="GetiCoreWebAdminUser_ExistingSiteWithUsers_ReturnsCorrectUsers" storage="f:\etwork\bin\tests\intgtests.psscriptmodules.x64.dll" id="4d71b0f1-3133-6070-adcd-1512e0a71c59">
      <TestCategory>
        <TestCategoryItem TestCategory="PowerShell" />
      </TestCategory>
      <Execution id="ab7e2d15-3871-4e33-9db3-7427e7e6dd6b" />
      <TestMethod codeBase="F:\ETWork\bin\Tests\IntgTests.PSScriptModules.x64.dll" adapterTypeName="Microsoft.VisualStudio.TestTools.TestTypes.Unit.UnitTestAdapter" className="IntgTests.PSScriptModules.Web.Aministration.WebAdministrationCmdletTests" name="GetiCoreWebAdminUser_ExistingSiteWithUsers_ReturnsCorrectUsers" />
    </UnitTest>
    <UnitTest name="GetiCoreWebAdminUser_NonExistingSite_ReturnsError" storage="f:\etwork\bin\tests\intgtests.psscriptmodules.x64.dll" id="0597be01-a33b-747b-83ce-d701da0ab990">
      <TestCategory>
        <TestCategoryItem TestCategory="PowerShell" />
      </TestCategory>
      <Execution id="ca79b92a-e54c-4e0b-86ba-5fe1d20bd970" />
      <TestMethod codeBase="F:\ETWork\bin\Tests\IntgTests.PSScriptModules.x64.dll" adapterTypeName="Microsoft.VisualStudio.TestTools.TestTypes.Unit.UnitTestAdapter" className="IntgTests.PSScriptModules.Web.Aministration.WebAdministrationCmdletTests" name="GetiCoreWebAdminUser_NonExistingSite_ReturnsError" />
    </UnitTest>
    <UnitTest name="GetiCoreWebAdminRole_ExistingSiteWithRoles_ReturnsCorrectUsers" storage="f:\etwork\bin\tests\intgtests.psscriptmodules.x64.dll" id="077fe0ec-d80e-8e8c-9e7e-766194a2d0a0">
      <TestCategory>
        <TestCategoryItem TestCategory="PowerShell" />
      </TestCategory>
      <Execution id="836cea51-dc16-4b21-9897-c5ad681d7465" />
      <TestMethod codeBase="F:\ETWork\bin\Tests\IntgTests.PSScriptModules.x64.dll" adapterTypeName="Microsoft.VisualStudio.TestTools.TestTypes.Unit.UnitTestAdapter" className="IntgTests.PSScriptModules.Web.Aministration.WebAdministrationCmdletTests" name="GetiCoreWebAdminRole_ExistingSiteWithRoles_ReturnsCorrectUsers" />
    </UnitTest>
    <UnitTest name="GetiCoreWebAdminRole_NonExistingSite_ReturnsError" storage="f:\etwork\bin\tests\intgtests.psscriptmodules.x64.dll" id="f019f785-8266-f710-7574-75fb218f0055">
      <TestCategory>
        <TestCategoryItem TestCategory="PowerShell" />
      </TestCategory>
      <Execution id="9807dc83-1ed7-474f-a05a-778d58e01590" />
      <TestMethod codeBase="F:\ETWork\bin\Tests\IntgTests.PSScriptModules.x64.dll" adapterTypeName="Microsoft.VisualStudio.TestTools.TestTypes.Unit.UnitTestAdapter" className="IntgTests.PSScriptModules.Web.Aministration.WebAdministrationCmdletTests" name="GetiCoreWebAdminRole_NonExistingSite_ReturnsError" />
    </UnitTest>
    <UnitTest name="NewiCoreWebAdminRole_ExistingSiteWithRoles_SucceedsAndAddsRole" storage="f:\etwork\bin\tests\intgtests.psscriptmodules.x64.dll" id="ec729207-8501-27b1-21df-be4f44afe2e5">
      <TestCategory>
        <TestCategoryItem TestCategory="PowerShell" />
      </TestCategory>
      <Execution id="fd3a7e4b-8c84-4389-ba04-fddfafce1706" />
      <TestMethod codeBase="F:\ETWork\bin\Tests\IntgTests.PSScriptModules.x64.dll" adapterTypeName="Microsoft.VisualStudio.TestTools.TestTypes.Unit.UnitTestAdapter" className="IntgTests.PSScriptModules.Web.Aministration.WebAdministrationCmdletTests" name="NewiCoreWebAdminRole_ExistingSiteWithRoles_SucceedsAndAddsRole" />
    </UnitTest>
    <UnitTest name="NewiCoreWebAdminRole_NonExistingSite_Fails" storage="f:\etwork\bin\tests\intgtests.psscriptmodules.x64.dll" id="80642124-5b93-7732-aac3-a787d323ba4a">
      <TestCategory>
        <TestCategoryItem TestCategory="PowerShell" />
      </TestCategory>
      <Execution id="d97d057b-3fe0-4ab0-aca3-9f55c2ad2405" />
      <TestMethod codeBase="F:\ETWork\bin\Tests\IntgTests.PSScriptModules.x64.dll" adapterTypeName="Microsoft.VisualStudio.TestTools.TestTypes.Unit.UnitTestAdapter" className="IntgTests.PSScriptModules.Web.Aministration.WebAdministrationCmdletTests" name="NewiCoreWebAdminRole_NonExistingSite_Fails" />
    </UnitTest>
    <UnitTest name="NewiCoreWebAdminRole_DuplicateRoleName_Fails" storage="f:\etwork\bin\tests\intgtests.psscriptmodules.x64.dll" id="5ed6c3c6-ba43-085e-c4df-fb27443d7791">
      <TestCategory>
        <TestCategoryItem TestCategory="PowerShell" />
      </TestCategory>
      <Execution id="1685e25e-2614-4f1c-b9cd-e47fb34c7a6d" />
      <TestMethod codeBase="F:\ETWork\bin\Tests\IntgTests.PSScriptModules.x64.dll" adapterTypeName="Microsoft.VisualStudio.TestTools.TestTypes.Unit.UnitTestAdapter" className="IntgTests.PSScriptModules.Web.Aministration.WebAdministrationCmdletTests" name="NewiCoreWebAdminRole_DuplicateRoleName_Fails" />
    </UnitTest>
    <UnitTest name="NewiCoreWebAdminUser_ExistingSite_SucceedsAndAddsUserCorrectlyButUserCannotLoginWithoutRole" storage="f:\etwork\bin\tests\intgtests.psscriptmodules.x64.dll" id="4937279a-e1d8-d3dd-dd3d-bbd6a83e6d5a">
      <TestCategory>
        <TestCategoryItem TestCategory="PowerShell" />
      </TestCategory>
      <Execution id="9714e2cd-df6a-4828-af21-711eb4458409" />
      <TestMethod codeBase="F:\ETWork\bin\Tests\IntgTests.PSScriptModules.x64.dll" adapterTypeName="Microsoft.VisualStudio.TestTools.TestTypes.Unit.UnitTestAdapter" className="IntgTests.PSScriptModules.Web.Aministration.WebAdministrationCmdletTests" name="NewiCoreWebAdminUser_ExistingSite_SucceedsAndAddsUserCorrectlyButUserCannotLoginWithoutRole" />
    </UnitTest>
    <UnitTest name="NewiCoreWebAdminUser_NonExistingSite_Fails" storage="f:\etwork\bin\tests\intgtests.psscriptmodules.x64.dll" id="ccce200c-85c2-635d-8be7-7284efa1b221">
      <TestCategory>
        <TestCategoryItem TestCategory="PowerShell" />
      </TestCategory>
      <Execution id="44941d97-1bc1-4437-bc9e-fb5631522a79" />
      <TestMethod codeBase="F:\ETWork\bin\Tests\IntgTests.PSScriptModules.x64.dll" adapterTypeName="Microsoft.VisualStudio.TestTools.TestTypes.Unit.UnitTestAdapter" className="IntgTests.PSScriptModules.Web.Aministration.WebAdministrationCmdletTests" name="NewiCoreWebAdminUser_NonExistingSite_Fails" />
    </UnitTest>
    <UnitTest name="NewiCoreWebAdminUser_DuplicateUserName_Fails" storage="f:\etwork\bin\tests\intgtests.psscriptmodules.x64.dll" id="1952aa32-5b32-88a0-55be-db620e444d7f">
      <TestCategory>
        <TestCategoryItem TestCategory="PowerShell" />
      </TestCategory>
      <Execution id="940c6837-1e1f-4685-bc94-e4f4a73af929" />
      <TestMethod codeBase="F:\ETWork\bin\Tests\IntgTests.PSScriptModules.x64.dll" adapterTypeName="Microsoft.VisualStudio.TestTools.TestTypes.Unit.UnitTestAdapter" className="IntgTests.PSScriptModules.Web.Aministration.WebAdministrationCmdletTests" name="NewiCoreWebAdminUser_DuplicateUserName_Fails" />
    </UnitTest>
    <UnitTest name="AddiCoreWebAdminRoleMember_AddUserToRoleInExistingSite_SucceedsAndAddsUserToRole" storage="f:\etwork\bin\tests\intgtests.psscriptmodules.x64.dll" id="964eebf1-9927-93cf-f9ca-737c8bd7a85f">
      <TestCategory>
        <TestCategoryItem TestCategory="PowerShell" />
      </TestCategory>
      <Execution id="483bea95-854c-46b1-a739-efe80a1d5ea7" />
      <TestMethod codeBase="F:\ETWork\bin\Tests\IntgTests.PSScriptModules.x64.dll" adapterTypeName="Microsoft.VisualStudio.TestTools.TestTypes.Unit.UnitTestAdapter" className="IntgTests.PSScriptModules.Web.Aministration.WebAdministrationCmdletTests" name="AddiCoreWebAdminRoleMember_AddUserToRoleInExistingSite_SucceedsAndAddsUserToRole" />
    </UnitTest>
    <UnitTest name="AddiCoreWebAdminRoleMember_AddUserToRoleInNonExistingSite_Fails" storage="f:\etwork\bin\tests\intgtests.psscriptmodules.x64.dll" id="023c61d6-86e9-9900-0767-fed477b82048">
      <TestCategory>
        <TestCategoryItem TestCategory="PowerShell" />
      </TestCategory>
      <Execution id="e1d16e9f-cb67-49ca-9d9f-4e3b80d467f7" />
      <TestMethod codeBase="F:\ETWork\bin\Tests\IntgTests.PSScriptModules.x64.dll" adapterTypeName="Microsoft.VisualStudio.TestTools.TestTypes.Unit.UnitTestAdapter" className="IntgTests.PSScriptModules.Web.Aministration.WebAdministrationCmdletTests" name="AddiCoreWebAdminRoleMember_AddUserToRoleInNonExistingSite_Fails" />
    </UnitTest>
    <UnitTest name="AddiCoreWebAdminRoleMember_AddUserToRoleItIsAlreadyAMemberOf_Fails" storage="f:\etwork\bin\tests\intgtests.psscriptmodules.x64.dll" id="a49e02f9-d684-9e85-dddb-36a2555a6b85">
      <TestCategory>
        <TestCategoryItem TestCategory="PowerShell" />
      </TestCategory>
      <Execution id="31a97fdc-1ac0-48b0-8fc3-8e79fef628c1" />
      <TestMethod codeBase="F:\ETWork\bin\Tests\IntgTests.PSScriptModules.x64.dll" adapterTypeName="Microsoft.VisualStudio.TestTools.TestTypes.Unit.UnitTestAdapter" className="IntgTests.PSScriptModules.Web.Aministration.WebAdministrationCmdletTests" name="AddiCoreWebAdminRoleMember_AddUserToRoleItIsAlreadyAMemberOf_Fails" />
    </UnitTest>
    <UnitTest name="AddiCoreWebAdminRoleMember_AddUserToNonExistingRole_Fails" storage="f:\etwork\bin\tests\intgtests.psscriptmodules.x64.dll" id="b5662d0b-e229-1bcb-df85-ec9d1b17aee6">
      <TestCategory>
        <TestCategoryItem TestCategory="PowerShell" />
      </TestCategory>
      <Execution id="2d027087-9cef-4cba-b8c2-6aefd352d632" />
      <TestMethod codeBase="F:\ETWork\bin\Tests\IntgTests.PSScriptModules.x64.dll" adapterTypeName="Microsoft.VisualStudio.TestTools.TestTypes.Unit.UnitTestAdapter" className="IntgTests.PSScriptModules.Web.Aministration.WebAdministrationCmdletTests" name="AddiCoreWebAdminRoleMember_AddUserToNonExistingRole_Fails" />
    </UnitTest>
    <UnitTest name="AddiCoreWebAdminRoleMember_AddNonExistingUserToExistingRole_Fails" storage="f:\etwork\bin\tests\intgtests.psscriptmodules.x64.dll" id="d4ffbdb5-ac1b-1600-3549-60aa53f456c2">
      <TestCategory>
        <TestCategoryItem TestCategory="PowerShell" />
      </TestCategory>
      <Execution id="fcb42655-d860-4be6-ac9f-4cf1fbf92667" />
      <TestMethod codeBase="F:\ETWork\bin\Tests\IntgTests.PSScriptModules.x64.dll" adapterTypeName="Microsoft.VisualStudio.TestTools.TestTypes.Unit.UnitTestAdapter" className="IntgTests.PSScriptModules.Web.Aministration.WebAdministrationCmdletTests" name="AddiCoreWebAdminRoleMember_AddNonExistingUserToExistingRole_Fails" />
    </UnitTest>
    <UnitTest name="AddiCoreWebAdminRoleMember_AddWindowsIdentityToRoleInExistingSite_SucceedsAndAddsUserToRole" storage="f:\etwork\bin\tests\intgtests.psscriptmodules.x64.dll" id="84601c42-e704-b633-e9f6-646a36a42864">
      <TestCategory>
        <TestCategoryItem TestCategory="PowerShell" />
      </TestCategory>
      <Execution id="f3309f71-9bfa-4544-86d7-884f4c717f5f" />
      <TestMethod codeBase="F:\ETWork\bin\Tests\IntgTests.PSScriptModules.x64.dll" adapterTypeName="Microsoft.VisualStudio.TestTools.TestTypes.Unit.UnitTestAdapter" className="IntgTests.PSScriptModules.Web.Aministration.WebAdministrationCmdletTests" name="AddiCoreWebAdminRoleMember_AddWindowsIdentityToRoleInExistingSite_SucceedsAndAddsUserToRole" />
    </UnitTest>
    <UnitTest name="AddiCoreWebAdminRoleMember_AddWindowsIdentityToRoleInNonExistingSite_Fails" storage="f:\etwork\bin\tests\intgtests.psscriptmodules.x64.dll" id="7e51c0ee-d899-aecc-09b6-364c10643e98">
      <TestCategory>
        <TestCategoryItem TestCategory="PowerShell" />
      </TestCategory>
      <Execution id="ecab48cc-9a06-436a-bffa-2b5e5d44a95a" />
      <TestMethod codeBase="F:\ETWork\bin\Tests\IntgTests.PSScriptModules.x64.dll" adapterTypeName="Microsoft.VisualStudio.TestTools.TestTypes.Unit.UnitTestAdapter" className="IntgTests.PSScriptModules.Web.Aministration.WebAdministrationCmdletTests" name="AddiCoreWebAdminRoleMember_AddWindowsIdentityToRoleInNonExistingSite_Fails" />
    </UnitTest>
    <UnitTest name="AddiCoreWebAdminRoleMember_AddWindowsIdentityToRoleItIsAlreadyAMemberOf_Fails" storage="f:\etwork\bin\tests\intgtests.psscriptmodules.x64.dll" id="39b4ab8a-0e10-b52c-796d-86ce7fdd052f">
      <TestCategory>
        <TestCategoryItem TestCategory="PowerShell" />
      </TestCategory>
      <Execution id="697763b1-beb9-4ff6-ba12-5d2c3dc41884" />
      <TestMethod codeBase="F:\ETWork\bin\Tests\IntgTests.PSScriptModules.x64.dll" adapterTypeName="Microsoft.VisualStudio.TestTools.TestTypes.Unit.UnitTestAdapter" className="IntgTests.PSScriptModules.Web.Aministration.WebAdministrationCmdletTests" name="AddiCoreWebAdminRoleMember_AddWindowsIdentityToRoleItIsAlreadyAMemberOf_Fails" />
    </UnitTest>
    <UnitTest name="AddiCoreWebAdminRoleMember_AddWindowsIdentityToNonExistingRole_Fails" storage="f:\etwork\bin\tests\intgtests.psscriptmodules.x64.dll" id="6ffecaac-bfe0-ac8b-f7e6-f6ef1498b2c4">
      <TestCategory>
        <TestCategoryItem TestCategory="PowerShell" />
      </TestCategory>
      <Execution id="2661338e-2654-428d-8862-8c425649e871" />
      <TestMethod codeBase="F:\ETWork\bin\Tests\IntgTests.PSScriptModules.x64.dll" adapterTypeName="Microsoft.VisualStudio.TestTools.TestTypes.Unit.UnitTestAdapter" className="IntgTests.PSScriptModules.Web.Aministration.WebAdministrationCmdletTests" name="AddiCoreWebAdminRoleMember_AddWindowsIdentityToNonExistingRole_Fails" />
    </UnitTest>
    <UnitTest name="GetiCoreWebAdminRoleMember_ExistingSiteWithUsers_ReturnsCorrectUsers" storage="f:\etwork\bin\tests\intgtests.psscriptmodules.x64.dll" id="6c62cedc-40c1-2cdf-970a-1bfcbd583633">
      <TestCategory>
        <TestCategoryItem TestCategory="PowerShell" />
      </TestCategory>
      <Execution id="bfb18b4e-b63b-4f05-95c6-ff986e722b7a" />
      <TestMethod codeBase="F:\ETWork\bin\Tests\IntgTests.PSScriptModules.x64.dll" adapterTypeName="Microsoft.VisualStudio.TestTools.TestTypes.Unit.UnitTestAdapter" className="IntgTests.PSScriptModules.Web.Aministration.WebAdministrationCmdletTests" name="GetiCoreWebAdminRoleMember_ExistingSiteWithUsers_ReturnsCorrectUsers" />
    </UnitTest>
    <UnitTest name="GetiCoreWebAdminRoleMember_NonExistingSite_Fails" storage="f:\etwork\bin\tests\intgtests.psscriptmodules.x64.dll" id="32047c9e-73fd-a60a-2b9d-7929c807a8e8">
      <TestCategory>
        <TestCategoryItem TestCategory="PowerShell" />
      </TestCategory>
      <Execution id="10044e49-352d-4f45-a09d-14aa92a18260" />
      <TestMethod codeBase="F:\ETWork\bin\Tests\IntgTests.PSScriptModules.x64.dll" adapterTypeName="Microsoft.VisualStudio.TestTools.TestTypes.Unit.UnitTestAdapter" className="IntgTests.PSScriptModules.Web.Aministration.WebAdministrationCmdletTests" name="GetiCoreWebAdminRoleMember_NonExistingSite_Fails" />
    </UnitTest>
    <UnitTest name="GetiCoreWebAdminRoleMember_NonExistingRole_Fails" storage="f:\etwork\bin\tests\intgtests.psscriptmodules.x64.dll" id="ffc85818-e2dd-02a2-fdc4-546b05decf7f">
      <TestCategory>
        <TestCategoryItem TestCategory="PowerShell" />
      </TestCategory>
      <Execution id="c1c6cd88-e85d-4cc4-86a0-6730b7e3f704" />
      <TestMethod codeBase="F:\ETWork\bin\Tests\IntgTests.PSScriptModules.x64.dll" adapterTypeName="Microsoft.VisualStudio.TestTools.TestTypes.Unit.UnitTestAdapter" className="IntgTests.PSScriptModules.Web.Aministration.WebAdministrationCmdletTests" name="GetiCoreWebAdminRoleMember_NonExistingRole_Fails" />
    </UnitTest>
    <UnitTest name="RemoveiCoreWebAdminRole_ExistingSiteWithRoles_SucceedsAndAddsRole" storage="f:\etwork\bin\tests\intgtests.psscriptmodules.x64.dll" id="b0656655-5144-bbf2-7059-c9887270ddbd">
      <TestCategory>
        <TestCategoryItem TestCategory="PowerShell" />
      </TestCategory>
      <Execution id="d8365e71-e5e3-423e-b338-34f1ef0e2e05" />
      <TestMethod codeBase="F:\ETWork\bin\Tests\IntgTests.PSScriptModules.x64.dll" adapterTypeName="Microsoft.VisualStudio.TestTools.TestTypes.Unit.UnitTestAdapter" className="IntgTests.PSScriptModules.Web.Aministration.WebAdministrationCmdletTests" name="RemoveiCoreWebAdminRole_ExistingSiteWithRoles_SucceedsAndAddsRole" />
    </UnitTest>
    <UnitTest name="RemoveiCoreWebAdminRole_NonExistingSite_Fails" storage="f:\etwork\bin\tests\intgtests.psscriptmodules.x64.dll" id="2d1d9b97-8399-feeb-1256-8bf3bdd1d03e">
      <TestCategory>
        <TestCategoryItem TestCategory="PowerShell" />
      </TestCategory>
      <Execution id="0bc37fac-440b-4591-912b-b58583cf47d2" />
      <TestMethod codeBase="F:\ETWork\bin\Tests\IntgTests.PSScriptModules.x64.dll" adapterTypeName="Microsoft.VisualStudio.TestTools.TestTypes.Unit.UnitTestAdapter" className="IntgTests.PSScriptModules.Web.Aministration.WebAdministrationCmdletTests" name="RemoveiCoreWebAdminRole_NonExistingSite_Fails" />
    </UnitTest>
    <UnitTest name="RemoveiCoreWebAdminRole_NonExistingRole_Succeeds" storage="f:\etwork\bin\tests\intgtests.psscriptmodules.x64.dll" id="02ad7601-11cf-ab9c-9eb0-9315dfd10265">
      <TestCategory>
        <TestCategoryItem TestCategory="PowerShell" />
      </TestCategory>
      <Execution id="368443eb-468b-4fbb-b3c0-716bb43fa8e0" />
      <TestMethod codeBase="F:\ETWork\bin\Tests\IntgTests.PSScriptModules.x64.dll" adapterTypeName="Microsoft.VisualStudio.TestTools.TestTypes.Unit.UnitTestAdapter" className="IntgTests.PSScriptModules.Web.Aministration.WebAdministrationCmdletTests" name="RemoveiCoreWebAdminRole_NonExistingRole_Succeeds" />
    </UnitTest>
    <UnitTest name="RemoveiCoreWebAdminRole_PredefinedRole_Fails" storage="f:\etwork\bin\tests\intgtests.psscriptmodules.x64.dll" id="3fc8612c-63d0-2d17-4894-a895409e9661">
      <TestCategory>
        <TestCategoryItem TestCategory="PowerShell" />
      </TestCategory>
      <Execution id="30dce7ab-e415-40e6-9f0b-6b702bdf5444" />
      <TestMethod codeBase="F:\ETWork\bin\Tests\IntgTests.PSScriptModules.x64.dll" adapterTypeName="Microsoft.VisualStudio.TestTools.TestTypes.Unit.UnitTestAdapter" className="IntgTests.PSScriptModules.Web.Aministration.WebAdministrationCmdletTests" name="RemoveiCoreWebAdminRole_PredefinedRole_Fails" />
    </UnitTest>
    <UnitTest name="RemoveiCoreWebAdminRoleMember_RemoveUserFromRoleInExistingSite_SucceedsAndRemovesUserFromRole" storage="f:\etwork\bin\tests\intgtests.psscriptmodules.x64.dll" id="eacbd293-d5bc-d230-8ded-718583c52995">
      <TestCategory>
        <TestCategoryItem TestCategory="PowerShell" />
      </TestCategory>
      <Execution id="92f37691-6118-44d2-81ce-7dc9abaf4815" />
      <TestMethod codeBase="F:\ETWork\bin\Tests\IntgTests.PSScriptModules.x64.dll" adapterTypeName="Microsoft.VisualStudio.TestTools.TestTypes.Unit.UnitTestAdapter" className="IntgTests.PSScriptModules.Web.Aministration.WebAdministrationCmdletTests" name="RemoveiCoreWebAdminRoleMember_RemoveUserFromRoleInExistingSite_SucceedsAndRemovesUserFromRole" />
    </UnitTest>
    <UnitTest name="RemoveiCoreWebAdminRoleMember_RemoveUserFromRoleInNonExistingSite_Fails" storage="f:\etwork\bin\tests\intgtests.psscriptmodules.x64.dll" id="803f33c0-69e3-21d6-681e-baf09c5e348f">
      <TestCategory>
        <TestCategoryItem TestCategory="PowerShell" />
      </TestCategory>
      <Execution id="6c1b8076-efe0-4e0d-a848-6c1bbdf080a8" />
      <TestMethod codeBase="F:\ETWork\bin\Tests\IntgTests.PSScriptModules.x64.dll" adapterTypeName="Microsoft.VisualStudio.TestTools.TestTypes.Unit.UnitTestAdapter" className="IntgTests.PSScriptModules.Web.Aministration.WebAdministrationCmdletTests" name="RemoveiCoreWebAdminRoleMember_RemoveUserFromRoleInNonExistingSite_Fails" />
    </UnitTest>
    <UnitTest name="RemoveiCoreWebAdminRoleMember_RemoveUserFromRoleItIsNotAMemberOf_Succeeds" storage="f:\etwork\bin\tests\intgtests.psscriptmodules.x64.dll" id="fb22e13e-3086-6af6-2750-bfc781911d41">
      <TestCategory>
        <TestCategoryItem TestCategory="PowerShell" />
      </TestCategory>
      <Execution id="bb70e1f9-e426-4439-8013-0be67528764d" />
      <TestMethod codeBase="F:\ETWork\bin\Tests\IntgTests.PSScriptModules.x64.dll" adapterTypeName="Microsoft.VisualStudio.TestTools.TestTypes.Unit.UnitTestAdapter" className="IntgTests.PSScriptModules.Web.Aministration.WebAdministrationCmdletTests" name="RemoveiCoreWebAdminRoleMember_RemoveUserFromRoleItIsNotAMemberOf_Succeeds" />
    </UnitTest>
    <UnitTest name="RemoveiCoreWebAdminRoleMember_RemoveUserFromNonExistingRole_Succeeds" storage="f:\etwork\bin\tests\intgtests.psscriptmodules.x64.dll" id="d5b18953-9d0c-9fc1-1cf8-1ab7b546b03a">
      <TestCategory>
        <TestCategoryItem TestCategory="PowerShell" />
      </TestCategory>
      <Execution id="c5d28790-8db1-4555-b4e8-158c5e38552c" />
      <TestMethod codeBase="F:\ETWork\bin\Tests\IntgTests.PSScriptModules.x64.dll" adapterTypeName="Microsoft.VisualStudio.TestTools.TestTypes.Unit.UnitTestAdapter" className="IntgTests.PSScriptModules.Web.Aministration.WebAdministrationCmdletTests" name="RemoveiCoreWebAdminRoleMember_RemoveUserFromNonExistingRole_Succeeds" />
    </UnitTest>
    <UnitTest name="RemoveiCoreWebAdminRoleMember_RemoveNonExistingUserFromExistingRole_Succeeds" storage="f:\etwork\bin\tests\intgtests.psscriptmodules.x64.dll" id="d437a6ff-7064-c8ab-b108-07609441948d">
      <TestCategory>
        <TestCategoryItem TestCategory="PowerShell" />
      </TestCategory>
      <Execution id="8aab4c8d-f726-479d-aa22-1cda8d13742f" />
      <TestMethod codeBase="F:\ETWork\bin\Tests\IntgTests.PSScriptModules.x64.dll" adapterTypeName="Microsoft.VisualStudio.TestTools.TestTypes.Unit.UnitTestAdapter" className="IntgTests.PSScriptModules.Web.Aministration.WebAdministrationCmdletTests" name="RemoveiCoreWebAdminRoleMember_RemoveNonExistingUserFromExistingRole_Succeeds" />
    </UnitTest>
    <UnitTest name="RemoveiCoreWebAdminRoleWindowsMember_RemoveUserFromRoleInExistingSite_SucceedsAndRemovesUserFromRole" storage="f:\etwork\bin\tests\intgtests.psscriptmodules.x64.dll" id="966f32af-bf32-e399-193b-16d60fa736b6">
      <TestCategory>
        <TestCategoryItem TestCategory="PowerShell" />
      </TestCategory>
      <Execution id="5f743731-9f4c-4183-8223-b2684b686075" />
      <TestMethod codeBase="F:\ETWork\bin\Tests\IntgTests.PSScriptModules.x64.dll" adapterTypeName="Microsoft.VisualStudio.TestTools.TestTypes.Unit.UnitTestAdapter" className="IntgTests.PSScriptModules.Web.Aministration.WebAdministrationCmdletTests" name="RemoveiCoreWebAdminRoleWindowsMember_RemoveUserFromRoleInExistingSite_SucceedsAndRemovesUserFromRole" />
    </UnitTest>
    <UnitTest name="RemoveiCoreWebAdminRoleWindowsMember_RemoveUserFromRoleInNonExistingSite_Fails" storage="f:\etwork\bin\tests\intgtests.psscriptmodules.x64.dll" id="ccfd1676-466e-cd76-1eac-216896cb5c8b">
      <TestCategory>
        <TestCategoryItem TestCategory="PowerShell" />
      </TestCategory>
      <Execution id="9e2b9a27-29bd-4508-a718-a49e0a6b63b0" />
      <TestMethod codeBase="F:\ETWork\bin\Tests\IntgTests.PSScriptModules.x64.dll" adapterTypeName="Microsoft.VisualStudio.TestTools.TestTypes.Unit.UnitTestAdapter" className="IntgTests.PSScriptModules.Web.Aministration.WebAdministrationCmdletTests" name="RemoveiCoreWebAdminRoleWindowsMember_RemoveUserFromRoleInNonExistingSite_Fails" />
    </UnitTest>
    <UnitTest name="RemoveiCoreWebAdminRoleWindowsMember_RemoveUserFromRoleItIsNotAMemberOf_Succeeds" storage="f:\etwork\bin\tests\intgtests.psscriptmodules.x64.dll" id="3507b2ab-811f-45d5-1b72-1442ded342a0">
      <TestCategory>
        <TestCategoryItem TestCategory="PowerShell" />
      </TestCategory>
      <Execution id="08f353d8-2dfc-4567-be3b-c6d115935333" />
      <TestMethod codeBase="F:\ETWork\bin\Tests\IntgTests.PSScriptModules.x64.dll" adapterTypeName="Microsoft.VisualStudio.TestTools.TestTypes.Unit.UnitTestAdapter" className="IntgTests.PSScriptModules.Web.Aministration.WebAdministrationCmdletTests" name="RemoveiCoreWebAdminRoleWindowsMember_RemoveUserFromRoleItIsNotAMemberOf_Succeeds" />
    </UnitTest>
    <UnitTest name="RemoveiCoreWebAdminRoleWindowsMember_RemoveUserFromNonExistingRole_Succeeds" storage="f:\etwork\bin\tests\intgtests.psscriptmodules.x64.dll" id="ff678060-16ff-6259-0401-2a210906c9ca">
      <TestCategory>
        <TestCategoryItem TestCategory="PowerShell" />
      </TestCategory>
      <Execution id="83125d20-09aa-4dfd-bfdc-34d7ffa27a99" />
      <TestMethod codeBase="F:\ETWork\bin\Tests\IntgTests.PSScriptModules.x64.dll" adapterTypeName="Microsoft.VisualStudio.TestTools.TestTypes.Unit.UnitTestAdapter" className="IntgTests.PSScriptModules.Web.Aministration.WebAdministrationCmdletTests" name="RemoveiCoreWebAdminRoleWindowsMember_RemoveUserFromNonExistingRole_Succeeds" />
    </UnitTest>
    <UnitTest name="RemoveiCoreWebAdminRoleWindowsMember_RemoveNonExistingUserFromExistingRole_Succeeds" storage="f:\etwork\bin\tests\intgtests.psscriptmodules.x64.dll" id="d94113d4-d60a-94bc-fa5b-ae75441a89f9">
      <TestCategory>
        <TestCategoryItem TestCategory="PowerShell" />
      </TestCategory>
      <Execution id="7d3cb1e8-a4a2-4cab-9572-7c3fedc2361b" />
      <TestMethod codeBase="F:\ETWork\bin\Tests\IntgTests.PSScriptModules.x64.dll" adapterTypeName="Microsoft.VisualStudio.TestTools.TestTypes.Unit.UnitTestAdapter" className="IntgTests.PSScriptModules.Web.Aministration.WebAdministrationCmdletTests" name="RemoveiCoreWebAdminRoleWindowsMember_RemoveNonExistingUserFromExistingRole_Succeeds" />
    </UnitTest>
    <UnitTest name="RemoveiCoreWebAdminUser_ExistingSiteAndUser_SucceedsAndRemovesUser" storage="f:\etwork\bin\tests\intgtests.psscriptmodules.x64.dll" id="f92b4209-5989-67d6-ac37-0d62d78a92a8">
      <TestCategory>
        <TestCategoryItem TestCategory="PowerShell" />
      </TestCategory>
      <Execution id="8defb124-6d49-46c2-a7e7-2e8b59fee0fd" />
      <TestMethod codeBase="F:\ETWork\bin\Tests\IntgTests.PSScriptModules.x64.dll" adapterTypeName="Microsoft.VisualStudio.TestTools.TestTypes.Unit.UnitTestAdapter" className="IntgTests.PSScriptModules.Web.Aministration.WebAdministrationCmdletTests" name="RemoveiCoreWebAdminUser_ExistingSiteAndUser_SucceedsAndRemovesUser" />
    </UnitTest>
    <UnitTest name="RemoveiCoreWebAdminUser_NonExistingSite_Fails" storage="f:\etwork\bin\tests\intgtests.psscriptmodules.x64.dll" id="cbf59694-a25f-5d21-d1cc-8d216a6e13a2">
      <TestCategory>
        <TestCategoryItem TestCategory="PowerShell" />
      </TestCategory>
      <Execution id="dde270ae-b3cc-4ca4-9c5a-ebac453c60c1" />
      <TestMethod codeBase="F:\ETWork\bin\Tests\IntgTests.PSScriptModules.x64.dll" adapterTypeName="Microsoft.VisualStudio.TestTools.TestTypes.Unit.UnitTestAdapter" className="IntgTests.PSScriptModules.Web.Aministration.WebAdministrationCmdletTests" name="RemoveiCoreWebAdminUser_NonExistingSite_Fails" />
    </UnitTest>
    <UnitTest name="RemoveiCoreWebAdminUser_NonExistingUser_Succeeds" storage="f:\etwork\bin\tests\intgtests.psscriptmodules.x64.dll" id="22d2e618-700a-476d-78ba-3f20a5e76ead">
      <TestCategory>
        <TestCategoryItem TestCategory="PowerShell" />
      </TestCategory>
      <Execution id="e73f7000-4852-4d0b-8ab6-bdd35749ca55" />
      <TestMethod codeBase="F:\ETWork\bin\Tests\IntgTests.PSScriptModules.x64.dll" adapterTypeName="Microsoft.VisualStudio.TestTools.TestTypes.Unit.UnitTestAdapter" className="IntgTests.PSScriptModules.Web.Aministration.WebAdministrationCmdletTests" name="RemoveiCoreWebAdminUser_NonExistingUser_Succeeds" />
    </UnitTest>
    <UnitTest name="SetiCoreWebAdminUserPassword_ExistingSite_SucceedsAndAddsUserCorrectly" storage="f:\etwork\bin\tests\intgtests.psscriptmodules.x64.dll" id="c12bc207-c839-664b-e8e4-1f6a4c233747">
      <TestCategory>
        <TestCategoryItem TestCategory="PowerShell" />
      </TestCategory>
      <Execution id="639c8429-d9fb-4b39-85ca-bf4bd1d290ea" />
      <TestMethod codeBase="F:\ETWork\bin\Tests\IntgTests.PSScriptModules.x64.dll" adapterTypeName="Microsoft.VisualStudio.TestTools.TestTypes.Unit.UnitTestAdapter" className="IntgTests.PSScriptModules.Web.Aministration.WebAdministrationCmdletTests" name="SetiCoreWebAdminUserPassword_ExistingSite_SucceedsAndAddsUserCorrectly" />
    </UnitTest>
    <UnitTest name="SetiCoreWebAdminUserPassword_NonExistingSite_Fails" storage="f:\etwork\bin\tests\intgtests.psscriptmodules.x64.dll" id="edd52a16-479b-83cd-1089-32962d309cf4">
      <TestCategory>
        <TestCategoryItem TestCategory="PowerShell" />
      </TestCategory>
      <Execution id="65608816-ffc3-4ea0-acb1-af103d0b9a1b" />
      <TestMethod codeBase="F:\ETWork\bin\Tests\IntgTests.PSScriptModules.x64.dll" adapterTypeName="Microsoft.VisualStudio.TestTools.TestTypes.Unit.UnitTestAdapter" className="IntgTests.PSScriptModules.Web.Aministration.WebAdministrationCmdletTests" name="SetiCoreWebAdminUserPassword_NonExistingSite_Fails" />
    </UnitTest>
    <UnitTest name="SetiCoreWebAdminUserPassword_NonExistingUser_Fails" storage="f:\etwork\bin\tests\intgtests.psscriptmodules.x64.dll" id="428ef3dd-608d-3cce-f778-c42c05ff7c23">
      <TestCategory>
        <TestCategoryItem TestCategory="PowerShell" />
      </TestCategory>
      <Execution id="a664fd90-b4a2-4b06-bcfb-9d79a8213e5a" />
      <TestMethod codeBase="F:\ETWork\bin\Tests\IntgTests.PSScriptModules.x64.dll" adapterTypeName="Microsoft.VisualStudio.TestTools.TestTypes.Unit.UnitTestAdapter" className="IntgTests.PSScriptModules.Web.Aministration.WebAdministrationCmdletTests" name="SetiCoreWebAdminUserPassword_NonExistingUser_Fails" />
    </UnitTest>
  </TestDefinitions>
  <TestEntries>
    <TestEntry testId="4d71b0f1-3133-6070-adcd-1512e0a71c59" executionId="ab7e2d15-3871-4e33-9db3-7427e7e6dd6b" testListId="8c84fa94-04c1-424b-9868-57a2d4851a1d" />
    <TestEntry testId="0597be01-a33b-747b-83ce-d701da0ab990" executionId="ca79b92a-e54c-4e0b-86ba-5fe1d20bd970" testListId="8c84fa94-04c1-424b-9868-57a2d4851a1d" />
    <TestEntry testId="077fe0ec-d80e-8e8c-9e7e-766194a2d0a0" executionId="836cea51-dc16-4b21-9897-c5ad681d7465" testListId="8c84fa94-04c1-424b-9868-57a2d4851a1d" />
    <TestEntry testId="f019f785-8266-f710-7574-75fb218f0055" executionId="9807dc83-1ed7-474f-a05a-778d58e01590" testListId="8c84fa94-04c1-424b-9868-57a2d4851a1d" />
    <TestEntry testId="ec729207-8501-27b1-21df-be4f44afe2e5" executionId="fd3a7e4b-8c84-4389-ba04-fddfafce1706" testListId="8c84fa94-04c1-424b-9868-57a2d4851a1d" />
    <TestEntry testId="80642124-5b93-7732-aac3-a787d323ba4a" executionId="d97d057b-3fe0-4ab0-aca3-9f55c2ad2405" testListId="8c84fa94-04c1-424b-9868-57a2d4851a1d" />
    <TestEntry testId="5ed6c3c6-ba43-085e-c4df-fb27443d7791" executionId="1685e25e-2614-4f1c-b9cd-e47fb34c7a6d" testListId="8c84fa94-04c1-424b-9868-57a2d4851a1d" />
    <TestEntry testId="4937279a-e1d8-d3dd-dd3d-bbd6a83e6d5a" executionId="9714e2cd-df6a-4828-af21-711eb4458409" testListId="8c84fa94-04c1-424b-9868-57a2d4851a1d" />
    <TestEntry testId="ccce200c-85c2-635d-8be7-7284efa1b221" executionId="44941d97-1bc1-4437-bc9e-fb5631522a79" testListId="8c84fa94-04c1-424b-9868-57a2d4851a1d" />
    <TestEntry testId="1952aa32-5b32-88a0-55be-db620e444d7f" executionId="940c6837-1e1f-4685-bc94-e4f4a73af929" testListId="8c84fa94-04c1-424b-9868-57a2d4851a1d" />
    <TestEntry testId="964eebf1-9927-93cf-f9ca-737c8bd7a85f" executionId="483bea95-854c-46b1-a739-efe80a1d5ea7" testListId="8c84fa94-04c1-424b-9868-57a2d4851a1d" />
    <TestEntry testId="023c61d6-86e9-9900-0767-fed477b82048" executionId="e1d16e9f-cb67-49ca-9d9f-4e3b80d467f7" testListId="8c84fa94-04c1-424b-9868-57a2d4851a1d" />
    <TestEntry testId="a49e02f9-d684-9e85-dddb-36a2555a6b85" executionId="31a97fdc-1ac0-48b0-8fc3-8e79fef628c1" testListId="8c84fa94-04c1-424b-9868-57a2d4851a1d" />
    <TestEntry testId="b5662d0b-e229-1bcb-df85-ec9d1b17aee6" executionId="2d027087-9cef-4cba-b8c2-6aefd352d632" testListId="8c84fa94-04c1-424b-9868-57a2d4851a1d" />
    <TestEntry testId="d4ffbdb5-ac1b-1600-3549-60aa53f456c2" executionId="fcb42655-d860-4be6-ac9f-4cf1fbf92667" testListId="8c84fa94-04c1-424b-9868-57a2d4851a1d" />
    <TestEntry testId="84601c42-e704-b633-e9f6-646a36a42864" executionId="f3309f71-9bfa-4544-86d7-884f4c717f5f" testListId="8c84fa94-04c1-424b-9868-57a2d4851a1d" />
    <TestEntry testId="7e51c0ee-d899-aecc-09b6-364c10643e98" executionId="ecab48cc-9a06-436a-bffa-2b5e5d44a95a" testListId="8c84fa94-04c1-424b-9868-57a2d4851a1d" />
    <TestEntry testId="39b4ab8a-0e10-b52c-796d-86ce7fdd052f" executionId="697763b1-beb9-4ff6-ba12-5d2c3dc41884" testListId="8c84fa94-04c1-424b-9868-57a2d4851a1d" />
    <TestEntry testId="6ffecaac-bfe0-ac8b-f7e6-f6ef1498b2c4" executionId="2661338e-2654-428d-8862-8c425649e871" testListId="8c84fa94-04c1-424b-9868-57a2d4851a1d" />
    <TestEntry testId="6c62cedc-40c1-2cdf-970a-1bfcbd583633" executionId="bfb18b4e-b63b-4f05-95c6-ff986e722b7a" testListId="8c84fa94-04c1-424b-9868-57a2d4851a1d" />
    <TestEntry testId="32047c9e-73fd-a60a-2b9d-7929c807a8e8" executionId="10044e49-352d-4f45-a09d-14aa92a18260" testListId="8c84fa94-04c1-424b-9868-57a2d4851a1d" />
    <TestEntry testId="ffc85818-e2dd-02a2-fdc4-546b05decf7f" executionId="c1c6cd88-e85d-4cc4-86a0-6730b7e3f704" testListId="8c84fa94-04c1-424b-9868-57a2d4851a1d" />
    <TestEntry testId="b0656655-5144-bbf2-7059-c9887270ddbd" executionId="d8365e71-e5e3-423e-b338-34f1ef0e2e05" testListId="8c84fa94-04c1-424b-9868-57a2d4851a1d" />
    <TestEntry testId="2d1d9b97-8399-feeb-1256-8bf3bdd1d03e" executionId="0bc37fac-440b-4591-912b-b58583cf47d2" testListId="8c84fa94-04c1-424b-9868-57a2d4851a1d" />
    <TestEntry testId="02ad7601-11cf-ab9c-9eb0-9315dfd10265" executionId="368443eb-468b-4fbb-b3c0-716bb43fa8e0" testListId="8c84fa94-04c1-424b-9868-57a2d4851a1d" />
    <TestEntry testId="3fc8612c-63d0-2d17-4894-a895409e9661" executionId="30dce7ab-e415-40e6-9f0b-6b702bdf5444" testListId="8c84fa94-04c1-424b-9868-57a2d4851a1d" />
    <TestEntry testId="eacbd293-d5bc-d230-8ded-718583c52995" executionId="92f37691-6118-44d2-81ce-7dc9abaf4815" testListId="8c84fa94-04c1-424b-9868-57a2d4851a1d" />
    <TestEntry testId="803f33c0-69e3-21d6-681e-baf09c5e348f" executionId="6c1b8076-efe0-4e0d-a848-6c1bbdf080a8" testListId="8c84fa94-04c1-424b-9868-57a2d4851a1d" />
    <TestEntry testId="fb22e13e-3086-6af6-2750-bfc781911d41" executionId="bb70e1f9-e426-4439-8013-0be67528764d" testListId="8c84fa94-04c1-424b-9868-57a2d4851a1d" />
    <TestEntry testId="d5b18953-9d0c-9fc1-1cf8-1ab7b546b03a" executionId="c5d28790-8db1-4555-b4e8-158c5e38552c" testListId="8c84fa94-04c1-424b-9868-57a2d4851a1d" />
    <TestEntry testId="d437a6ff-7064-c8ab-b108-07609441948d" executionId="8aab4c8d-f726-479d-aa22-1cda8d13742f" testListId="8c84fa94-04c1-424b-9868-57a2d4851a1d" />
    <TestEntry testId="966f32af-bf32-e399-193b-16d60fa736b6" executionId="5f743731-9f4c-4183-8223-b2684b686075" testListId="8c84fa94-04c1-424b-9868-57a2d4851a1d" />
    <TestEntry testId="ccfd1676-466e-cd76-1eac-216896cb5c8b" executionId="9e2b9a27-29bd-4508-a718-a49e0a6b63b0" testListId="8c84fa94-04c1-424b-9868-57a2d4851a1d" />
    <TestEntry testId="3507b2ab-811f-45d5-1b72-1442ded342a0" executionId="08f353d8-2dfc-4567-be3b-c6d115935333" testListId="8c84fa94-04c1-424b-9868-57a2d4851a1d" />
    <TestEntry testId="ff678060-16ff-6259-0401-2a210906c9ca" executionId="83125d20-09aa-4dfd-bfdc-34d7ffa27a99" testListId="8c84fa94-04c1-424b-9868-57a2d4851a1d" />
    <TestEntry testId="d94113d4-d60a-94bc-fa5b-ae75441a89f9" executionId="7d3cb1e8-a4a2-4cab-9572-7c3fedc2361b" testListId="8c84fa94-04c1-424b-9868-57a2d4851a1d" />
    <TestEntry testId="f92b4209-5989-67d6-ac37-0d62d78a92a8" executionId="8defb124-6d49-46c2-a7e7-2e8b59fee0fd" testListId="8c84fa94-04c1-424b-9868-57a2d4851a1d" />
    <TestEntry testId="cbf59694-a25f-5d21-d1cc-8d216a6e13a2" executionId="dde270ae-b3cc-4ca4-9c5a-ebac453c60c1" testListId="8c84fa94-04c1-424b-9868-57a2d4851a1d" />
    <TestEntry testId="22d2e618-700a-476d-78ba-3f20a5e76ead" executionId="e73f7000-4852-4d0b-8ab6-bdd35749ca55" testListId="8c84fa94-04c1-424b-9868-57a2d4851a1d" />
    <TestEntry testId="c12bc207-c839-664b-e8e4-1f6a4c233747" executionId="639c8429-d9fb-4b39-85ca-bf4bd1d290ea" testListId="8c84fa94-04c1-424b-9868-57a2d4851a1d" />
    <TestEntry testId="edd52a16-479b-83cd-1089-32962d309cf4" executionId="65608816-ffc3-4ea0-acb1-af103d0b9a1b" testListId="8c84fa94-04c1-424b-9868-57a2d4851a1d" />
    <TestEntry testId="428ef3dd-608d-3cce-f778-c42c05ff7c23" executionId="a664fd90-b4a2-4b06-bcfb-9d79a8213e5a" testListId="8c84fa94-04c1-424b-9868-57a2d4851a1d" />
  </TestEntries>
  <TestLists>
    <TestList name="Results Not in a List" id="8c84fa94-04c1-424b-9868-57a2d4851a1d" />
    <TestList name="All Loaded Results" id="19431567-8539-422a-85d7-44ee4e166bda" />
  </TestLists>
  <ResultSummary outcome="Completed">
    <Counters total="42" executed="42" passed="42" failed="0" error="0" timeout="0" aborted="0" inconclusive="0" passedButRunAborted="0" notRunnable="0" notExecuted="0" disconnected="0" warning="0" completed="0" inProgress="0" pending="0" />
  </ResultSummary>
</TestRun>