<?xml version="1.0" encoding="UTF-8"?>
<TestRun id="8d629a8e-951c-49ef-80b1-643b48b9763d" name="bacemi@ICSWS068 2016-08-04 09:48:58" runUser="ICORE\bacemi" xmlns="http://microsoft.com/schemas/VisualStudio/TeamTest/2010">
  <Times creation="2016-08-04T09:48:58.9601049+02:00" queuing="2016-08-04T09:48:58.9601049+02:00" start="2016-08-04T09:48:56.9444981+02:00" finish="2016-08-04T09:49:09.6816108+02:00" />
  <TestSettings name="default" id="877b1eba-a78e-4339-a922-91462f5633ff">
    <Execution>
      <TestTypeSpecific />
    </Execution>
    <Deployment runDeploymentRoot="bacemi_ICSWS068 2016-08-04 09_48_58" />
    <Properties />
  </TestSettings>
  <Results>
    <UnitTestResult executionId="dd6dab64-ca36-46f0-b807-37c7c43ced8a" testId="1b32ed21-86d6-2a79-b208-fa41adbf76a9" testName="BuildiCoreComponent_ErrActionIsContinueAndCompileError_SuccessAndFailureReportedInResult" computerName="ICSWS068" duration="00:00:01.6922544" startTime="2016-08-04T09:48:56.9444981+02:00" endTime="2016-08-04T09:48:58.8812989+02:00" testType="13cdc9d9-ddb5-4fa4-a97d-d965ccfc6d4b" outcome="Passed" testListId="8c84fa94-04c1-424b-9868-57a2d4851a1d" relativeResultsDirectory="dd6dab64-ca36-46f0-b807-37c7c43ced8a" />
    <UnitTestResult executionId="f89afa83-3679-404d-975d-629909a06819" testId="9effb6af-a5bb-28f7-d94b-10786892d310" testName="BuildiCoreComponent_ErrActionIsStopAndCompileError_Throws" computerName="ICSWS068" duration="00:00:00.1319367" startTime="2016-08-04T09:48:58.8848009+02:00" endTime="2016-08-04T09:48:59.0192089+02:00" testType="13cdc9d9-ddb5-4fa4-a97d-d965ccfc6d4b" outcome="Passed" testListId="8c84fa94-04c1-424b-9868-57a2d4851a1d" relativeResultsDirectory="f89afa83-3679-404d-975d-629909a06819" />
    <UnitTestResult executionId="04a7cef1-76dc-48c1-ae27-8ebef91505ab" testId="bd4fb751-61d9-83ad-e1d1-289285394981" testName="BuildiCoreComponent_CancelIsCalledErroractionIsStop_CompileIsCancelled" computerName="ICSWS068" duration="00:00:00.6190963" startTime="2016-08-04T09:48:59.0223883+02:00" endTime="2016-08-04T09:48:59.6431050+02:00" testType="13cdc9d9-ddb5-4fa4-a97d-d965ccfc6d4b" outcome="Passed" testListId="8c84fa94-04c1-424b-9868-57a2d4851a1d" relativeResultsDirectory="04a7cef1-76dc-48c1-ae27-8ebef91505ab" />
    <UnitTestResult executionId="09b939cb-e89a-4ee0-97ac-aeb3fee7500b" testId="32a6d3b6-d49e-42e9-864e-1dd47da5d46e" testName="BuildiCoreComponent_InformationMessageWritten_MessageRecivedByHost" computerName="ICSWS068" duration="00:00:00.1207385" startTime="2016-08-04T09:48:59.6455897+02:00" endTime="2016-08-04T09:48:59.7675255+02:00" testType="13cdc9d9-ddb5-4fa4-a97d-d965ccfc6d4b" outcome="Passed" testListId="8c84fa94-04c1-424b-9868-57a2d4851a1d" relativeResultsDirectory="09b939cb-e89a-4ee0-97ac-aeb3fee7500b" />
    <UnitTestResult executionId="32e25ca2-abd6-481b-bc8f-d92b636895c9" testId="b0e16d9b-a49a-87f5-6cf1-b494684dc297" testName="BuildiCoreComponent_WarningMessageWritten_MessageRecivedByHost" computerName="ICSWS068" duration="00:00:00.6308403" startTime="2016-08-04T09:48:59.7695099+02:00" endTime="2016-08-04T09:49:00.4027810+02:00" testType="13cdc9d9-ddb5-4fa4-a97d-d965ccfc6d4b" outcome="Passed" testListId="8c84fa94-04c1-424b-9868-57a2d4851a1d" relativeResultsDirectory="32e25ca2-abd6-481b-bc8f-d92b636895c9" />
    <UnitTestResult executionId="a08f4a5d-2f9e-482d-ad15-236cf4a337ae" testId="e29c3873-b3c1-72b3-c86c-2d6dd4758246" testName="BuildiCoreComponent_ErrorMessageWritten_MessageRecivedByHost" computerName="ICSWS068" duration="00:00:02.1220971" startTime="2016-08-04T09:49:00.4057833+02:00" endTime="2016-08-04T09:49:02.5293442+02:00" testType="13cdc9d9-ddb5-4fa4-a97d-d965ccfc6d4b" outcome="Passed" testListId="8c84fa94-04c1-424b-9868-57a2d4851a1d" relativeResultsDirectory="a08f4a5d-2f9e-482d-ad15-236cf4a337ae" />
    <UnitTestResult executionId="240b670d-149a-4d0d-82bb-f7bdbb44d1c8" testId="d92201d3-718f-6792-cf64-1f633502b2da" testName="BuildiCoreComponent_AllIsSet_Success" computerName="ICSWS068" duration="00:00:00.1623419" startTime="2016-08-04T09:49:02.5318676+02:00" endTime="2016-08-04T09:49:02.6959813+02:00" testType="13cdc9d9-ddb5-4fa4-a97d-d965ccfc6d4b" outcome="Passed" testListId="8c84fa94-04c1-424b-9868-57a2d4851a1d" relativeResultsDirectory="240b670d-149a-4d0d-82bb-f7bdbb44d1c8" />
    <UnitTestResult executionId="3233240e-9d0e-474f-b063-a5092c044dea" testId="0b9f77fa-7184-681a-70f8-6612568cc658" testName="BuildiCoreComponent_NameIsSet_Success" computerName="ICSWS068" duration="00:00:00.2578001" startTime="2016-08-04T09:49:02.7004683+02:00" endTime="2016-08-04T09:49:02.9594501+02:00" testType="13cdc9d9-ddb5-4fa4-a97d-d965ccfc6d4b" outcome="Passed" testListId="8c84fa94-04c1-424b-9868-57a2d4851a1d" relativeResultsDirectory="3233240e-9d0e-474f-b063-a5092c044dea" />
    <UnitTestResult executionId="159d2754-ff79-46fc-92cc-d7f4d32da286" testId="23e2d4bc-fc29-ae82-8859-778507443b22" testName="BuildiCoreComponent_IdIsMissing_Throws" computerName="ICSWS068" duration="00:00:00.1246736" startTime="2016-08-04T09:49:02.9622720+02:00" endTime="2016-08-04T09:49:03.0886672+02:00" testType="13cdc9d9-ddb5-4fa4-a97d-d965ccfc6d4b" outcome="Passed" testListId="8c84fa94-04c1-424b-9868-57a2d4851a1d" relativeResultsDirectory="159d2754-ff79-46fc-92cc-d7f4d32da286" />
    <UnitTestResult executionId="cb358238-a423-4154-957f-567e732ba5d5" testId="7f12719e-6bd2-b389-6513-45751b028090" testName="BuildiCoreComponent_UsernameIsMissing_Throws" computerName="ICSWS068" duration="00:00:00.1156673" startTime="2016-08-04T09:49:03.0916692+02:00" endTime="2016-08-04T09:49:03.2084699+02:00" testType="13cdc9d9-ddb5-4fa4-a97d-d965ccfc6d4b" outcome="Passed" testListId="8c84fa94-04c1-424b-9868-57a2d4851a1d" relativeResultsDirectory="cb358238-a423-4154-957f-567e732ba5d5" />
    <UnitTestResult executionId="d19e6b16-4b8a-42f2-874b-83a68a29fa93" testId="f1d7cbe8-be6a-85b2-3b09-8f9073fae54d" testName="BuildiCoreComponent_PasswordIsMissing_Throws" computerName="ICSWS068" duration="00:00:00.1177098" startTime="2016-08-04T09:49:03.2119778+02:00" endTime="2016-08-04T09:49:03.3307831+02:00" testType="13cdc9d9-ddb5-4fa4-a97d-d965ccfc6d4b" outcome="Passed" testListId="8c84fa94-04c1-424b-9868-57a2d4851a1d" relativeResultsDirectory="d19e6b16-4b8a-42f2-874b-83a68a29fa93" />
    <UnitTestResult executionId="6d2916bd-0dcd-444a-bbca-6e00248ab352" testId="118389b1-06dd-19a9-2240-99c5108eee26" testName="BuildiCoreComponent_AllOrNameIsMissing_Throws" computerName="ICSWS068" duration="00:00:00.1275266" startTime="2016-08-04T09:49:03.3333036+02:00" endTime="2016-08-04T09:49:03.4625794+02:00" testType="13cdc9d9-ddb5-4fa4-a97d-d965ccfc6d4b" outcome="Passed" testListId="8c84fa94-04c1-424b-9868-57a2d4851a1d" relativeResultsDirectory="6d2916bd-0dcd-444a-bbca-6e00248ab352" />
    <UnitTestResult executionId="85bfdca9-6bc0-4d2a-9ff3-4a5f0c593226" testId="52380e27-f938-b163-a518-ed3927b9ed55" testName="GetEntity_User_ReturnsPublicType" computerName="ICSWS068" duration="00:00:00.1291031" startTime="2016-08-04T09:49:03.4650969+02:00" endTime="2016-08-04T09:49:03.5958484+02:00" testType="13cdc9d9-ddb5-4fa4-a97d-d965ccfc6d4b" outcome="Passed" testListId="8c84fa94-04c1-424b-9868-57a2d4851a1d" relativeResultsDirectory="85bfdca9-6bc0-4d2a-9ff3-4a5f0c593226" />
    <UnitTestResult executionId="efc610c5-5396-4a51-9e45-ac67cdfc7e66" testId="e5ed55db-8273-eb6c-8897-f78698321b93" testName="GetEntity_Server_ReturnsPublicType" computerName="ICSWS068" duration="00:00:00.1159245" startTime="2016-08-04T09:49:03.5988504+02:00" endTime="2016-08-04T09:49:03.7162683+02:00" testType="13cdc9d9-ddb5-4fa4-a97d-d965ccfc6d4b" outcome="Passed" testListId="8c84fa94-04c1-424b-9868-57a2d4851a1d" relativeResultsDirectory="efc610c5-5396-4a51-9e45-ac67cdfc7e66" />
    <UnitTestResult executionId="55ed830b-692b-4e23-8356-a4073c624168" testId="a1b32535-92bc-90ba-dc83-d5c2cff83968" testName="GetEntity_UserGroup_ReturnsPublicType" computerName="ICSWS068" duration="00:00:00.1494484" startTime="2016-08-04T09:49:03.7187697+02:00" endTime="2016-08-04T09:49:03.8686255+02:00" testType="13cdc9d9-ddb5-4fa4-a97d-d965ccfc6d4b" outcome="Passed" testListId="8c84fa94-04c1-424b-9868-57a2d4851a1d" relativeResultsDirectory="55ed830b-692b-4e23-8356-a4073c624168" />
    <UnitTestResult executionId="130ec11c-42ae-41ff-8a2a-de2d6f9d60c1" testId="04ec0688-0be7-1127-d1c9-d021701d3063" testName="GetEntityTypeCommand_NoArgument_ReturnsExportable" computerName="ICSWS068" duration="00:00:00.1207100" startTime="2016-08-04T09:49:03.8720709+02:00" endTime="2016-08-04T09:49:03.9941733+02:00" testType="13cdc9d9-ddb5-4fa4-a97d-d965ccfc6d4b" outcome="Passed" testListId="8c84fa94-04c1-424b-9868-57a2d4851a1d" relativeResultsDirectory="130ec11c-42ae-41ff-8a2a-de2d6f9d60c1" />
    <UnitTestResult executionId="f566cffe-ad25-4709-9563-289c7b965d0a" testId="d5c5c98f-4c2c-a058-b8b1-dcf697a095c5" testName="GetEntityTypeCommand_ExportableArgument_ReturnsExportable" computerName="ICSWS068" duration="00:00:00.1285439" startTime="2016-08-04T09:49:03.9971747+02:00" endTime="2016-08-04T09:49:04.1268687+02:00" testType="13cdc9d9-ddb5-4fa4-a97d-d965ccfc6d4b" outcome="Passed" testListId="8c84fa94-04c1-424b-9868-57a2d4851a1d" relativeResultsDirectory="f566cffe-ad25-4709-9563-289c7b965d0a" />
    <UnitTestResult executionId="bea9cff3-fa55-48ba-a02c-4d16204956e0" testId="2450bfe9-3209-c37b-31b7-71712e5050b5" testName="GetEntityTypeCommand_CrudableArgument_ReturnsCrudable" computerName="ICSWS068" duration="00:00:00.1147046" startTime="2016-08-04T09:49:04.1293707+02:00" endTime="2016-08-04T09:49:04.2458957+02:00" testType="13cdc9d9-ddb5-4fa4-a97d-d965ccfc6d4b" outcome="Passed" testListId="8c84fa94-04c1-424b-9868-57a2d4851a1d" relativeResultsDirectory="bea9cff3-fa55-48ba-a02c-4d16204956e0" />
    <UnitTestResult executionId="7f280bbf-855c-4233-8f68-270fc12e5ce6" testId="b67665aa-f400-fe21-aa42-72bd65f426c4" testName="GetEntityTypeCommand_AllArgument_ReturnsAll" computerName="ICSWS068" duration="00:00:00.1118809" startTime="2016-08-04T09:49:04.2484126+02:00" endTime="2016-08-04T09:49:04.3617735+02:00" testType="13cdc9d9-ddb5-4fa4-a97d-d965ccfc6d4b" outcome="Passed" testListId="8c84fa94-04c1-424b-9868-57a2d4851a1d" relativeResultsDirectory="7f280bbf-855c-4233-8f68-270fc12e5ce6" />
    <UnitTestResult executionId="77dcfa65-bc18-4eea-a9ac-ab78dbd82020" testId="b0ffe8ad-5188-00ee-a13e-a2b78e683744" testName="GetEntityTypeCommand_CrudableAndExportableArgument_ReturnsCrudableAndExportable" computerName="ICSWS068" duration="00:00:00.1127782" startTime="2016-08-04T09:49:04.3642758+02:00" endTime="2016-08-04T09:49:04.4786512+02:00" testType="13cdc9d9-ddb5-4fa4-a97d-d965ccfc6d4b" outcome="Passed" testListId="8c84fa94-04c1-424b-9868-57a2d4851a1d" relativeResultsDirectory="77dcfa65-bc18-4eea-a9ac-ab78dbd82020" />
    <UnitTestResult executionId="b1b47d3c-b601-452d-b545-31a9f2823415" testId="ead67bce-39fd-20b6-e575-2c8c4f644355" testName="GetEntityTypeCommand_AllArgument_NoDuplicatesReturned" computerName="ICSWS068" duration="00:00:00.1105194" startTime="2016-08-04T09:49:04.4811565+02:00" endTime="2016-08-04T09:49:04.5927431+02:00" testType="13cdc9d9-ddb5-4fa4-a97d-d965ccfc6d4b" outcome="Passed" testListId="8c84fa94-04c1-424b-9868-57a2d4851a1d" relativeResultsDirectory="b1b47d3c-b601-452d-b545-31a9f2823415" />
    <UnitTestResult executionId="2e617b29-5b2d-4682-a2fd-c5252641d725" testId="366082e0-93cb-7ab7-23bd-5d0dec480aca" testName="GetExportableEntity_DefaultParamaters_CorrectNumberOfEntities" computerName="ICSWS068" duration="00:00:00.3508122" startTime="2016-08-04T09:49:04.5952610+02:00" endTime="2016-08-04T09:49:04.9476139+02:00" testType="13cdc9d9-ddb5-4fa4-a97d-d965ccfc6d4b" outcome="Passed" testListId="8c84fa94-04c1-424b-9868-57a2d4851a1d" relativeResultsDirectory="2e617b29-5b2d-4682-a2fd-c5252641d725" />
    <UnitTestResult executionId="e8e21c3c-d763-4778-adfb-0eac39963cc5" testId="4061c0fc-9713-c7f3-c5dc-4c2ea15eb305" testName="GetExportableEntity_DefaultParamaters_EntityInfoReturnType" computerName="ICSWS068" duration="00:00:00.1239020" startTime="2016-08-04T09:49:04.9506148+02:00" endTime="2016-08-04T09:49:05.0756722+02:00" testType="13cdc9d9-ddb5-4fa4-a97d-d965ccfc6d4b" outcome="Passed" testListId="8c84fa94-04c1-424b-9868-57a2d4851a1d" relativeResultsDirectory="e8e21c3c-d763-4778-adfb-0eac39963cc5" />
    <UnitTestResult executionId="137ee8a4-b10c-4fff-9665-d64ae6529751" testId="cbf394f6-0caa-cc81-9a1c-0c8c2f8aefd3" testName="GetExportableEntity_ReturnEntitySet_IEntityReturnType" computerName="ICSWS068" duration="00:00:00.1353475" startTime="2016-08-04T09:49:05.0786736+02:00" endTime="2016-08-04T09:49:05.2155692+02:00" testType="13cdc9d9-ddb5-4fa4-a97d-d965ccfc6d4b" outcome="Passed" testListId="8c84fa94-04c1-424b-9868-57a2d4851a1d" relativeResultsDirectory="137ee8a4-b10c-4fff-9665-d64ae6529751" />
    <UnitTestResult executionId="cda5f36a-ba40-4e5d-ab68-98e015c4f30f" testId="42dd2600-2347-f202-54ec-cede2677bd53" testName="NewEntity_Server_Success" computerName="ICSWS068" duration="00:00:00.1193804" startTime="2016-08-04T09:49:05.2195715+02:00" endTime="2016-08-04T09:49:05.3411049+02:00" testType="13cdc9d9-ddb5-4fa4-a97d-d965ccfc6d4b" outcome="Passed" testListId="8c84fa94-04c1-424b-9868-57a2d4851a1d" relativeResultsDirectory="cda5f36a-ba40-4e5d-ab68-98e015c4f30f" />
    <UnitTestResult executionId="31b1e7f7-3e64-4389-988a-f5e8a4b3b254" testId="d50a09e9-dd36-8b02-ea9b-6b2bc5ef7216" testName="NewEntity_User_Success" computerName="ICSWS068" duration="00:00:00.1166620" startTime="2016-08-04T09:49:05.3441066+02:00" endTime="2016-08-04T09:49:05.4617738+02:00" testType="13cdc9d9-ddb5-4fa4-a97d-d965ccfc6d4b" outcome="Passed" testListId="8c84fa94-04c1-424b-9868-57a2d4851a1d" relativeResultsDirectory="31b1e7f7-3e64-4389-988a-f5e8a4b3b254" />
    <UnitTestResult executionId="649d99bc-9b35-420e-901a-8b08cda00099" testId="150bbe7a-c537-881e-21b8-20ca66245689" testName="NewEntity_UnsupportedEntity_ThrowsArgumentException" computerName="ICSWS068" duration="00:00:00.1151102" startTime="2016-08-04T09:49:05.4642752+02:00" endTime="2016-08-04T09:49:05.5811313+02:00" testType="13cdc9d9-ddb5-4fa4-a97d-d965ccfc6d4b" outcome="Passed" testListId="8c84fa94-04c1-424b-9868-57a2d4851a1d" relativeResultsDirectory="649d99bc-9b35-420e-901a-8b08cda00099" />
    <UnitTestResult executionId="dc76b93e-2658-459d-bf7d-2a85977e7752" testId="72b9b80c-20d2-1dc7-21dd-6acc0a0b7986" testName="NewEntity_EnityTypeNotProvided_ThrowsException" computerName="ICSWS068" duration="00:00:00.1160946" startTime="2016-08-04T09:49:05.5836339+02:00" endTime="2016-08-04T09:49:05.7011862+02:00" testType="13cdc9d9-ddb5-4fa4-a97d-d965ccfc6d4b" outcome="Passed" testListId="8c84fa94-04c1-424b-9868-57a2d4851a1d" relativeResultsDirectory="dc76b93e-2658-459d-bf7d-2a85977e7752" />
    <UnitTestResult executionId="a055805a-14f6-461b-ad71-3652bf31cf24" testId="3f897402-dfe3-0ab2-2471-310fdcad9e40" testName="NewEntity_InvalidEnityType_ThrowsException" computerName="ICSWS068" duration="00:00:00.1310271" startTime="2016-08-04T09:49:05.7042069+02:00" endTime="2016-08-04T09:49:05.8367926+02:00" testType="13cdc9d9-ddb5-4fa4-a97d-d965ccfc6d4b" outcome="Passed" testListId="8c84fa94-04c1-424b-9868-57a2d4851a1d" relativeResultsDirectory="a055805a-14f6-461b-ad71-3652bf31cf24" />
    <UnitTestResult executionId="ea3357b7-951b-4e20-add4-7ddf4da60606" testId="90cd63ce-2588-1c01-9bce-1fcc615a8649" testName="Remove_DeleteServer_Success" computerName="ICSWS068" duration="00:00:00.1693904" startTime="2016-08-04T09:49:05.8392941+02:00" endTime="2016-08-04T09:49:06.0096715+02:00" testType="13cdc9d9-ddb5-4fa4-a97d-d965ccfc6d4b" outcome="Passed" testListId="8c84fa94-04c1-424b-9868-57a2d4851a1d" relativeResultsDirectory="ea3357b7-951b-4e20-add4-7ddf4da60606" />
    <UnitTestResult executionId="1d3477de-c329-4179-a5b0-f295217ef5d6" testId="86e6ec30-bc84-32bc-1a64-3cea3b2427ec" testName="Remove_DeleteUser_Success" computerName="ICSWS068" duration="00:00:00.1343974" startTime="2016-08-04T09:49:06.0131483+02:00" endTime="2016-08-04T09:49:06.1488442+02:00" testType="13cdc9d9-ddb5-4fa4-a97d-d965ccfc6d4b" outcome="Passed" testListId="8c84fa94-04c1-424b-9868-57a2d4851a1d" relativeResultsDirectory="1d3477de-c329-4179-a5b0-f295217ef5d6" />
    <UnitTestResult executionId="511f4ea5-25b2-4799-9a29-b500734389c0" testId="853641b5-4ace-f385-261d-ebdad15ff1f7" testName="Remove_DeleteNewUser_ThrowsArgumentException" computerName="ICSWS068" duration="00:00:00.1170858" startTime="2016-08-04T09:49:06.1513471+02:00" endTime="2016-08-04T09:49:06.2698909+02:00" testType="13cdc9d9-ddb5-4fa4-a97d-d965ccfc6d4b" outcome="Passed" testListId="8c84fa94-04c1-424b-9868-57a2d4851a1d" relativeResultsDirectory="511f4ea5-25b2-4799-9a29-b500734389c0" />
    <UnitTestResult executionId="3dce7395-ac59-46c2-a305-a125a8762879" testId="683ae8cc-7762-59d2-48d3-0da121823b03" testName="Remove_UserDataIsReplaced_ThrowsArgumentException" computerName="ICSWS068" duration="00:00:00.1266480" startTime="2016-08-04T09:49:06.2723934+02:00" endTime="2016-08-04T09:49:06.3993690+02:00" testType="13cdc9d9-ddb5-4fa4-a97d-d965ccfc6d4b" outcome="Passed" testListId="8c84fa94-04c1-424b-9868-57a2d4851a1d" relativeResultsDirectory="3dce7395-ac59-46c2-a305-a125a8762879" />
    <UnitTestResult executionId="4b6310b4-06b3-44a1-8900-cac90c67f68c" testId="423d18e0-7a5e-ed70-7a8b-c26a0cdca89e" testName="Remove_WhatIf_NothingRemoved" computerName="ICSWS068" duration="00:00:00.1186778" startTime="2016-08-04T09:49:06.4037827+02:00" endTime="2016-08-04T09:49:06.5237516+02:00" testType="13cdc9d9-ddb5-4fa4-a97d-d965ccfc6d4b" outcome="Passed" testListId="8c84fa94-04c1-424b-9868-57a2d4851a1d" relativeResultsDirectory="4b6310b4-06b3-44a1-8900-cac90c67f68c" />
    <UnitTestResult executionId="37285125-fce3-4afb-a9ec-7d83c82e6b02" testId="119ae0a0-fb05-0ee9-12e8-5ed96737c9af" testName="Remove_UnsupportedEntity_ThrowsArgumentException" computerName="ICSWS068" duration="00:00:00.1340874" startTime="2016-08-04T09:49:06.5267545+02:00" endTime="2016-08-04T09:49:06.6620625+02:00" testType="13cdc9d9-ddb5-4fa4-a97d-d965ccfc6d4b" outcome="Passed" testListId="8c84fa94-04c1-424b-9868-57a2d4851a1d" relativeResultsDirectory="37285125-fce3-4afb-a9ec-7d83c82e6b02" />
    <UnitTestResult executionId="95a74612-a295-407d-9073-5e6249c6cebf" testId="7c9c7eae-82da-c494-d48f-6b87755cdc7f" testName="SaveEntity_UpdateServer_Success" computerName="ICSWS068" duration="00:00:00.1259973" startTime="2016-08-04T09:49:06.6645639+02:00" endTime="2016-08-04T09:49:06.7918905+02:00" testType="13cdc9d9-ddb5-4fa4-a97d-d965ccfc6d4b" outcome="Passed" testListId="8c84fa94-04c1-424b-9868-57a2d4851a1d" relativeResultsDirectory="95a74612-a295-407d-9073-5e6249c6cebf" />
    <UnitTestResult executionId="468f59e1-5128-4452-9dc2-b763069ed13e" testId="1399ecb3-5836-05f3-4f83-bf219ce0503a" testName="SaveEntity_AddServer_Success" computerName="ICSWS068" duration="00:00:00.1178652" startTime="2016-08-04T09:49:06.7948928+02:00" endTime="2016-08-04T09:49:06.9141394+02:00" testType="13cdc9d9-ddb5-4fa4-a97d-d965ccfc6d4b" outcome="Passed" testListId="8c84fa94-04c1-424b-9868-57a2d4851a1d" relativeResultsDirectory="468f59e1-5128-4452-9dc2-b763069ed13e" />
    <UnitTestResult executionId="4e830b14-504d-4771-95a3-7d28adb3cf2d" testId="a667acd5-aff3-9d06-7ba8-8898939b41b3" testName="SaveEntity_UpdateUser_Success" computerName="ICSWS068" duration="00:00:00.1162007" startTime="2016-08-04T09:49:06.9171408+02:00" endTime="2016-08-04T09:49:07.0342515+02:00" testType="13cdc9d9-ddb5-4fa4-a97d-d965ccfc6d4b" outcome="Passed" testListId="8c84fa94-04c1-424b-9868-57a2d4851a1d" relativeResultsDirectory="4e830b14-504d-4771-95a3-7d28adb3cf2d" />
    <UnitTestResult executionId="fc1ae581-ead3-4cec-8195-9c646708182b" testId="6e0bb5ef-b3b3-be07-ab31-1fe7a44c2807" testName="SaveEntity_AddUser_Success" computerName="ICSWS068" duration="00:00:00.1242906" startTime="2016-08-04T09:49:07.0372529+02:00" endTime="2016-08-04T09:49:07.1626680+02:00" testType="13cdc9d9-ddb5-4fa4-a97d-d965ccfc6d4b" outcome="Passed" testListId="8c84fa94-04c1-424b-9868-57a2d4851a1d" relativeResultsDirectory="fc1ae581-ead3-4cec-8195-9c646708182b" />
    <UnitTestResult executionId="ce5c3e29-5916-4dbc-8df1-4d4ef8e45da5" testId="321ee18b-8045-e090-1825-3440fd9633eb" testName="SaveEntity_UnsupportedEntity_ThrowsArgumentException" computerName="ICSWS068" duration="00:00:00.1241173" startTime="2016-08-04T09:49:07.1656709+02:00" endTime="2016-08-04T09:49:07.2912286+02:00" testType="13cdc9d9-ddb5-4fa4-a97d-d965ccfc6d4b" outcome="Passed" testListId="8c84fa94-04c1-424b-9868-57a2d4851a1d" relativeResultsDirectory="ce5c3e29-5916-4dbc-8df1-4d4ef8e45da5" />
    <UnitTestResult executionId="27781627-777b-4c25-96fe-a098c5f5fc03" testId="70583982-10d2-ec5f-56b5-aaa2b472e42a" testName="SaveEntity_EnityTypeNotProvided_ThrowsException" computerName="ICSWS068" duration="00:00:00.1134518" startTime="2016-08-04T09:49:07.2942309+02:00" endTime="2016-08-04T09:49:07.4088536+02:00" testType="13cdc9d9-ddb5-4fa4-a97d-d965ccfc6d4b" outcome="Passed" testListId="8c84fa94-04c1-424b-9868-57a2d4851a1d" relativeResultsDirectory="27781627-777b-4c25-96fe-a098c5f5fc03" />
    <UnitTestResult executionId="6f32863c-e74c-4763-87bd-d8986c8dbe16" testId="cf914c0f-b59b-a785-d844-0b567901618d" testName="SaveEntity_UpdateUserDataIsReplaced_ThrowsArgumentException" computerName="ICSWS068" duration="00:00:00.1170441" startTime="2016-08-04T09:49:07.4113717+02:00" endTime="2016-08-04T09:49:07.5299524+02:00" testType="13cdc9d9-ddb5-4fa4-a97d-d965ccfc6d4b" outcome="Passed" testListId="8c84fa94-04c1-424b-9868-57a2d4851a1d" relativeResultsDirectory="6f32863c-e74c-4763-87bd-d8986c8dbe16" />
    <UnitTestResult executionId="746951ad-79ba-4862-a2b0-078627330487" testId="d87b1811-d3ab-c60a-9a67-67082010b1b3" testName="SaveEntity_AddUserDataIsReplaced_ThrowsArgumentException" computerName="ICSWS068" duration="00:00:00.1272266" startTime="2016-08-04T09:49:07.5324717+02:00" endTime="2016-08-04T09:49:07.6609751+02:00" testType="13cdc9d9-ddb5-4fa4-a97d-d965ccfc6d4b" outcome="Passed" testListId="8c84fa94-04c1-424b-9868-57a2d4851a1d" relativeResultsDirectory="746951ad-79ba-4862-a2b0-078627330487" />
    <UnitTestResult executionId="32035c4c-7c33-41a1-8ae8-3df96d1db9fe" testId="1a0a1acb-3322-1d72-26f2-5aada175203d" testName="ActivateLicenseCommand_CallsSendActivationRequestAsync_Success" computerName="ICSWS068" duration="00:00:00.1803198" startTime="2016-08-04T09:49:07.6639774+02:00" endTime="2016-08-04T09:49:07.8462418+02:00" testType="13cdc9d9-ddb5-4fa4-a97d-d965ccfc6d4b" outcome="Passed" testListId="8c84fa94-04c1-424b-9868-57a2d4851a1d" relativeResultsDirectory="32035c4c-7c33-41a1-8ae8-3df96d1db9fe" />
    <UnitTestResult executionId="2b62e49d-e130-42a8-b776-4e2a1e2d9b25" testId="ca994ba9-8f45-055b-7271-dd1146c1ad07" testName="ActivateLicenseCommand_Timeout_ThrowsException" computerName="ICSWS068" duration="00:00:00.1314071" startTime="2016-08-04T09:49:07.8487441+02:00" endTime="2016-08-04T09:49:07.9816579+02:00" testType="13cdc9d9-ddb5-4fa4-a97d-d965ccfc6d4b" outcome="Passed" testListId="8c84fa94-04c1-424b-9868-57a2d4851a1d" relativeResultsDirectory="2b62e49d-e130-42a8-b776-4e2a1e2d9b25">
      <Output>
        <StdOut>Dummy task, delaying more than allowed...</StdOut>
      </Output>
    </UnitTestResult>
    <UnitTestResult executionId="1bb953fe-4108-41db-97d3-f57d3287a217" testId="75361b4c-b0cd-70f7-e02e-a30c18d23e26" testName="ReactivateLicenseCommand_UsesStoredSerialNumber_Success" computerName="ICSWS068" duration="00:00:00.1193227" startTime="2016-08-04T09:49:07.9841585+02:00" endTime="2016-08-04T09:49:08.1045324+02:00" testType="13cdc9d9-ddb5-4fa4-a97d-d965ccfc6d4b" outcome="Passed" testListId="8c84fa94-04c1-424b-9868-57a2d4851a1d" relativeResultsDirectory="1bb953fe-4108-41db-97d3-f57d3287a217" />
    <UnitTestResult executionId="1e5ad63d-8dc2-4360-a8b6-00041b9bc667" testId="cc1156eb-24d9-6ec9-2224-c4eed0f05c04" testName="ReactivateLicenseCommand_UsesStoredSerialNumberAndAllowWorkgroupOverride_Success" computerName="ICSWS068" duration="00:00:00.1270360" startTime="2016-08-04T09:49:08.1070347+02:00" endTime="2016-08-04T09:49:08.2353876+02:00" testType="13cdc9d9-ddb5-4fa4-a97d-d965ccfc6d4b" outcome="Passed" testListId="8c84fa94-04c1-424b-9868-57a2d4851a1d" relativeResultsDirectory="1e5ad63d-8dc2-4360-a8b6-00041b9bc667" />
    <UnitTestResult executionId="cc474d9e-c7fd-4072-a753-edbd28cc5d09" testId="4e6ba840-6799-5f7f-dcf2-b6ded951cd2c" testName="ActivateLicenseCommand_ActivationFailed_ThrowsException" computerName="ICSWS068" duration="00:00:00.1146075" startTime="2016-08-04T09:49:08.2383741+02:00" endTime="2016-08-04T09:49:08.3548319+02:00" testType="13cdc9d9-ddb5-4fa4-a97d-d965ccfc6d4b" outcome="Passed" testListId="8c84fa94-04c1-424b-9868-57a2d4851a1d" relativeResultsDirectory="cc474d9e-c7fd-4072-a753-edbd28cc5d09" />
    <UnitTestResult executionId="d5b76404-61ae-480c-ae3e-1714b9d8bef4" testId="688b53db-efed-593e-dc79-b1be4965a6f4" testName="AllServicesInServiceLocatorAreSerializable" computerName="ICSWS068" duration="00:00:00.0713109" startTime="2016-08-04T09:49:08.3573193+02:00" endTime="2016-08-04T09:49:08.4297905+02:00" testType="13cdc9d9-ddb5-4fa4-a97d-d965ccfc6d4b" outcome="Passed" testListId="8c84fa94-04c1-424b-9868-57a2d4851a1d" relativeResultsDirectory="d5b76404-61ae-480c-ae3e-1714b9d8bef4" />
    <UnitTestResult executionId="f68f9477-2dec-4c25-8ca3-ed8d1248ea27" testId="b8bf78ee-3dff-7b54-3f2c-f38599caa45d" testName="StopiCoreSystem_Shutdown_SuccessAndSoftStopIssued" computerName="ICSWS068" duration="00:00:00.1628208" startTime="2016-08-04T09:49:08.4327960+02:00" endTime="2016-08-04T09:49:08.5970208+02:00" testType="13cdc9d9-ddb5-4fa4-a97d-d965ccfc6d4b" outcome="Passed" testListId="8c84fa94-04c1-424b-9868-57a2d4851a1d" relativeResultsDirectory="f68f9477-2dec-4c25-8ca3-ed8d1248ea27" />
    <UnitTestResult executionId="034718cc-78bb-4131-ac92-23383593116b" testId="d8a7529c-5fba-e1bd-ef8d-b8087ed13584" testName="StopiCoreSystem_SoftShutdown_SuccessAndSoftStopIssued" computerName="ICSWS068" duration="00:00:00.1157659" startTime="2016-08-04T09:49:08.6003143+02:00" endTime="2016-08-04T09:49:08.7173093+02:00" testType="13cdc9d9-ddb5-4fa4-a97d-d965ccfc6d4b" outcome="Passed" testListId="8c84fa94-04c1-424b-9868-57a2d4851a1d" relativeResultsDirectory="034718cc-78bb-4131-ac92-23383593116b" />
    <UnitTestResult executionId="d93aa803-59a8-4950-9aef-66eca7ebeb5d" testId="1cf9a22a-1411-d062-252b-279cbb50a05e" testName="StopiCoreSystem_ForcedSet_SuccessAndForcedStopIssued" computerName="ICSWS068" duration="00:00:00.1152063" startTime="2016-08-04T09:49:08.7203119+02:00" endTime="2016-08-04T09:49:08.8367968+02:00" testType="13cdc9d9-ddb5-4fa4-a97d-d965ccfc6d4b" outcome="Passed" testListId="8c84fa94-04c1-424b-9868-57a2d4851a1d" relativeResultsDirectory="d93aa803-59a8-4950-9aef-66eca7ebeb5d" />
    <UnitTestResult executionId="868b873d-b785-4b38-b245-3f5b96d67e59" testId="a87078aa-ef0c-a7bd-8793-3f55e32ca838" testName="StopiCoreSystem_ServerFailsToStopAndErrorActionIsStop_Throws" computerName="ICSWS068" duration="00:00:00.1370815" startTime="2016-08-04T09:49:08.8392832+02:00" endTime="2016-08-04T09:49:08.9779501+02:00" testType="13cdc9d9-ddb5-4fa4-a97d-d965ccfc6d4b" outcome="Passed" testListId="8c84fa94-04c1-424b-9868-57a2d4851a1d" relativeResultsDirectory="868b873d-b785-4b38-b245-3f5b96d67e59" />
    <UnitTestResult executionId="6658fc2a-7d93-4376-8120-2810de0d33b7" testId="a2ac4ee1-188a-c01f-248e-b014e4151c25" testName="StopiCoreSystem_FirstServerFailsToStopAndErrorActionIsContinue_Throws" computerName="ICSWS068" duration="00:00:00.1224563" startTime="2016-08-04T09:49:08.9804541+02:00" endTime="2016-08-04T09:49:09.1042306+02:00" testType="13cdc9d9-ddb5-4fa4-a97d-d965ccfc6d4b" outcome="Passed" testListId="8c84fa94-04c1-424b-9868-57a2d4851a1d" relativeResultsDirectory="6658fc2a-7d93-4376-8120-2810de0d33b7" />
    <UnitTestResult executionId="502e8267-abcb-435b-b1c5-fa95c9982587" testId="a42ca879-7d6e-822a-0902-3d08d1a669a1" testName="StopiCoreSystem_IdIsMissing_Throws" computerName="ICSWS068" duration="00:00:00.1157770" startTime="2016-08-04T09:49:09.1072314+02:00" endTime="2016-08-04T09:49:09.2248456+02:00" testType="13cdc9d9-ddb5-4fa4-a97d-d965ccfc6d4b" outcome="Passed" testListId="8c84fa94-04c1-424b-9868-57a2d4851a1d" relativeResultsDirectory="502e8267-abcb-435b-b1c5-fa95c9982587" />
    <UnitTestResult executionId="cfd1d42a-2b49-4f13-b0e5-14befafc8bf6" testId="db51dbcc-f40c-d976-4849-0f646f7baca9" testName="StopiCoreSystem_UsernameIsMissing_Throws" computerName="ICSWS068" duration="00:00:00.1250900" startTime="2016-08-04T09:49:09.2278479+02:00" endTime="2016-08-04T09:49:09.3543287+02:00" testType="13cdc9d9-ddb5-4fa4-a97d-d965ccfc6d4b" outcome="Passed" testListId="8c84fa94-04c1-424b-9868-57a2d4851a1d" relativeResultsDirectory="cfd1d42a-2b49-4f13-b0e5-14befafc8bf6" />
    <UnitTestResult executionId="3ad33dab-d9d2-4b2f-bdb0-3431c97093b4" testId="aa667ecf-cd72-d3d5-1db8-0cbd5d944b3a" testName="StopiCoreSystem_PasswordIsMissing_Throws" computerName="ICSWS068" duration="00:00:00.1156867" startTime="2016-08-04T09:49:09.3568078+02:00" endTime="2016-08-04T09:49:09.4738258+02:00" testType="13cdc9d9-ddb5-4fa4-a97d-d965ccfc6d4b" outcome="Passed" testListId="8c84fa94-04c1-424b-9868-57a2d4851a1d" relativeResultsDirectory="3ad33dab-d9d2-4b2f-bdb0-3431c97093b4" />
  </Results>
  <TestDefinitions>
    <UnitTest name="BuildiCoreComponent_ErrActionIsContinueAndCompileError_SuccessAndFailureReportedInResult" storage="f:\etwork\bin\tests\intgtests.icore.ps.commands.dll" id="1b32ed21-86d6-2a79-b208-fa41adbf76a9">
      <Execution id="dd6dab64-ca36-46f0-b807-37c7c43ced8a" />
      <TestMethod codeBase="F:\ETWork\bin\Tests\IntgTests.iCore.PS.Commands.dll" adapterTypeName="Microsoft.VisualStudio.TestTools.TestTypes.Unit.UnitTestAdapter" className="IntgTests.iCore.PS.Commands.BuildiCoreComponentTests" name="BuildiCoreComponent_ErrActionIsContinueAndCompileError_SuccessAndFailureReportedInResult" />
    </UnitTest>
    <UnitTest name="BuildiCoreComponent_ErrActionIsStopAndCompileError_Throws" storage="f:\etwork\bin\tests\intgtests.icore.ps.commands.dll" id="9effb6af-a5bb-28f7-d94b-10786892d310">
      <Execution id="f89afa83-3679-404d-975d-629909a06819" />
      <TestMethod codeBase="F:\ETWork\bin\Tests\IntgTests.iCore.PS.Commands.dll" adapterTypeName="Microsoft.VisualStudio.TestTools.TestTypes.Unit.UnitTestAdapter" className="IntgTests.iCore.PS.Commands.BuildiCoreComponentTests" name="BuildiCoreComponent_ErrActionIsStopAndCompileError_Throws" />
    </UnitTest>
    <UnitTest name="BuildiCoreComponent_CancelIsCalledErroractionIsStop_CompileIsCancelled" storage="f:\etwork\bin\tests\intgtests.icore.ps.commands.dll" id="bd4fb751-61d9-83ad-e1d1-289285394981">
      <Execution id="04a7cef1-76dc-48c1-ae27-8ebef91505ab" />
      <TestMethod codeBase="F:\ETWork\bin\Tests\IntgTests.iCore.PS.Commands.dll" adapterTypeName="Microsoft.VisualStudio.TestTools.TestTypes.Unit.UnitTestAdapter" className="IntgTests.iCore.PS.Commands.BuildiCoreComponentTests" name="BuildiCoreComponent_CancelIsCalledErroractionIsStop_CompileIsCancelled" />
    </UnitTest>
    <UnitTest name="BuildiCoreComponent_InformationMessageWritten_MessageRecivedByHost" storage="f:\etwork\bin\tests\intgtests.icore.ps.commands.dll" id="32a6d3b6-d49e-42e9-864e-1dd47da5d46e">
      <Execution id="09b939cb-e89a-4ee0-97ac-aeb3fee7500b" />
      <TestMethod codeBase="F:\ETWork\bin\Tests\IntgTests.iCore.PS.Commands.dll" adapterTypeName="Microsoft.VisualStudio.TestTools.TestTypes.Unit.UnitTestAdapter" className="IntgTests.iCore.PS.Commands.BuildiCoreComponentTests" name="BuildiCoreComponent_InformationMessageWritten_MessageRecivedByHost" />
    </UnitTest>
    <UnitTest name="BuildiCoreComponent_WarningMessageWritten_MessageRecivedByHost" storage="f:\etwork\bin\tests\intgtests.icore.ps.commands.dll" id="b0e16d9b-a49a-87f5-6cf1-b494684dc297">
      <Execution id="32e25ca2-abd6-481b-bc8f-d92b636895c9" />
      <TestMethod codeBase="F:\ETWork\bin\Tests\IntgTests.iCore.PS.Commands.dll" adapterTypeName="Microsoft.VisualStudio.TestTools.TestTypes.Unit.UnitTestAdapter" className="IntgTests.iCore.PS.Commands.BuildiCoreComponentTests" name="BuildiCoreComponent_WarningMessageWritten_MessageRecivedByHost" />
    </UnitTest>
    <UnitTest name="BuildiCoreComponent_ErrorMessageWritten_MessageRecivedByHost" storage="f:\etwork\bin\tests\intgtests.icore.ps.commands.dll" id="e29c3873-b3c1-72b3-c86c-2d6dd4758246">
      <Execution id="a08f4a5d-2f9e-482d-ad15-236cf4a337ae" />
      <TestMethod codeBase="F:\ETWork\bin\Tests\IntgTests.iCore.PS.Commands.dll" adapterTypeName="Microsoft.VisualStudio.TestTools.TestTypes.Unit.UnitTestAdapter" className="IntgTests.iCore.PS.Commands.BuildiCoreComponentTests" name="BuildiCoreComponent_ErrorMessageWritten_MessageRecivedByHost" />
    </UnitTest>
    <UnitTest name="BuildiCoreComponent_AllIsSet_Success" storage="f:\etwork\bin\tests\intgtests.icore.ps.commands.dll" id="d92201d3-718f-6792-cf64-1f633502b2da">
      <Execution id="240b670d-149a-4d0d-82bb-f7bdbb44d1c8" />
      <TestMethod codeBase="F:\ETWork\bin\Tests\IntgTests.iCore.PS.Commands.dll" adapterTypeName="Microsoft.VisualStudio.TestTools.TestTypes.Unit.UnitTestAdapter" className="IntgTests.iCore.PS.Commands.BuildiCoreComponentTests" name="BuildiCoreComponent_AllIsSet_Success" />
    </UnitTest>
    <UnitTest name="BuildiCoreComponent_NameIsSet_Success" storage="f:\etwork\bin\tests\intgtests.icore.ps.commands.dll" id="0b9f77fa-7184-681a-70f8-6612568cc658">
      <Execution id="3233240e-9d0e-474f-b063-a5092c044dea" />
      <TestMethod codeBase="F:\ETWork\bin\Tests\IntgTests.iCore.PS.Commands.dll" adapterTypeName="Microsoft.VisualStudio.TestTools.TestTypes.Unit.UnitTestAdapter" className="IntgTests.iCore.PS.Commands.BuildiCoreComponentTests" name="BuildiCoreComponent_NameIsSet_Success" />
    </UnitTest>
    <UnitTest name="BuildiCoreComponent_IdIsMissing_Throws" storage="f:\etwork\bin\tests\intgtests.icore.ps.commands.dll" id="23e2d4bc-fc29-ae82-8859-778507443b22">
      <Execution id="159d2754-ff79-46fc-92cc-d7f4d32da286" />
      <TestMethod codeBase="F:\ETWork\bin\Tests\IntgTests.iCore.PS.Commands.dll" adapterTypeName="Microsoft.VisualStudio.TestTools.TestTypes.Unit.UnitTestAdapter" className="IntgTests.iCore.PS.Commands.BuildiCoreComponentTests" name="BuildiCoreComponent_IdIsMissing_Throws" />
    </UnitTest>
    <UnitTest name="BuildiCoreComponent_UsernameIsMissing_Throws" storage="f:\etwork\bin\tests\intgtests.icore.ps.commands.dll" id="7f12719e-6bd2-b389-6513-45751b028090">
      <Execution id="cb358238-a423-4154-957f-567e732ba5d5" />
      <TestMethod codeBase="F:\ETWork\bin\Tests\IntgTests.iCore.PS.Commands.dll" adapterTypeName="Microsoft.VisualStudio.TestTools.TestTypes.Unit.UnitTestAdapter" className="IntgTests.iCore.PS.Commands.BuildiCoreComponentTests" name="BuildiCoreComponent_UsernameIsMissing_Throws" />
    </UnitTest>
    <UnitTest name="BuildiCoreComponent_PasswordIsMissing_Throws" storage="f:\etwork\bin\tests\intgtests.icore.ps.commands.dll" id="f1d7cbe8-be6a-85b2-3b09-8f9073fae54d">
      <Execution id="d19e6b16-4b8a-42f2-874b-83a68a29fa93" />
      <TestMethod codeBase="F:\ETWork\bin\Tests\IntgTests.iCore.PS.Commands.dll" adapterTypeName="Microsoft.VisualStudio.TestTools.TestTypes.Unit.UnitTestAdapter" className="IntgTests.iCore.PS.Commands.BuildiCoreComponentTests" name="BuildiCoreComponent_PasswordIsMissing_Throws" />
    </UnitTest>
    <UnitTest name="BuildiCoreComponent_AllOrNameIsMissing_Throws" storage="f:\etwork\bin\tests\intgtests.icore.ps.commands.dll" id="118389b1-06dd-19a9-2240-99c5108eee26">
      <Execution id="6d2916bd-0dcd-444a-bbca-6e00248ab352" />
      <TestMethod codeBase="F:\ETWork\bin\Tests\IntgTests.iCore.PS.Commands.dll" adapterTypeName="Microsoft.VisualStudio.TestTools.TestTypes.Unit.UnitTestAdapter" className="IntgTests.iCore.PS.Commands.BuildiCoreComponentTests" name="BuildiCoreComponent_AllOrNameIsMissing_Throws" />
    </UnitTest>
    <UnitTest name="GetEntity_User_ReturnsPublicType" storage="f:\etwork\bin\tests\intgtests.icore.ps.commands.dll" id="52380e27-f938-b163-a518-ed3927b9ed55">
      <Execution id="85bfdca9-6bc0-4d2a-9ff3-4a5f0c593226" />
      <TestMethod codeBase="F:\ETWork\bin\Tests\IntgTests.iCore.PS.Commands.dll" adapterTypeName="Microsoft.VisualStudio.TestTools.TestTypes.Unit.UnitTestAdapter" className="IntgTests.iCore.PS.Commands.GetEntityTests" name="GetEntity_User_ReturnsPublicType" />
    </UnitTest>
    <UnitTest name="GetEntity_Server_ReturnsPublicType" storage="f:\etwork\bin\tests\intgtests.icore.ps.commands.dll" id="e5ed55db-8273-eb6c-8897-f78698321b93">
      <Execution id="efc610c5-5396-4a51-9e45-ac67cdfc7e66" />
      <TestMethod codeBase="F:\ETWork\bin\Tests\IntgTests.iCore.PS.Commands.dll" adapterTypeName="Microsoft.VisualStudio.TestTools.TestTypes.Unit.UnitTestAdapter" className="IntgTests.iCore.PS.Commands.GetEntityTests" name="GetEntity_Server_ReturnsPublicType" />
    </UnitTest>
    <UnitTest name="GetEntity_UserGroup_ReturnsPublicType" storage="f:\etwork\bin\tests\intgtests.icore.ps.commands.dll" id="a1b32535-92bc-90ba-dc83-d5c2cff83968">
      <Execution id="55ed830b-692b-4e23-8356-a4073c624168" />
      <TestMethod codeBase="F:\ETWork\bin\Tests\IntgTests.iCore.PS.Commands.dll" adapterTypeName="Microsoft.VisualStudio.TestTools.TestTypes.Unit.UnitTestAdapter" className="IntgTests.iCore.PS.Commands.GetEntityTests" name="GetEntity_UserGroup_ReturnsPublicType" />
    </UnitTest>
    <UnitTest name="GetEntityTypeCommand_NoArgument_ReturnsExportable" storage="f:\etwork\bin\tests\intgtests.icore.ps.commands.dll" id="04ec0688-0be7-1127-d1c9-d021701d3063">
      <Execution id="130ec11c-42ae-41ff-8a2a-de2d6f9d60c1" />
      <TestMethod codeBase="F:\ETWork\bin\Tests\IntgTests.iCore.PS.Commands.dll" adapterTypeName="Microsoft.VisualStudio.TestTools.TestTypes.Unit.UnitTestAdapter" className="IntgTests.iCore.PS.Commands.GetEntityTypeCommandTests" name="GetEntityTypeCommand_NoArgument_ReturnsExportable" />
    </UnitTest>
    <UnitTest name="GetEntityTypeCommand_ExportableArgument_ReturnsExportable" storage="f:\etwork\bin\tests\intgtests.icore.ps.commands.dll" id="d5c5c98f-4c2c-a058-b8b1-dcf697a095c5">
      <Execution id="f566cffe-ad25-4709-9563-289c7b965d0a" />
      <TestMethod codeBase="F:\ETWork\bin\Tests\IntgTests.iCore.PS.Commands.dll" adapterTypeName="Microsoft.VisualStudio.TestTools.TestTypes.Unit.UnitTestAdapter" className="IntgTests.iCore.PS.Commands.GetEntityTypeCommandTests" name="GetEntityTypeCommand_ExportableArgument_ReturnsExportable" />
    </UnitTest>
    <UnitTest name="GetEntityTypeCommand_CrudableArgument_ReturnsCrudable" storage="f:\etwork\bin\tests\intgtests.icore.ps.commands.dll" id="2450bfe9-3209-c37b-31b7-71712e5050b5">
      <Execution id="bea9cff3-fa55-48ba-a02c-4d16204956e0" />
      <TestMethod codeBase="F:\ETWork\bin\Tests\IntgTests.iCore.PS.Commands.dll" adapterTypeName="Microsoft.VisualStudio.TestTools.TestTypes.Unit.UnitTestAdapter" className="IntgTests.iCore.PS.Commands.GetEntityTypeCommandTests" name="GetEntityTypeCommand_CrudableArgument_ReturnsCrudable" />
    </UnitTest>
    <UnitTest name="GetEntityTypeCommand_AllArgument_ReturnsAll" storage="f:\etwork\bin\tests\intgtests.icore.ps.commands.dll" id="b67665aa-f400-fe21-aa42-72bd65f426c4">
      <Execution id="7f280bbf-855c-4233-8f68-270fc12e5ce6" />
      <TestMethod codeBase="F:\ETWork\bin\Tests\IntgTests.iCore.PS.Commands.dll" adapterTypeName="Microsoft.VisualStudio.TestTools.TestTypes.Unit.UnitTestAdapter" className="IntgTests.iCore.PS.Commands.GetEntityTypeCommandTests" name="GetEntityTypeCommand_AllArgument_ReturnsAll" />
    </UnitTest>
    <UnitTest name="GetEntityTypeCommand_CrudableAndExportableArgument_ReturnsCrudableAndExportable" storage="f:\etwork\bin\tests\intgtests.icore.ps.commands.dll" id="b0ffe8ad-5188-00ee-a13e-a2b78e683744">
      <Execution id="77dcfa65-bc18-4eea-a9ac-ab78dbd82020" />
      <TestMethod codeBase="F:\ETWork\bin\Tests\IntgTests.iCore.PS.Commands.dll" adapterTypeName="Microsoft.VisualStudio.TestTools.TestTypes.Unit.UnitTestAdapter" className="IntgTests.iCore.PS.Commands.GetEntityTypeCommandTests" name="GetEntityTypeCommand_CrudableAndExportableArgument_ReturnsCrudableAndExportable" />
    </UnitTest>
    <UnitTest name="GetEntityTypeCommand_AllArgument_NoDuplicatesReturned" storage="f:\etwork\bin\tests\intgtests.icore.ps.commands.dll" id="ead67bce-39fd-20b6-e575-2c8c4f644355">
      <Execution id="b1b47d3c-b601-452d-b545-31a9f2823415" />
      <TestMethod codeBase="F:\ETWork\bin\Tests\IntgTests.iCore.PS.Commands.dll" adapterTypeName="Microsoft.VisualStudio.TestTools.TestTypes.Unit.UnitTestAdapter" className="IntgTests.iCore.PS.Commands.GetEntityTypeCommandTests" name="GetEntityTypeCommand_AllArgument_NoDuplicatesReturned" />
    </UnitTest>
    <UnitTest name="GetExportableEntity_DefaultParamaters_CorrectNumberOfEntities" storage="f:\etwork\bin\tests\intgtests.icore.ps.commands.dll" id="366082e0-93cb-7ab7-23bd-5d0dec480aca">
      <Execution id="2e617b29-5b2d-4682-a2fd-c5252641d725" />
      <TestMethod codeBase="F:\ETWork\bin\Tests\IntgTests.iCore.PS.Commands.dll" adapterTypeName="Microsoft.VisualStudio.TestTools.TestTypes.Unit.UnitTestAdapter" className="IntgTests.iCore.PS.Commands.GetExportableEntityCommandTests" name="GetExportableEntity_DefaultParamaters_CorrectNumberOfEntities" />
    </UnitTest>
    <UnitTest name="GetExportableEntity_DefaultParamaters_EntityInfoReturnType" storage="f:\etwork\bin\tests\intgtests.icore.ps.commands.dll" id="4061c0fc-9713-c7f3-c5dc-4c2ea15eb305">
      <Execution id="e8e21c3c-d763-4778-adfb-0eac39963cc5" />
      <TestMethod codeBase="F:\ETWork\bin\Tests\IntgTests.iCore.PS.Commands.dll" adapterTypeName="Microsoft.VisualStudio.TestTools.TestTypes.Unit.UnitTestAdapter" className="IntgTests.iCore.PS.Commands.GetExportableEntityCommandTests" name="GetExportableEntity_DefaultParamaters_EntityInfoReturnType" />
    </UnitTest>
    <UnitTest name="GetExportableEntity_ReturnEntitySet_IEntityReturnType" storage="f:\etwork\bin\tests\intgtests.icore.ps.commands.dll" id="cbf394f6-0caa-cc81-9a1c-0c8c2f8aefd3">
      <Execution id="137ee8a4-b10c-4fff-9665-d64ae6529751" />
      <TestMethod codeBase="F:\ETWork\bin\Tests\IntgTests.iCore.PS.Commands.dll" adapterTypeName="Microsoft.VisualStudio.TestTools.TestTypes.Unit.UnitTestAdapter" className="IntgTests.iCore.PS.Commands.GetExportableEntityCommandTests" name="GetExportableEntity_ReturnEntitySet_IEntityReturnType" />
    </UnitTest>
    <UnitTest name="NewEntity_Server_Success" storage="f:\etwork\bin\tests\intgtests.icore.ps.commands.dll" id="42dd2600-2347-f202-54ec-cede2677bd53">
      <Execution id="cda5f36a-ba40-4e5d-ab68-98e015c4f30f" />
      <TestMethod codeBase="F:\ETWork\bin\Tests\IntgTests.iCore.PS.Commands.dll" adapterTypeName="Microsoft.VisualStudio.TestTools.TestTypes.Unit.UnitTestAdapter" className="IntgTests.iCore.PS.Commands.NewEntityTests" name="NewEntity_Server_Success" />
    </UnitTest>
    <UnitTest name="NewEntity_User_Success" storage="f:\etwork\bin\tests\intgtests.icore.ps.commands.dll" id="d50a09e9-dd36-8b02-ea9b-6b2bc5ef7216">
      <Execution id="31b1e7f7-3e64-4389-988a-f5e8a4b3b254" />
      <TestMethod codeBase="F:\ETWork\bin\Tests\IntgTests.iCore.PS.Commands.dll" adapterTypeName="Microsoft.VisualStudio.TestTools.TestTypes.Unit.UnitTestAdapter" className="IntgTests.iCore.PS.Commands.NewEntityTests" name="NewEntity_User_Success" />
    </UnitTest>
    <UnitTest name="NewEntity_UnsupportedEntity_ThrowsArgumentException" storage="f:\etwork\bin\tests\intgtests.icore.ps.commands.dll" id="150bbe7a-c537-881e-21b8-20ca66245689">
      <Execution id="649d99bc-9b35-420e-901a-8b08cda00099" />
      <TestMethod codeBase="F:\ETWork\bin\Tests\IntgTests.iCore.PS.Commands.dll" adapterTypeName="Microsoft.VisualStudio.TestTools.TestTypes.Unit.UnitTestAdapter" className="IntgTests.iCore.PS.Commands.NewEntityTests" name="NewEntity_UnsupportedEntity_ThrowsArgumentException" />
    </UnitTest>
    <UnitTest name="NewEntity_EnityTypeNotProvided_ThrowsException" storage="f:\etwork\bin\tests\intgtests.icore.ps.commands.dll" id="72b9b80c-20d2-1dc7-21dd-6acc0a0b7986">
      <Execution id="dc76b93e-2658-459d-bf7d-2a85977e7752" />
      <TestMethod codeBase="F:\ETWork\bin\Tests\IntgTests.iCore.PS.Commands.dll" adapterTypeName="Microsoft.VisualStudio.TestTools.TestTypes.Unit.UnitTestAdapter" className="IntgTests.iCore.PS.Commands.NewEntityTests" name="NewEntity_EnityTypeNotProvided_ThrowsException" />
    </UnitTest>
    <UnitTest name="NewEntity_InvalidEnityType_ThrowsException" storage="f:\etwork\bin\tests\intgtests.icore.ps.commands.dll" id="3f897402-dfe3-0ab2-2471-310fdcad9e40">
      <Execution id="a055805a-14f6-461b-ad71-3652bf31cf24" />
      <TestMethod codeBase="F:\ETWork\bin\Tests\IntgTests.iCore.PS.Commands.dll" adapterTypeName="Microsoft.VisualStudio.TestTools.TestTypes.Unit.UnitTestAdapter" className="IntgTests.iCore.PS.Commands.NewEntityTests" name="NewEntity_InvalidEnityType_ThrowsException" />
    </UnitTest>
    <UnitTest name="Remove_DeleteServer_Success" storage="f:\etwork\bin\tests\intgtests.icore.ps.commands.dll" id="90cd63ce-2588-1c01-9bce-1fcc615a8649">
      <Execution id="ea3357b7-951b-4e20-add4-7ddf4da60606" />
      <TestMethod codeBase="F:\ETWork\bin\Tests\IntgTests.iCore.PS.Commands.dll" adapterTypeName="Microsoft.VisualStudio.TestTools.TestTypes.Unit.UnitTestAdapter" className="IntgTests.iCore.PS.Commands.RemoveEntityTests" name="Remove_DeleteServer_Success" />
    </UnitTest>
    <UnitTest name="Remove_DeleteUser_Success" storage="f:\etwork\bin\tests\intgtests.icore.ps.commands.dll" id="86e6ec30-bc84-32bc-1a64-3cea3b2427ec">
      <Execution id="1d3477de-c329-4179-a5b0-f295217ef5d6" />
      <TestMethod codeBase="F:\ETWork\bin\Tests\IntgTests.iCore.PS.Commands.dll" adapterTypeName="Microsoft.VisualStudio.TestTools.TestTypes.Unit.UnitTestAdapter" className="IntgTests.iCore.PS.Commands.RemoveEntityTests" name="Remove_DeleteUser_Success" />
    </UnitTest>
    <UnitTest name="Remove_DeleteNewUser_ThrowsArgumentException" storage="f:\etwork\bin\tests\intgtests.icore.ps.commands.dll" id="853641b5-4ace-f385-261d-ebdad15ff1f7">
      <Execution id="511f4ea5-25b2-4799-9a29-b500734389c0" />
      <TestMethod codeBase="F:\ETWork\bin\Tests\IntgTests.iCore.PS.Commands.dll" adapterTypeName="Microsoft.VisualStudio.TestTools.TestTypes.Unit.UnitTestAdapter" className="IntgTests.iCore.PS.Commands.RemoveEntityTests" name="Remove_DeleteNewUser_ThrowsArgumentException" />
    </UnitTest>
    <UnitTest name="Remove_UserDataIsReplaced_ThrowsArgumentException" storage="f:\etwork\bin\tests\intgtests.icore.ps.commands.dll" id="683ae8cc-7762-59d2-48d3-0da121823b03">
      <Execution id="3dce7395-ac59-46c2-a305-a125a8762879" />
      <TestMethod codeBase="F:\ETWork\bin\Tests\IntgTests.iCore.PS.Commands.dll" adapterTypeName="Microsoft.VisualStudio.TestTools.TestTypes.Unit.UnitTestAdapter" className="IntgTests.iCore.PS.Commands.RemoveEntityTests" name="Remove_UserDataIsReplaced_ThrowsArgumentException" />
    </UnitTest>
    <UnitTest name="Remove_WhatIf_NothingRemoved" storage="f:\etwork\bin\tests\intgtests.icore.ps.commands.dll" id="423d18e0-7a5e-ed70-7a8b-c26a0cdca89e">
      <Execution id="4b6310b4-06b3-44a1-8900-cac90c67f68c" />
      <TestMethod codeBase="F:\ETWork\bin\Tests\IntgTests.iCore.PS.Commands.dll" adapterTypeName="Microsoft.VisualStudio.TestTools.TestTypes.Unit.UnitTestAdapter" className="IntgTests.iCore.PS.Commands.RemoveEntityTests" name="Remove_WhatIf_NothingRemoved" />
    </UnitTest>
    <UnitTest name="Remove_UnsupportedEntity_ThrowsArgumentException" storage="f:\etwork\bin\tests\intgtests.icore.ps.commands.dll" id="119ae0a0-fb05-0ee9-12e8-5ed96737c9af">
      <Execution id="37285125-fce3-4afb-a9ec-7d83c82e6b02" />
      <TestMethod codeBase="F:\ETWork\bin\Tests\IntgTests.iCore.PS.Commands.dll" adapterTypeName="Microsoft.VisualStudio.TestTools.TestTypes.Unit.UnitTestAdapter" className="IntgTests.iCore.PS.Commands.RemoveEntityTests" name="Remove_UnsupportedEntity_ThrowsArgumentException" />
    </UnitTest>
    <UnitTest name="SaveEntity_UpdateServer_Success" storage="f:\etwork\bin\tests\intgtests.icore.ps.commands.dll" id="7c9c7eae-82da-c494-d48f-6b87755cdc7f">
      <Execution id="95a74612-a295-407d-9073-5e6249c6cebf" />
      <TestMethod codeBase="F:\ETWork\bin\Tests\IntgTests.iCore.PS.Commands.dll" adapterTypeName="Microsoft.VisualStudio.TestTools.TestTypes.Unit.UnitTestAdapter" className="IntgTests.iCore.PS.Commands.SaveEntityTests" name="SaveEntity_UpdateServer_Success" />
    </UnitTest>
    <UnitTest name="SaveEntity_AddServer_Success" storage="f:\etwork\bin\tests\intgtests.icore.ps.commands.dll" id="1399ecb3-5836-05f3-4f83-bf219ce0503a">
      <Execution id="468f59e1-5128-4452-9dc2-b763069ed13e" />
      <TestMethod codeBase="F:\ETWork\bin\Tests\IntgTests.iCore.PS.Commands.dll" adapterTypeName="Microsoft.VisualStudio.TestTools.TestTypes.Unit.UnitTestAdapter" className="IntgTests.iCore.PS.Commands.SaveEntityTests" name="SaveEntity_AddServer_Success" />
    </UnitTest>
    <UnitTest name="SaveEntity_UpdateUser_Success" storage="f:\etwork\bin\tests\intgtests.icore.ps.commands.dll" id="a667acd5-aff3-9d06-7ba8-8898939b41b3">
      <Execution id="4e830b14-504d-4771-95a3-7d28adb3cf2d" />
      <TestMethod codeBase="F:\ETWork\bin\Tests\IntgTests.iCore.PS.Commands.dll" adapterTypeName="Microsoft.VisualStudio.TestTools.TestTypes.Unit.UnitTestAdapter" className="IntgTests.iCore.PS.Commands.SaveEntityTests" name="SaveEntity_UpdateUser_Success" />
    </UnitTest>
    <UnitTest name="SaveEntity_AddUser_Success" storage="f:\etwork\bin\tests\intgtests.icore.ps.commands.dll" id="6e0bb5ef-b3b3-be07-ab31-1fe7a44c2807">
      <Execution id="fc1ae581-ead3-4cec-8195-9c646708182b" />
      <TestMethod codeBase="F:\ETWork\bin\Tests\IntgTests.iCore.PS.Commands.dll" adapterTypeName="Microsoft.VisualStudio.TestTools.TestTypes.Unit.UnitTestAdapter" className="IntgTests.iCore.PS.Commands.SaveEntityTests" name="SaveEntity_AddUser_Success" />
    </UnitTest>
    <UnitTest name="SaveEntity_UnsupportedEntity_ThrowsArgumentException" storage="f:\etwork\bin\tests\intgtests.icore.ps.commands.dll" id="321ee18b-8045-e090-1825-3440fd9633eb">
      <Execution id="ce5c3e29-5916-4dbc-8df1-4d4ef8e45da5" />
      <TestMethod codeBase="F:\ETWork\bin\Tests\IntgTests.iCore.PS.Commands.dll" adapterTypeName="Microsoft.VisualStudio.TestTools.TestTypes.Unit.UnitTestAdapter" className="IntgTests.iCore.PS.Commands.SaveEntityTests" name="SaveEntity_UnsupportedEntity_ThrowsArgumentException" />
    </UnitTest>
    <UnitTest name="SaveEntity_EnityTypeNotProvided_ThrowsException" storage="f:\etwork\bin\tests\intgtests.icore.ps.commands.dll" id="70583982-10d2-ec5f-56b5-aaa2b472e42a">
      <Execution id="27781627-777b-4c25-96fe-a098c5f5fc03" />
      <TestMethod codeBase="F:\ETWork\bin\Tests\IntgTests.iCore.PS.Commands.dll" adapterTypeName="Microsoft.VisualStudio.TestTools.TestTypes.Unit.UnitTestAdapter" className="IntgTests.iCore.PS.Commands.SaveEntityTests" name="SaveEntity_EnityTypeNotProvided_ThrowsException" />
    </UnitTest>
    <UnitTest name="SaveEntity_UpdateUserDataIsReplaced_ThrowsArgumentException" storage="f:\etwork\bin\tests\intgtests.icore.ps.commands.dll" id="cf914c0f-b59b-a785-d844-0b567901618d">
      <Execution id="6f32863c-e74c-4763-87bd-d8986c8dbe16" />
      <TestMethod codeBase="F:\ETWork\bin\Tests\IntgTests.iCore.PS.Commands.dll" adapterTypeName="Microsoft.VisualStudio.TestTools.TestTypes.Unit.UnitTestAdapter" className="IntgTests.iCore.PS.Commands.SaveEntityTests" name="SaveEntity_UpdateUserDataIsReplaced_ThrowsArgumentException" />
    </UnitTest>
    <UnitTest name="SaveEntity_AddUserDataIsReplaced_ThrowsArgumentException" storage="f:\etwork\bin\tests\intgtests.icore.ps.commands.dll" id="d87b1811-d3ab-c60a-9a67-67082010b1b3">
      <Execution id="746951ad-79ba-4862-a2b0-078627330487" />
      <TestMethod codeBase="F:\ETWork\bin\Tests\IntgTests.iCore.PS.Commands.dll" adapterTypeName="Microsoft.VisualStudio.TestTools.TestTypes.Unit.UnitTestAdapter" className="IntgTests.iCore.PS.Commands.SaveEntityTests" name="SaveEntity_AddUserDataIsReplaced_ThrowsArgumentException" />
    </UnitTest>
    <UnitTest name="ActivateLicenseCommand_CallsSendActivationRequestAsync_Success" storage="f:\etwork\bin\tests\intgtests.icore.ps.commands.dll" id="1a0a1acb-3322-1d72-26f2-5aada175203d">
      <Execution id="32035c4c-7c33-41a1-8ae8-3df96d1db9fe" />
      <TestMethod codeBase="F:\ETWork\bin\Tests\IntgTests.iCore.PS.Commands.dll" adapterTypeName="Microsoft.VisualStudio.TestTools.TestTypes.Unit.UnitTestAdapter" className="IntgTests.iCore.PS.Commands.LicenseActivationCommandTests" name="ActivateLicenseCommand_CallsSendActivationRequestAsync_Success" />
    </UnitTest>
    <UnitTest name="ActivateLicenseCommand_Timeout_ThrowsException" storage="f:\etwork\bin\tests\intgtests.icore.ps.commands.dll" id="ca994ba9-8f45-055b-7271-dd1146c1ad07">
      <Execution id="2b62e49d-e130-42a8-b776-4e2a1e2d9b25" />
      <TestMethod codeBase="F:\ETWork\bin\Tests\IntgTests.iCore.PS.Commands.dll" adapterTypeName="Microsoft.VisualStudio.TestTools.TestTypes.Unit.UnitTestAdapter" className="IntgTests.iCore.PS.Commands.LicenseActivationCommandTests" name="ActivateLicenseCommand_Timeout_ThrowsException" />
    </UnitTest>
    <UnitTest name="ReactivateLicenseCommand_UsesStoredSerialNumber_Success" storage="f:\etwork\bin\tests\intgtests.icore.ps.commands.dll" id="75361b4c-b0cd-70f7-e02e-a30c18d23e26">
      <Execution id="1bb953fe-4108-41db-97d3-f57d3287a217" />
      <TestMethod codeBase="F:\ETWork\bin\Tests\IntgTests.iCore.PS.Commands.dll" adapterTypeName="Microsoft.VisualStudio.TestTools.TestTypes.Unit.UnitTestAdapter" className="IntgTests.iCore.PS.Commands.LicenseActivationCommandTests" name="ReactivateLicenseCommand_UsesStoredSerialNumber_Success" />
    </UnitTest>
    <UnitTest name="ReactivateLicenseCommand_UsesStoredSerialNumberAndAllowWorkgroupOverride_Success" storage="f:\etwork\bin\tests\intgtests.icore.ps.commands.dll" id="cc1156eb-24d9-6ec9-2224-c4eed0f05c04">
      <Execution id="1e5ad63d-8dc2-4360-a8b6-00041b9bc667" />
      <TestMethod codeBase="F:\ETWork\bin\Tests\IntgTests.iCore.PS.Commands.dll" adapterTypeName="Microsoft.VisualStudio.TestTools.TestTypes.Unit.UnitTestAdapter" className="IntgTests.iCore.PS.Commands.LicenseActivationCommandTests" name="ReactivateLicenseCommand_UsesStoredSerialNumberAndAllowWorkgroupOverride_Success" />
    </UnitTest>
    <UnitTest name="ActivateLicenseCommand_ActivationFailed_ThrowsException" storage="f:\etwork\bin\tests\intgtests.icore.ps.commands.dll" id="4e6ba840-6799-5f7f-dcf2-b6ded951cd2c">
      <Execution id="cc474d9e-c7fd-4072-a753-edbd28cc5d09" />
      <TestMethod codeBase="F:\ETWork\bin\Tests\IntgTests.iCore.PS.Commands.dll" adapterTypeName="Microsoft.VisualStudio.TestTools.TestTypes.Unit.UnitTestAdapter" className="IntgTests.iCore.PS.Commands.LicenseActivationCommandTests" name="ActivateLicenseCommand_ActivationFailed_ThrowsException" />
    </UnitTest>
    <UnitTest name="AllServicesInServiceLocatorAreSerializable" storage="f:\etwork\bin\tests\intgtests.icore.ps.commands.dll" id="688b53db-efed-593e-dc79-b1be4965a6f4">
      <Execution id="d5b76404-61ae-480c-ae3e-1714b9d8bef4" />
      <TestMethod codeBase="F:\ETWork\bin\Tests\IntgTests.iCore.PS.Commands.dll" adapterTypeName="Microsoft.VisualStudio.TestTools.TestTypes.Unit.UnitTestAdapter" className="IntgTests.iCore.PS.Commands.ServiceSerializationTests" name="AllServicesInServiceLocatorAreSerializable" />
    </UnitTest>
    <UnitTest name="StopiCoreSystem_Shutdown_SuccessAndSoftStopIssued" storage="f:\etwork\bin\tests\intgtests.icore.ps.commands.dll" id="b8bf78ee-3dff-7b54-3f2c-f38599caa45d">
      <Execution id="f68f9477-2dec-4c25-8ca3-ed8d1248ea27" />
      <TestMethod codeBase="F:\ETWork\bin\Tests\IntgTests.iCore.PS.Commands.dll" adapterTypeName="Microsoft.VisualStudio.TestTools.TestTypes.Unit.UnitTestAdapter" className="IntgTests.iCore.PS.Commands.StopiCoreSystemTests" name="StopiCoreSystem_Shutdown_SuccessAndSoftStopIssued" />
    </UnitTest>
    <UnitTest name="StopiCoreSystem_SoftShutdown_SuccessAndSoftStopIssued" storage="f:\etwork\bin\tests\intgtests.icore.ps.commands.dll" id="d8a7529c-5fba-e1bd-ef8d-b8087ed13584">
      <Execution id="034718cc-78bb-4131-ac92-23383593116b" />
      <TestMethod codeBase="F:\ETWork\bin\Tests\IntgTests.iCore.PS.Commands.dll" adapterTypeName="Microsoft.VisualStudio.TestTools.TestTypes.Unit.UnitTestAdapter" className="IntgTests.iCore.PS.Commands.StopiCoreSystemTests" name="StopiCoreSystem_SoftShutdown_SuccessAndSoftStopIssued" />
    </UnitTest>
    <UnitTest name="StopiCoreSystem_ForcedSet_SuccessAndForcedStopIssued" storage="f:\etwork\bin\tests\intgtests.icore.ps.commands.dll" id="1cf9a22a-1411-d062-252b-279cbb50a05e">
      <Execution id="d93aa803-59a8-4950-9aef-66eca7ebeb5d" />
      <TestMethod codeBase="F:\ETWork\bin\Tests\IntgTests.iCore.PS.Commands.dll" adapterTypeName="Microsoft.VisualStudio.TestTools.TestTypes.Unit.UnitTestAdapter" className="IntgTests.iCore.PS.Commands.StopiCoreSystemTests" name="StopiCoreSystem_ForcedSet_SuccessAndForcedStopIssued" />
    </UnitTest>
    <UnitTest name="StopiCoreSystem_ServerFailsToStopAndErrorActionIsStop_Throws" storage="f:\etwork\bin\tests\intgtests.icore.ps.commands.dll" id="a87078aa-ef0c-a7bd-8793-3f55e32ca838">
      <Execution id="868b873d-b785-4b38-b245-3f5b96d67e59" />
      <TestMethod codeBase="F:\ETWork\bin\Tests\IntgTests.iCore.PS.Commands.dll" adapterTypeName="Microsoft.VisualStudio.TestTools.TestTypes.Unit.UnitTestAdapter" className="IntgTests.iCore.PS.Commands.StopiCoreSystemTests" name="StopiCoreSystem_ServerFailsToStopAndErrorActionIsStop_Throws" />
    </UnitTest>
    <UnitTest name="StopiCoreSystem_FirstServerFailsToStopAndErrorActionIsContinue_Throws" storage="f:\etwork\bin\tests\intgtests.icore.ps.commands.dll" id="a2ac4ee1-188a-c01f-248e-b014e4151c25">
      <Execution id="6658fc2a-7d93-4376-8120-2810de0d33b7" />
      <TestMethod codeBase="F:\ETWork\bin\Tests\IntgTests.iCore.PS.Commands.dll" adapterTypeName="Microsoft.VisualStudio.TestTools.TestTypes.Unit.UnitTestAdapter" className="IntgTests.iCore.PS.Commands.StopiCoreSystemTests" name="StopiCoreSystem_FirstServerFailsToStopAndErrorActionIsContinue_Throws" />
    </UnitTest>
    <UnitTest name="StopiCoreSystem_IdIsMissing_Throws" storage="f:\etwork\bin\tests\intgtests.icore.ps.commands.dll" id="a42ca879-7d6e-822a-0902-3d08d1a669a1">
      <Execution id="502e8267-abcb-435b-b1c5-fa95c9982587" />
      <TestMethod codeBase="F:\ETWork\bin\Tests\IntgTests.iCore.PS.Commands.dll" adapterTypeName="Microsoft.VisualStudio.TestTools.TestTypes.Unit.UnitTestAdapter" className="IntgTests.iCore.PS.Commands.StopiCoreSystemTests" name="StopiCoreSystem_IdIsMissing_Throws" />
    </UnitTest>
    <UnitTest name="StopiCoreSystem_UsernameIsMissing_Throws" storage="f:\etwork\bin\tests\intgtests.icore.ps.commands.dll" id="db51dbcc-f40c-d976-4849-0f646f7baca9">
      <Execution id="cfd1d42a-2b49-4f13-b0e5-14befafc8bf6" />
      <TestMethod codeBase="F:\ETWork\bin\Tests\IntgTests.iCore.PS.Commands.dll" adapterTypeName="Microsoft.VisualStudio.TestTools.TestTypes.Unit.UnitTestAdapter" className="IntgTests.iCore.PS.Commands.StopiCoreSystemTests" name="StopiCoreSystem_UsernameIsMissing_Throws" />
    </UnitTest>
    <UnitTest name="StopiCoreSystem_PasswordIsMissing_Throws" storage="f:\etwork\bin\tests\intgtests.icore.ps.commands.dll" id="aa667ecf-cd72-d3d5-1db8-0cbd5d944b3a">
      <Execution id="3ad33dab-d9d2-4b2f-bdb0-3431c97093b4" />
      <TestMethod codeBase="F:\ETWork\bin\Tests\IntgTests.iCore.PS.Commands.dll" adapterTypeName="Microsoft.VisualStudio.TestTools.TestTypes.Unit.UnitTestAdapter" className="IntgTests.iCore.PS.Commands.StopiCoreSystemTests" name="StopiCoreSystem_PasswordIsMissing_Throws" />
    </UnitTest>
  </TestDefinitions>
  <TestEntries>
    <TestEntry testId="1b32ed21-86d6-2a79-b208-fa41adbf76a9" executionId="dd6dab64-ca36-46f0-b807-37c7c43ced8a" testListId="8c84fa94-04c1-424b-9868-57a2d4851a1d" />
    <TestEntry testId="9effb6af-a5bb-28f7-d94b-10786892d310" executionId="f89afa83-3679-404d-975d-629909a06819" testListId="8c84fa94-04c1-424b-9868-57a2d4851a1d" />
    <TestEntry testId="bd4fb751-61d9-83ad-e1d1-289285394981" executionId="04a7cef1-76dc-48c1-ae27-8ebef91505ab" testListId="8c84fa94-04c1-424b-9868-57a2d4851a1d" />
    <TestEntry testId="32a6d3b6-d49e-42e9-864e-1dd47da5d46e" executionId="09b939cb-e89a-4ee0-97ac-aeb3fee7500b" testListId="8c84fa94-04c1-424b-9868-57a2d4851a1d" />
    <TestEntry testId="b0e16d9b-a49a-87f5-6cf1-b494684dc297" executionId="32e25ca2-abd6-481b-bc8f-d92b636895c9" testListId="8c84fa94-04c1-424b-9868-57a2d4851a1d" />
    <TestEntry testId="e29c3873-b3c1-72b3-c86c-2d6dd4758246" executionId="a08f4a5d-2f9e-482d-ad15-236cf4a337ae" testListId="8c84fa94-04c1-424b-9868-57a2d4851a1d" />
    <TestEntry testId="d92201d3-718f-6792-cf64-1f633502b2da" executionId="240b670d-149a-4d0d-82bb-f7bdbb44d1c8" testListId="8c84fa94-04c1-424b-9868-57a2d4851a1d" />
    <TestEntry testId="0b9f77fa-7184-681a-70f8-6612568cc658" executionId="3233240e-9d0e-474f-b063-a5092c044dea" testListId="8c84fa94-04c1-424b-9868-57a2d4851a1d" />
    <TestEntry testId="23e2d4bc-fc29-ae82-8859-778507443b22" executionId="159d2754-ff79-46fc-92cc-d7f4d32da286" testListId="8c84fa94-04c1-424b-9868-57a2d4851a1d" />
    <TestEntry testId="7f12719e-6bd2-b389-6513-45751b028090" executionId="cb358238-a423-4154-957f-567e732ba5d5" testListId="8c84fa94-04c1-424b-9868-57a2d4851a1d" />
    <TestEntry testId="f1d7cbe8-be6a-85b2-3b09-8f9073fae54d" executionId="d19e6b16-4b8a-42f2-874b-83a68a29fa93" testListId="8c84fa94-04c1-424b-9868-57a2d4851a1d" />
    <TestEntry testId="118389b1-06dd-19a9-2240-99c5108eee26" executionId="6d2916bd-0dcd-444a-bbca-6e00248ab352" testListId="8c84fa94-04c1-424b-9868-57a2d4851a1d" />
    <TestEntry testId="52380e27-f938-b163-a518-ed3927b9ed55" executionId="85bfdca9-6bc0-4d2a-9ff3-4a5f0c593226" testListId="8c84fa94-04c1-424b-9868-57a2d4851a1d" />
    <TestEntry testId="e5ed55db-8273-eb6c-8897-f78698321b93" executionId="efc610c5-5396-4a51-9e45-ac67cdfc7e66" testListId="8c84fa94-04c1-424b-9868-57a2d4851a1d" />
    <TestEntry testId="a1b32535-92bc-90ba-dc83-d5c2cff83968" executionId="55ed830b-692b-4e23-8356-a4073c624168" testListId="8c84fa94-04c1-424b-9868-57a2d4851a1d" />
    <TestEntry testId="04ec0688-0be7-1127-d1c9-d021701d3063" executionId="130ec11c-42ae-41ff-8a2a-de2d6f9d60c1" testListId="8c84fa94-04c1-424b-9868-57a2d4851a1d" />
    <TestEntry testId="d5c5c98f-4c2c-a058-b8b1-dcf697a095c5" executionId="f566cffe-ad25-4709-9563-289c7b965d0a" testListId="8c84fa94-04c1-424b-9868-57a2d4851a1d" />
    <TestEntry testId="2450bfe9-3209-c37b-31b7-71712e5050b5" executionId="bea9cff3-fa55-48ba-a02c-4d16204956e0" testListId="8c84fa94-04c1-424b-9868-57a2d4851a1d" />
    <TestEntry testId="b67665aa-f400-fe21-aa42-72bd65f426c4" executionId="7f280bbf-855c-4233-8f68-270fc12e5ce6" testListId="8c84fa94-04c1-424b-9868-57a2d4851a1d" />
    <TestEntry testId="b0ffe8ad-5188-00ee-a13e-a2b78e683744" executionId="77dcfa65-bc18-4eea-a9ac-ab78dbd82020" testListId="8c84fa94-04c1-424b-9868-57a2d4851a1d" />
    <TestEntry testId="ead67bce-39fd-20b6-e575-2c8c4f644355" executionId="b1b47d3c-b601-452d-b545-31a9f2823415" testListId="8c84fa94-04c1-424b-9868-57a2d4851a1d" />
    <TestEntry testId="366082e0-93cb-7ab7-23bd-5d0dec480aca" executionId="2e617b29-5b2d-4682-a2fd-c5252641d725" testListId="8c84fa94-04c1-424b-9868-57a2d4851a1d" />
    <TestEntry testId="4061c0fc-9713-c7f3-c5dc-4c2ea15eb305" executionId="e8e21c3c-d763-4778-adfb-0eac39963cc5" testListId="8c84fa94-04c1-424b-9868-57a2d4851a1d" />
    <TestEntry testId="cbf394f6-0caa-cc81-9a1c-0c8c2f8aefd3" executionId="137ee8a4-b10c-4fff-9665-d64ae6529751" testListId="8c84fa94-04c1-424b-9868-57a2d4851a1d" />
    <TestEntry testId="42dd2600-2347-f202-54ec-cede2677bd53" executionId="cda5f36a-ba40-4e5d-ab68-98e015c4f30f" testListId="8c84fa94-04c1-424b-9868-57a2d4851a1d" />
    <TestEntry testId="d50a09e9-dd36-8b02-ea9b-6b2bc5ef7216" executionId="31b1e7f7-3e64-4389-988a-f5e8a4b3b254" testListId="8c84fa94-04c1-424b-9868-57a2d4851a1d" />
    <TestEntry testId="150bbe7a-c537-881e-21b8-20ca66245689" executionId="649d99bc-9b35-420e-901a-8b08cda00099" testListId="8c84fa94-04c1-424b-9868-57a2d4851a1d" />
    <TestEntry testId="72b9b80c-20d2-1dc7-21dd-6acc0a0b7986" executionId="dc76b93e-2658-459d-bf7d-2a85977e7752" testListId="8c84fa94-04c1-424b-9868-57a2d4851a1d" />
    <TestEntry testId="3f897402-dfe3-0ab2-2471-310fdcad9e40" executionId="a055805a-14f6-461b-ad71-3652bf31cf24" testListId="8c84fa94-04c1-424b-9868-57a2d4851a1d" />
    <TestEntry testId="90cd63ce-2588-1c01-9bce-1fcc615a8649" executionId="ea3357b7-951b-4e20-add4-7ddf4da60606" testListId="8c84fa94-04c1-424b-9868-57a2d4851a1d" />
    <TestEntry testId="86e6ec30-bc84-32bc-1a64-3cea3b2427ec" executionId="1d3477de-c329-4179-a5b0-f295217ef5d6" testListId="8c84fa94-04c1-424b-9868-57a2d4851a1d" />
    <TestEntry testId="853641b5-4ace-f385-261d-ebdad15ff1f7" executionId="511f4ea5-25b2-4799-9a29-b500734389c0" testListId="8c84fa94-04c1-424b-9868-57a2d4851a1d" />
    <TestEntry testId="683ae8cc-7762-59d2-48d3-0da121823b03" executionId="3dce7395-ac59-46c2-a305-a125a8762879" testListId="8c84fa94-04c1-424b-9868-57a2d4851a1d" />
    <TestEntry testId="423d18e0-7a5e-ed70-7a8b-c26a0cdca89e" executionId="4b6310b4-06b3-44a1-8900-cac90c67f68c" testListId="8c84fa94-04c1-424b-9868-57a2d4851a1d" />
    <TestEntry testId="119ae0a0-fb05-0ee9-12e8-5ed96737c9af" executionId="37285125-fce3-4afb-a9ec-7d83c82e6b02" testListId="8c84fa94-04c1-424b-9868-57a2d4851a1d" />
    <TestEntry testId="7c9c7eae-82da-c494-d48f-6b87755cdc7f" executionId="95a74612-a295-407d-9073-5e6249c6cebf" testListId="8c84fa94-04c1-424b-9868-57a2d4851a1d" />
    <TestEntry testId="1399ecb3-5836-05f3-4f83-bf219ce0503a" executionId="468f59e1-5128-4452-9dc2-b763069ed13e" testListId="8c84fa94-04c1-424b-9868-57a2d4851a1d" />
    <TestEntry testId="a667acd5-aff3-9d06-7ba8-8898939b41b3" executionId="4e830b14-504d-4771-95a3-7d28adb3cf2d" testListId="8c84fa94-04c1-424b-9868-57a2d4851a1d" />
    <TestEntry testId="6e0bb5ef-b3b3-be07-ab31-1fe7a44c2807" executionId="fc1ae581-ead3-4cec-8195-9c646708182b" testListId="8c84fa94-04c1-424b-9868-57a2d4851a1d" />
    <TestEntry testId="321ee18b-8045-e090-1825-3440fd9633eb" executionId="ce5c3e29-5916-4dbc-8df1-4d4ef8e45da5" testListId="8c84fa94-04c1-424b-9868-57a2d4851a1d" />
    <TestEntry testId="70583982-10d2-ec5f-56b5-aaa2b472e42a" executionId="27781627-777b-4c25-96fe-a098c5f5fc03" testListId="8c84fa94-04c1-424b-9868-57a2d4851a1d" />
    <TestEntry testId="cf914c0f-b59b-a785-d844-0b567901618d" executionId="6f32863c-e74c-4763-87bd-d8986c8dbe16" testListId="8c84fa94-04c1-424b-9868-57a2d4851a1d" />
    <TestEntry testId="d87b1811-d3ab-c60a-9a67-67082010b1b3" executionId="746951ad-79ba-4862-a2b0-078627330487" testListId="8c84fa94-04c1-424b-9868-57a2d4851a1d" />
    <TestEntry testId="1a0a1acb-3322-1d72-26f2-5aada175203d" executionId="32035c4c-7c33-41a1-8ae8-3df96d1db9fe" testListId="8c84fa94-04c1-424b-9868-57a2d4851a1d" />
    <TestEntry testId="ca994ba9-8f45-055b-7271-dd1146c1ad07" executionId="2b62e49d-e130-42a8-b776-4e2a1e2d9b25" testListId="8c84fa94-04c1-424b-9868-57a2d4851a1d" />
    <TestEntry testId="75361b4c-b0cd-70f7-e02e-a30c18d23e26" executionId="1bb953fe-4108-41db-97d3-f57d3287a217" testListId="8c84fa94-04c1-424b-9868-57a2d4851a1d" />
    <TestEntry testId="cc1156eb-24d9-6ec9-2224-c4eed0f05c04" executionId="1e5ad63d-8dc2-4360-a8b6-00041b9bc667" testListId="8c84fa94-04c1-424b-9868-57a2d4851a1d" />
    <TestEntry testId="4e6ba840-6799-5f7f-dcf2-b6ded951cd2c" executionId="cc474d9e-c7fd-4072-a753-edbd28cc5d09" testListId="8c84fa94-04c1-424b-9868-57a2d4851a1d" />
    <TestEntry testId="688b53db-efed-593e-dc79-b1be4965a6f4" executionId="d5b76404-61ae-480c-ae3e-1714b9d8bef4" testListId="8c84fa94-04c1-424b-9868-57a2d4851a1d" />
    <TestEntry testId="b8bf78ee-3dff-7b54-3f2c-f38599caa45d" executionId="f68f9477-2dec-4c25-8ca3-ed8d1248ea27" testListId="8c84fa94-04c1-424b-9868-57a2d4851a1d" />
    <TestEntry testId="d8a7529c-5fba-e1bd-ef8d-b8087ed13584" executionId="034718cc-78bb-4131-ac92-23383593116b" testListId="8c84fa94-04c1-424b-9868-57a2d4851a1d" />
    <TestEntry testId="1cf9a22a-1411-d062-252b-279cbb50a05e" executionId="d93aa803-59a8-4950-9aef-66eca7ebeb5d" testListId="8c84fa94-04c1-424b-9868-57a2d4851a1d" />
    <TestEntry testId="a87078aa-ef0c-a7bd-8793-3f55e32ca838" executionId="868b873d-b785-4b38-b245-3f5b96d67e59" testListId="8c84fa94-04c1-424b-9868-57a2d4851a1d" />
    <TestEntry testId="a2ac4ee1-188a-c01f-248e-b014e4151c25" executionId="6658fc2a-7d93-4376-8120-2810de0d33b7" testListId="8c84fa94-04c1-424b-9868-57a2d4851a1d" />
    <TestEntry testId="a42ca879-7d6e-822a-0902-3d08d1a669a1" executionId="502e8267-abcb-435b-b1c5-fa95c9982587" testListId="8c84fa94-04c1-424b-9868-57a2d4851a1d" />
    <TestEntry testId="db51dbcc-f40c-d976-4849-0f646f7baca9" executionId="cfd1d42a-2b49-4f13-b0e5-14befafc8bf6" testListId="8c84fa94-04c1-424b-9868-57a2d4851a1d" />
    <TestEntry testId="aa667ecf-cd72-d3d5-1db8-0cbd5d944b3a" executionId="3ad33dab-d9d2-4b2f-bdb0-3431c97093b4" testListId="8c84fa94-04c1-424b-9868-57a2d4851a1d" />
  </TestEntries>
  <TestLists>
    <TestList name="Results Not in a List" id="8c84fa94-04c1-424b-9868-57a2d4851a1d" />
    <TestList name="All Loaded Results" id="19431567-8539-422a-85d7-44ee4e166bda" />
  </TestLists>
  <ResultSummary outcome="Completed">
    <Counters total="57" executed="57" passed="57" failed="0" error="0" timeout="0" aborted="0" inconclusive="0" passedButRunAborted="0" notRunnable="0" notExecuted="0" disconnected="0" warning="0" completed="0" inProgress="0" pending="0" />
  </ResultSummary>
</TestRun>