<?xml version="1.0" encoding="UTF-8"?>
<TestRun id="e89537b7-bdf0-4be6-bb19-9574cdc140a2" name="bacemi@ICSWS068 2016-08-04 09:53:14" runUser="ICORE\bacemi" xmlns="http://microsoft.com/schemas/VisualStudio/TeamTest/2010">
  <Times creation="2016-08-04T09:53:14.2271139+02:00" queuing="2016-08-04T09:53:14.2271139+02:00" start="2016-08-04T09:53:12.3921442+02:00" finish="2016-08-04T09:54:36.5556238+02:00" />
  <TestSettings name="default" id="7468f2ad-f51c-4b0c-9481-f65631fa1c89">
    <Execution>
      <TestTypeSpecific />
    </Execution>
    <Deployment runDeploymentRoot="bacemi_ICSWS068 2016-08-04 09_53_14" />
    <Properties />
  </TestSettings>
  <Results>
    <UnitTestResult executionId="a20743c4-c6f9-4f98-8ea0-72b970433700" testId="baf64231-2799-f763-0d5a-fbbfe44c42be" testName="Invoke_VerifyWorkflowExecuteContextInTrackingScopesInCodeActivity" computerName="ICSWS068" duration="00:00:01.0254891" startTime="2016-08-04T09:53:12.3921442+02:00" endTime="2016-08-04T09:53:13.7403990+02:00" testType="13cdc9d9-ddb5-4fa4-a97d-d965ccfc6d4b" outcome="Passed" testListId="8c84fa94-04c1-424b-9868-57a2d4851a1d" relativeResultsDirectory="a20743c4-c6f9-4f98-8ea0-72b970433700">
      <Output>
        <StdOut>Debug Trace:
Job 1 completed successfully at 2016-08-04 09:53:13.
OnAllWorkflowsClosed();



TestContext Messages:
About to start execution of job [1] at 09:53:13.21083.</StdOut>
      </Output>
    </UnitTestResult>
    <UnitTestResult executionId="de5aa7fe-9ec2-4aae-91fc-8b99eecb6d4d" testId="5b6c0d0c-394c-1ef4-0e9b-78804389c155" testName="Invoke_VerifyWorkflowExecuteContextInTrackingScopesInNativeActivity" computerName="ICSWS068" duration="00:00:00.5162782" startTime="2016-08-04T09:53:13.7440881+02:00" endTime="2016-08-04T09:53:14.2616191+02:00" testType="13cdc9d9-ddb5-4fa4-a97d-d965ccfc6d4b" outcome="Passed" testListId="8c84fa94-04c1-424b-9868-57a2d4851a1d" relativeResultsDirectory="de5aa7fe-9ec2-4aae-91fc-8b99eecb6d4d">
      <Output>
        <StdOut>Debug Trace:
Job 1 completed successfully at 2016-08-04 09:53:13.
OnAllWorkflowsClosed();



TestContext Messages:
About to start execution of job [1] at 09:53:13.76060.</StdOut>
      </Output>
    </UnitTestResult>
    <UnitTestResult executionId="b593c2ba-b8b2-4d48-b68d-78567f7917c9" testId="aab1a041-e770-9386-d0e9-89a06db433f7" testName="Invoke_TimeoutOccurrsWithErrorOnTimeoutSetToFalse_DoesNotThrow" computerName="ICSWS068" duration="00:00:01.2423503" startTime="2016-08-04T09:53:14.2651238+02:00" endTime="2016-08-04T09:53:15.5095463+02:00" testType="13cdc9d9-ddb5-4fa4-a97d-d965ccfc6d4b" outcome="Passed" testListId="8c84fa94-04c1-424b-9868-57a2d4851a1d" relativeResultsDirectory="b593c2ba-b8b2-4d48-b68d-78567f7917c9">
      <Output>
        <StdOut>Debug Trace:
0: WorkflowInstance "MainSequence1" is Started
1: Activity [null] "null" scheduled child activity [1] "MainSequence1"
2: Activity [1] "MainSequence1" is Executing
{
    Variables
        configuration: 
        connection: 00000000-0000-0000-0000-000000000000
        result: 
        error: False
        queueName: .\private$\getnextmsmq_63422741-02dc-4ae0-8538-d1382ff2b7f5
        read: False
}
3: Activity [1] "MainSequence1" scheduled child activity [17] "CreateListenerConf"
4: Activity [17] "CreateListenerConf" is Executing
{
    Arguments
        QueueName: .\private$\getnextmsmq_63422741-02dc-4ae0-8538-d1382ff2b7f5
        MessagePropertyFilter: 
        ExclusiveReadAccess: False
        Formatter: 
        ReadMode: Receive
}
5: Activity [17] "CreateListenerConf" is Closed
{
    Arguments
        QueueName: .\private$\getnextmsmq_63422741-02dc-4ae0-8538-d1382ff2b7f5
        MessagePropertyFilter: 
        ExclusiveReadAccess: False
        Result: iCore.Workflow.Activities.Msmq.MsmqListenerConfiguration
        Formatter: 
        ReadMode: Receive
}
6: Activity [1] "MainSequence1" scheduled child activity [14] "StartMsmq"
7: Activity [14] "StartMsmq" is Executing
{
    Arguments
        Configuration: iCore.Workflow.Activities.Msmq.MsmqListenerConfiguration
}
8: Activity [14] "StartMsmq" is Closed
{
    Arguments
        Result: 50535bbf-cbd9-4504-9763-9677de10ed57
        Configuration: iCore.Workflow.Activities.Msmq.MsmqListenerConfiguration
}
9: Activity [1] "MainSequence1" scheduled child activity [5] "TryCatch"
10: Activity [5] "TryCatch" is Executing
11: Activity [5] "TryCatch" scheduled child activity [8] "GetNextMessage"
12: Activity [8] "GetNextMessage" is Executing
{
    Arguments
        ListenerId: 50535bbf-cbd9-4504-9763-9677de10ed57
        ErrorOnTimeout: False
        Timeout: 00:00:01
        IsImplicitlyCancellable: True
}
13: WorkflowInstance "MainSequence1" is Idle
OnSubscriptionEvent: &lt;null&gt;
14: Bookmark "GetNextMsmqMessage-47f36ef8-6b95-4e0f-a0fa-55a892c4f737" resumed with payload &lt;iCore.Workflow.Activities.Extensions.ItemSubscriptionEventArgs`1[System.Messaging.Message]&gt; owner [8] "GetNextMessage"
15: Activity [8] "GetNextMessage" is Closed
{
    Arguments
        ListenerId: 50535bbf-cbd9-4504-9763-9677de10ed57
        ErrorOnTimeout: False
        Timeout: 00:00:01
        Result: 
        IsImplicitlyCancellable: True
}
OnSubscriptionEvent, BookmarkResumptionResult=Success
16: Activity [5] "TryCatch" scheduled child activity [6] "StopMsmq"
17: Activity [6] "StopMsmq" is Executing
{
    Arguments
        ListenerId: 50535bbf-cbd9-4504-9763-9677de10ed57
}
18: Activity [6] "StopMsmq" is Closed
{
    Arguments
        ListenerId: 50535bbf-cbd9-4504-9763-9677de10ed57
}
19: Activity [5] "TryCatch" is Closed
20: Activity [1] "MainSequence1" is Closed
{
    Variables
        configuration: iCore.Workflow.Activities.Msmq.MsmqListenerConfiguration
        connection: 50535bbf-cbd9-4504-9763-9677de10ed57
        result: 
        error: False
        queueName: .\private$\getnextmsmq_63422741-02dc-4ae0-8538-d1382ff2b7f5
        read: False
}
21: WorkflowInstance "MainSequence1" is Completed</StdOut>
      </Output>
    </UnitTestResult>
    <UnitTestResult executionId="2300b252-e157-4ae5-9fce-37d02444b62e" testId="25a8a7da-5ff2-221e-f45d-c9d28f9f75c1" testName="Invoke_TimeoutOccurrsWithErrorOnTimeoutSetToTrue_Throws" computerName="ICSWS068" duration="00:00:01.0776169" startTime="2016-08-04T09:53:15.5125583+02:00" endTime="2016-08-04T09:53:16.5912898+02:00" testType="13cdc9d9-ddb5-4fa4-a97d-d965ccfc6d4b" outcome="Passed" testListId="8c84fa94-04c1-424b-9868-57a2d4851a1d" relativeResultsDirectory="2300b252-e157-4ae5-9fce-37d02444b62e">
      <Output>
        <StdOut>Debug Trace:
0: WorkflowInstance "MainSequence1" is Started
1: Activity [null] "null" scheduled child activity [1] "MainSequence1"
2: Activity [1] "MainSequence1" is Executing
{
    Variables
        configuration: 
        connection: 00000000-0000-0000-0000-000000000000
        result: 
        error: True
        queueName: .\private$\getnextmsmq_09d09224-ea0b-4b0d-b19c-0e370a0a5000
        read: False
}
3: Activity [1] "MainSequence1" scheduled child activity [17] "CreateListenerConf"
4: Activity [17] "CreateListenerConf" is Executing
{
    Arguments
        QueueName: .\private$\getnextmsmq_09d09224-ea0b-4b0d-b19c-0e370a0a5000
        MessagePropertyFilter: 
        ExclusiveReadAccess: False
        Formatter: 
        ReadMode: Receive
}
5: Activity [17] "CreateListenerConf" is Closed
{
    Arguments
        QueueName: .\private$\getnextmsmq_09d09224-ea0b-4b0d-b19c-0e370a0a5000
        MessagePropertyFilter: 
        ExclusiveReadAccess: False
        Result: iCore.Workflow.Activities.Msmq.MsmqListenerConfiguration
        Formatter: 
        ReadMode: Receive
}
6: Activity [1] "MainSequence1" scheduled child activity [14] "StartMsmq"
7: Activity [14] "StartMsmq" is Executing
{
    Arguments
        Configuration: iCore.Workflow.Activities.Msmq.MsmqListenerConfiguration
}
8: Activity [14] "StartMsmq" is Closed
{
    Arguments
        Result: 80c70c2d-18f0-4688-aec1-4341c61b4f4d
        Configuration: iCore.Workflow.Activities.Msmq.MsmqListenerConfiguration
}
9: Activity [1] "MainSequence1" scheduled child activity [5] "TryCatch"
10: Activity [5] "TryCatch" is Executing
11: Activity [5] "TryCatch" scheduled child activity [8] "GetNextMessage"
12: Activity [8] "GetNextMessage" is Executing
{
    Arguments
        ListenerId: 80c70c2d-18f0-4688-aec1-4341c61b4f4d
        ErrorOnTimeout: True
        Timeout: 00:00:01
        IsImplicitlyCancellable: True
}
13: WorkflowInstance "MainSequence1" is Idle
OnSubscriptionEvent: &lt;null&gt;
14: Bookmark "GetNextMsmqMessage-aa53e2ff-9655-40c0-81b4-0ecb94f7322c" resumed with payload &lt;iCore.Workflow.Activities.Extensions.ItemSubscriptionEventArgs`1[System.Messaging.Message]&gt; owner [8] "GetNextMessage"
OnSubscriptionEvent, BookmarkResumptionResult=Success
15: Activity [8] "GetNextMessage" is Faulted
{
    Arguments
        ListenerId: 80c70c2d-18f0-4688-aec1-4341c61b4f4d
        ErrorOnTimeout: True
        Timeout: 00:00:01
        Result: 
        IsImplicitlyCancellable: True
}
16: Fault source [8] "GetNextMessage"
17: Fault source [8] "GetNextMessage"
18: WorkflowInstance "MainSequence1" Unhandled Exception Source "GetNextMessage" Exception &lt;System.TimeoutException: Receive timed out. ---&gt; System.Messaging.MessageQueueException: Timeout for the requested operation has expired.
   at System.Messaging.MessageQueue.AsynchronousRequest.End()
   at System.Messaging.MessageQueue.EndAsyncOperation(IAsyncResult asyncResult)
   at System.Messaging.MessageQueue.EndReceive(IAsyncResult asyncResult)
   at iCore.Runtime.Core.MessageCorrectedMessageQueueException.TransformException[Arg1,T](Func`2 action, Arg1 arg1)
   at iCore.Runtime.Msmq.MsmqMessageQueueImpl.EndReceive(IAsyncResult asyncResult)
   at iCore.Workflow.Activities.Msmq.Extensions.MsmqMessageSubscriptionProvider.&lt;&gt;c__DisplayClass4_0.&lt;GetNextItemAsync&gt;b__1(IAsyncResult ar)
   --- End of inner exception stack trace ---
   at System.Runtime.ExceptionServices.ExceptionDispatchInfo.Throw()
   at iCore.Workflow.Activities.Extensions.ItemSubscriptionEventArgs`1.ReThrowExceptionIfError()
   at iCore.Workflow.Activities.Msmq.GetNextMsmqMessageActivity.RequestComplete(NativeActivityContext context, Bookmark bookmark, Object value)
   at System.Activities.Runtime.BookmarkCallbackWrapper.Invoke(NativeActivityContext context, Bookmark bookmark, Object value)
   at System.Activities.Runtime.BookmarkWorkItem.Execute(ActivityExecutor executor, BookmarkManager bookmarkManager)&gt;
19: WorkflowInstance Aborted [MainSequence1] Reason "Receive timed out. InnerException Message: Timeout for the requested operation has expired."</StdOut>
      </Output>
    </UnitTestResult>
    <UnitTestResult executionId="ad933c5f-65db-4d1a-924a-56a5752002f2" testId="84645567-cc7c-060c-fda1-2f1495132f67" testName="Invoke_TimeoutSetNoMessageOnQueue_DoesNotTimeOutBeforeTimeoutTime" computerName="ICSWS068" duration="00:00:01.0555459" startTime="2016-08-04T09:53:16.5942912+02:00" endTime="2016-08-04T09:53:17.6511275+02:00" testType="13cdc9d9-ddb5-4fa4-a97d-d965ccfc6d4b" outcome="Passed" testListId="8c84fa94-04c1-424b-9868-57a2d4851a1d" relativeResultsDirectory="ad933c5f-65db-4d1a-924a-56a5752002f2">
      <Output>
        <StdOut>Debug Trace:
0: WorkflowInstance "MainSequence1" is Started
1: Activity [null] "null" scheduled child activity [1] "MainSequence1"
2: Activity [1] "MainSequence1" is Executing
{
    Variables
        configuration: 
        connection: 00000000-0000-0000-0000-000000000000
        result: 
        error: False
        queueName: .\private$\getnextmsmq_3195df91-b35d-4090-987d-a7383610202b
        read: False
}
3: Activity [1] "MainSequence1" scheduled child activity [17] "CreateListenerConf"
4: Activity [17] "CreateListenerConf" is Executing
{
    Arguments
        QueueName: .\private$\getnextmsmq_3195df91-b35d-4090-987d-a7383610202b
        MessagePropertyFilter: 
        ExclusiveReadAccess: False
        Formatter: 
        ReadMode: Receive
}
5: Activity [17] "CreateListenerConf" is Closed
{
    Arguments
        QueueName: .\private$\getnextmsmq_3195df91-b35d-4090-987d-a7383610202b
        MessagePropertyFilter: 
        ExclusiveReadAccess: False
        Result: iCore.Workflow.Activities.Msmq.MsmqListenerConfiguration
        Formatter: 
        ReadMode: Receive
}
6: Activity [1] "MainSequence1" scheduled child activity [14] "StartMsmq"
7: Activity [14] "StartMsmq" is Executing
{
    Arguments
        Configuration: iCore.Workflow.Activities.Msmq.MsmqListenerConfiguration
}
8: Activity [14] "StartMsmq" is Closed
{
    Arguments
        Result: c8b4c101-f3bf-4b3d-b2d6-47f7d9da0255
        Configuration: iCore.Workflow.Activities.Msmq.MsmqListenerConfiguration
}
9: Activity [1] "MainSequence1" scheduled child activity [5] "TryCatch"
10: Activity [5] "TryCatch" is Executing
11: Activity [5] "TryCatch" scheduled child activity [8] "GetNextMessage"
12: Activity [8] "GetNextMessage" is Executing
{
    Arguments
        ListenerId: c8b4c101-f3bf-4b3d-b2d6-47f7d9da0255
        ErrorOnTimeout: False
        Timeout: 00:00:01
        IsImplicitlyCancellable: True
}
13: WorkflowInstance "MainSequence1" is Idle
OnSubscriptionEvent: &lt;null&gt;
14: Bookmark "GetNextMsmqMessage-c3091f5c-b637-4777-a5e3-8e3578c0f6c7" resumed with payload &lt;iCore.Workflow.Activities.Extensions.ItemSubscriptionEventArgs`1[System.Messaging.Message]&gt; owner [8] "GetNextMessage"
OnSubscriptionEvent, BookmarkResumptionResult=Success
15: Activity [8] "GetNextMessage" is Closed
{
    Arguments
        ListenerId: c8b4c101-f3bf-4b3d-b2d6-47f7d9da0255
        ErrorOnTimeout: False
        Timeout: 00:00:01
        Result: 
        IsImplicitlyCancellable: True
}
16: Activity [5] "TryCatch" scheduled child activity [6] "StopMsmq"
17: Activity [6] "StopMsmq" is Executing
{
    Arguments
        ListenerId: c8b4c101-f3bf-4b3d-b2d6-47f7d9da0255
}
18: Activity [6] "StopMsmq" is Closed
{
    Arguments
        ListenerId: c8b4c101-f3bf-4b3d-b2d6-47f7d9da0255
}
19: Activity [5] "TryCatch" is Closed
20: Activity [1] "MainSequence1" is Closed
{
    Variables
        configuration: iCore.Workflow.Activities.Msmq.MsmqListenerConfiguration
        connection: c8b4c101-f3bf-4b3d-b2d6-47f7d9da0255
        result: 
        error: False
        queueName: .\private$\getnextmsmq_3195df91-b35d-4090-987d-a7383610202b
        read: False
}
21: WorkflowInstance "MainSequence1" is Completed</StdOut>
      </Output>
    </UnitTestResult>
    <UnitTestResult executionId="87493645-f401-4c9d-ad96-6b964bc298f4" testId="15cd0f92-74e0-2043-2172-b534058c4e40" testName="Invoke_VerifySuccessWhenNoChildJobsExistsAndIdListIsNothing" computerName="ICSWS068" duration="00:00:00.5149022" startTime="2016-08-04T09:53:17.6556652+02:00" endTime="2016-08-04T09:53:18.1720535+02:00" testType="13cdc9d9-ddb5-4fa4-a97d-d965ccfc6d4b" outcome="Passed" testListId="8c84fa94-04c1-424b-9868-57a2d4851a1d" relativeResultsDirectory="87493645-f401-4c9d-ad96-6b964bc298f4">
      <Output>
        <StdOut>Debug Trace:
Job 1 completed successfully at 2016-08-04 09:53:17.
OnAllWorkflowsClosed();



TestContext Messages:
About to start execution of job [1] at 09:53:17.67016.</StdOut>
      </Output>
    </UnitTestResult>
    <UnitTestResult executionId="8abf80b2-cbc1-45b4-b059-aa44a8391302" testId="ede61097-2073-8f8d-ea4b-e0c61007d1fb" testName="GetNextItem_ReturnsTheNextItem" computerName="ICSWS068" duration="00:00:00.0185796" startTime="2016-08-04T09:53:18.1750576+02:00" endTime="2016-08-04T09:53:18.1946786+02:00" testType="13cdc9d9-ddb5-4fa4-a97d-d965ccfc6d4b" outcome="Passed" testListId="8c84fa94-04c1-424b-9868-57a2d4851a1d" relativeResultsDirectory="8abf80b2-cbc1-45b4-b059-aa44a8391302">
      <Output>
        <StdOut>Debug Trace:
4: GetNextItemFromSubscriptionProviderExtensionTestActivity.Execute: Start
4: GetNextItemFromSubscriptionProviderExtensionTestActivity.Execute: Done (Bookmark=cb4a2c08-8018-4b08-96e8-901d408933d9)
OnSubscriptionEvent: Hello
cb4a2c08-8018-4b08-96e8-901d408933d9: BeginResumeBookmark: {0}
EndResumeBookmark
OnSubscriptionEvent, BookmarkResumptionResult=Success
4: GetNextItemFromSubscriptionProviderExtensionTestActivity.OnRequestComplete: Start (Bookmark=cb4a2c08-8018-4b08-96e8-901d408933d9)
4: GetNextItemFromSubscriptionProviderExtensionTestActivity.OnRequestComplete: Result=Value Hello
4: GetNextItemFromSubscriptionProviderExtensionTestActivity.OnRequestComplete: End (Bookmark=cb4a2c08-8018-4b08-96e8-901d408933d9)</StdOut>
      </Output>
    </UnitTestResult>
    <UnitTestResult executionId="5f325ce3-b427-4a4c-8b26-f4723d41331b" testId="4693ea8a-8288-5271-3baa-33a3dd789e6b" testName="GetNextItem_TimeoutOccurs_ReturnsTimeoutException" computerName="ICSWS068" duration="00:00:01.0043450" startTime="2016-08-04T09:53:18.1976795+02:00" endTime="2016-08-04T09:53:19.2029973+02:00" testType="13cdc9d9-ddb5-4fa4-a97d-d965ccfc6d4b" outcome="Passed" testListId="8c84fa94-04c1-424b-9868-57a2d4851a1d" relativeResultsDirectory="5f325ce3-b427-4a4c-8b26-f4723d41331b">
      <Output>
        <StdOut>Debug Trace:
4: GetNextItemFromSubscriptionProviderExtensionTestActivity.Execute: Start
4: GetNextItemFromSubscriptionProviderExtensionTestActivity.Execute: Done (Bookmark=2f2b65be-3434-4ed5-a56b-a751386d2c9b)
OnSubscriptionEvent: &lt;null&gt;
2f2b65be-3434-4ed5-a56b-a751386d2c9b: BeginResumeBookmark: {0}
EndResumeBookmark
OnSubscriptionEvent, BookmarkResumptionResult=Success
4: GetNextItemFromSubscriptionProviderExtensionTestActivity.OnRequestComplete: Start (Bookmark=2f2b65be-3434-4ed5-a56b-a751386d2c9b)
4: GetNextItemFromSubscriptionProviderExtensionTestActivity.OnRequestComplete: Result=Error System.TimeoutException: The operation has timed out.
   at IntgTests.iCore.Workflow.Activities.Extensions.SubscriptionItemProviderExtensionTests.TestSubscriptionItemProvider.&lt;&gt;c__DisplayClass3_0.&lt;GetNextItemAsync&gt;b__0() in F:\ETWork\Main\ScriptComp\Assemblies\Workflow\IntgTests.iCore.Workflow.Activities\Extensions\SubscriptionItemProviderExtensionTests.cs:line 1247
   at System.Threading.Tasks.Task`1.InnerInvoke()
   at System.Threading.Tasks.Task.Execute()
4: GetNextItemFromSubscriptionProviderExtensionTestActivity.OnRequestComplete: End (Bookmark=2f2b65be-3434-4ed5-a56b-a751386d2c9b)</StdOut>
      </Output>
    </UnitTestResult>
    <UnitTestResult executionId="dbf63619-0023-4372-a236-c0f5278cd58a" testId="5a6cb30c-9c40-2343-6c10-bc8709c7f7e8" testName="GetNextItem_CancelOccurs_WorkflowIsCancelled" computerName="ICSWS068" duration="00:00:00.0027269" startTime="2016-08-04T09:53:19.2059814+02:00" endTime="2016-08-04T09:53:19.2100021+02:00" testType="13cdc9d9-ddb5-4fa4-a97d-d965ccfc6d4b" outcome="Passed" testListId="8c84fa94-04c1-424b-9868-57a2d4851a1d" relativeResultsDirectory="dbf63619-0023-4372-a236-c0f5278cd58a">
      <Output>
        <StdOut>Debug Trace:
4: GetNextItemFromSubscriptionProviderExtensionTestActivity.Execute: Start
4: GetNextItemFromSubscriptionProviderExtensionTestActivity.Execute: Done (Bookmark=50b3839e-d3ce-4f87-a7dd-8dcc41e3ebe2)</StdOut>
      </Output>
    </UnitTestResult>
    <UnitTestResult executionId="557c2f97-1eaf-4a86-b4d2-ff6805f7d3f0" testId="98fb06a2-b3f7-8cec-07e6-734a013fa7c8" testName="GetNextItem_MultipleSubscribersToTheSameProviderInParallell_AllItemsAreReturned" computerName="ICSWS068" duration="00:00:00.0073432" startTime="2016-08-04T09:53:19.2131426+02:00" endTime="2016-08-04T09:53:19.2216688+02:00" testType="13cdc9d9-ddb5-4fa4-a97d-d965ccfc6d4b" outcome="Passed" testListId="8c84fa94-04c1-424b-9868-57a2d4851a1d" relativeResultsDirectory="557c2f97-1eaf-4a86-b4d2-ff6805f7d3f0">
      <Output>
        <StdOut>Debug Trace:
8: GetNextItemFromSubscriptionProviderExtensionTestActivity.Execute: Start
8: GetNextItemFromSubscriptionProviderExtensionTestActivity.Execute: Done (Bookmark=0ddf575b-0c9a-416a-a0f0-60d261110a08)
9: GetNextItemFromSubscriptionProviderExtensionTestActivity.Execute: Start
9: GetNextItemFromSubscriptionProviderExtensionTestActivity.Execute: Done (Bookmark=bcb3e24b-9d61-4ff2-8a76-c7a7f76a9b19)
10: GetNextItemFromSubscriptionProviderExtensionTestActivity.Execute: Start
10: GetNextItemFromSubscriptionProviderExtensionTestActivity.Execute: Done (Bookmark=58f30d46-8f5d-4284-ab84-3cf6831085f2)
OnSubscriptionEvent: Hello
0ddf575b-0c9a-416a-a0f0-60d261110a08: BeginResumeBookmark: {0}
EndResumeBookmark
OnSubscriptionEvent, BookmarkResumptionResult=Success
8: GetNextItemFromSubscriptionProviderExtensionTestActivity.OnRequestComplete: Start (Bookmark=0ddf575b-0c9a-416a-a0f0-60d261110a08)
8: GetNextItemFromSubscriptionProviderExtensionTestActivity.OnRequestComplete: Result=Value Hello
8: GetNextItemFromSubscriptionProviderExtensionTestActivity.OnRequestComplete: End (Bookmark=0ddf575b-0c9a-416a-a0f0-60d261110a08)
OnSubscriptionEvent: World
bcb3e24b-9d61-4ff2-8a76-c7a7f76a9b19: BeginResumeBookmark: {0}
EndResumeBookmark
OnSubscriptionEvent, BookmarkResumptionResult=Success
9: GetNextItemFromSubscriptionProviderExtensionTestActivity.OnRequestComplete: Start (Bookmark=bcb3e24b-9d61-4ff2-8a76-c7a7f76a9b19)
9: GetNextItemFromSubscriptionProviderExtensionTestActivity.OnRequestComplete: Result=Value World
9: GetNextItemFromSubscriptionProviderExtensionTestActivity.OnRequestComplete: End (Bookmark=bcb3e24b-9d61-4ff2-8a76-c7a7f76a9b19)
OnSubscriptionEvent: !
58f30d46-8f5d-4284-ab84-3cf6831085f2: BeginResumeBookmark: {0}
EndResumeBookmark
10: GetNextItemFromSubscriptionProviderExtensionTestActivity.OnRequestComplete: Start (Bookmark=58f30d46-8f5d-4284-ab84-3cf6831085f2)
10: GetNextItemFromSubscriptionProviderExtensionTestActivity.OnRequestComplete: Result=Value !
10: GetNextItemFromSubscriptionProviderExtensionTestActivity.OnRequestComplete: End (Bookmark=58f30d46-8f5d-4284-ab84-3cf6831085f2)
OnSubscriptionEvent, BookmarkResumptionResult=Success</StdOut>
      </Output>
    </UnitTestResult>
    <UnitTestResult executionId="de24ddf4-182b-4e7a-b9c5-b6bfc6e755b2" testId="5b4bb7fc-fb79-2c3a-5843-1a347c5d8d8e" testName="GetNextItem_FirstSubscriberTimesOut_ItemAdded_SecondSubscriptionGetsItem" computerName="ICSWS068" duration="00:00:01.0120299" startTime="2016-08-04T09:53:19.2246561+02:00" endTime="2016-08-04T09:53:20.2376067+02:00" testType="13cdc9d9-ddb5-4fa4-a97d-d965ccfc6d4b" outcome="Passed" testListId="8c84fa94-04c1-424b-9868-57a2d4851a1d" relativeResultsDirectory="de24ddf4-182b-4e7a-b9c5-b6bfc6e755b2">
      <Output>
        <StdOut>Debug Trace:
8: GetNextItemFromSubscriptionProviderExtensionTestActivity.Execute: Start
8: GetNextItemFromSubscriptionProviderExtensionTestActivity.Execute: Done (Bookmark=90869709-5561-4bb4-bebf-7c9a0bef7f2f)
OnSubscriptionEvent: &lt;null&gt;
90869709-5561-4bb4-bebf-7c9a0bef7f2f: BeginResumeBookmark: {0}
EndResumeBookmark
OnSubscriptionEvent, BookmarkResumptionResult=Success
8: GetNextItemFromSubscriptionProviderExtensionTestActivity.OnRequestComplete: Start (Bookmark=90869709-5561-4bb4-bebf-7c9a0bef7f2f)
8: GetNextItemFromSubscriptionProviderExtensionTestActivity.OnRequestComplete: Result=Error System.TimeoutException: The operation has timed out.
   at IntgTests.iCore.Workflow.Activities.Extensions.SubscriptionItemProviderExtensionTests.TestSubscriptionItemProvider.&lt;&gt;c__DisplayClass3_0.&lt;GetNextItemAsync&gt;b__0() in F:\ETWork\Main\ScriptComp\Assemblies\Workflow\IntgTests.iCore.Workflow.Activities\Extensions\SubscriptionItemProviderExtensionTests.cs:line 1247
   at System.Threading.Tasks.Task`1.InnerInvoke()
   at System.Threading.Tasks.Task.Execute()
8: GetNextItemFromSubscriptionProviderExtensionTestActivity.OnRequestComplete: End (Bookmark=90869709-5561-4bb4-bebf-7c9a0bef7f2f)
SetEventWaitHandleActivity.Execute: Start
SetEventWaitHandleActivity.Execute: End
9: WaitHandleActivity.EndExecute: Start
9: WaitHandleActivity.EndExecute: End
15: GetNextItemFromSubscriptionProviderExtensionTestActivity.Execute: Start
15: GetNextItemFromSubscriptionProviderExtensionTestActivity.Execute: Done (Bookmark=6f1cbc94-f82d-4474-8e72-d433b50f4f4f)
OnSubscriptionEvent: Hello
6f1cbc94-f82d-4474-8e72-d433b50f4f4f: BeginResumeBookmark: {0}
EndResumeBookmark
OnSubscriptionEvent, BookmarkResumptionResult=Success
15: GetNextItemFromSubscriptionProviderExtensionTestActivity.OnRequestComplete: Start (Bookmark=6f1cbc94-f82d-4474-8e72-d433b50f4f4f)
15: GetNextItemFromSubscriptionProviderExtensionTestActivity.OnRequestComplete: Result=Value Hello
15: GetNextItemFromSubscriptionProviderExtensionTestActivity.OnRequestComplete: End (Bookmark=6f1cbc94-f82d-4474-8e72-d433b50f4f4f)</StdOut>
      </Output>
    </UnitTestResult>
    <UnitTestResult executionId="ee53cb22-c3bd-4e0e-bffb-0141e9a25bd8" testId="81fdcaae-637a-9e75-2f16-db984c30ab31" testName="GetNextItem_SecondSubscriptionAddedToSameProviderWithShorterTimeout_TimesOutAtCorrectTime" computerName="ICSWS068" duration="00:00:02.0041163" startTime="2016-08-04T09:53:20.2401239+02:00" endTime="2016-08-04T09:53:22.2458006+02:00" testType="13cdc9d9-ddb5-4fa4-a97d-d965ccfc6d4b" outcome="Passed" testListId="8c84fa94-04c1-424b-9868-57a2d4851a1d" relativeResultsDirectory="ee53cb22-c3bd-4e0e-bffb-0141e9a25bd8">
      <Output>
        <StdOut>Debug Trace:
SetEventWaitHandleActivity.Execute: Start
SetEventWaitHandleActivity.Execute: End
9: GetNextItemFromSubscriptionProviderExtensionTestActivity.Execute: Start
9: GetNextItemFromSubscriptionProviderExtensionTestActivity.Execute: Done (Bookmark=276393f8-f2d6-4404-9a50-b5c0e8873b7f)
12: GetNextItemFromSubscriptionProviderExtensionTestActivity.Execute: Start
12: GetNextItemFromSubscriptionProviderExtensionTestActivity.Execute: Done (Bookmark=5380b7c7-41b6-4af9-a2e8-0eb13568df40)
OnSubscriptionEvent: &lt;null&gt;
5380b7c7-41b6-4af9-a2e8-0eb13568df40: BeginResumeBookmark: {0}
EndResumeBookmark
12: GetNextItemFromSubscriptionProviderExtensionTestActivity.OnRequestComplete: Start (Bookmark=5380b7c7-41b6-4af9-a2e8-0eb13568df40)
OnSubscriptionEvent, BookmarkResumptionResult=Success
12: GetNextItemFromSubscriptionProviderExtensionTestActivity.OnRequestComplete: Result=Error System.TimeoutException: The operation has timed out.
   at IntgTests.iCore.Workflow.Activities.Extensions.SubscriptionItemProviderExtensionTests.TestSubscriptionItemProvider.&lt;&gt;c__DisplayClass3_0.&lt;GetNextItemAsync&gt;b__0() in F:\ETWork\Main\ScriptComp\Assemblies\Workflow\IntgTests.iCore.Workflow.Activities\Extensions\SubscriptionItemProviderExtensionTests.cs:line 1247
   at System.Threading.Tasks.Task`1.InnerInvoke()
   at System.Threading.Tasks.Task.Execute()
12: GetNextItemFromSubscriptionProviderExtensionTestActivity.OnRequestComplete: End (Bookmark=5380b7c7-41b6-4af9-a2e8-0eb13568df40)
SetEventWaitHandleActivity.Execute: Start
SetEventWaitHandleActivity.Execute: End</StdOut>
      </Output>
    </UnitTestResult>
    <UnitTestResult executionId="04e3b46d-ac7c-401d-a041-3947dc8d54ad" testId="92faf6ad-c749-18e3-856d-daf1f8245984" testName="GetNextItem_TwoSequentialSubscribersWhereTheFirstCallToBeginResumeBookmarkFails_NextSubscriberReceivesSameItemAndFirstSubscriberHangs" computerName="ICSWS068" duration="00:00:05.0025700" startTime="2016-08-04T09:53:22.2487856+02:00" endTime="2016-08-04T09:53:27.2525425+02:00" testType="13cdc9d9-ddb5-4fa4-a97d-d965ccfc6d4b" outcome="Passed" testListId="8c84fa94-04c1-424b-9868-57a2d4851a1d" relativeResultsDirectory="04e3b46d-ac7c-401d-a041-3947dc8d54ad">
      <Output>
        <StdOut>Debug Trace:
7: GetNextItemFromSubscriptionProviderExtensionTestActivity.Execute: Start
7: GetNextItemFromSubscriptionProviderExtensionTestActivity.Execute: Done (Bookmark=517be2b9-e67e-4861-b7b9-962a2cd64cee)
OnSubscriptionEvent: Hello
517be2b9-e67e-4861-b7b9-962a2cd64cee: BeginResumeBookmark: {0}
8: WaitHandleActivity.EndExecute: Start
8: WaitHandleActivity.EndExecute: End
10: GetNextItemFromSubscriptionProviderExtensionTestActivity.Execute: Start
Failed to deliver item to requesting activity. An error occurred when attempting to resume bookmark 517be2b9-e67e-4861-b7b9-962a2cd64cee; TestException: [Test exception]

10: GetNextItemFromSubscriptionProviderExtensionTestActivity.Execute: Done (Bookmark=15909d9d-f697-42ea-b90a-186cf031813c)
OnSubscriptionEvent: Hello
15909d9d-f697-42ea-b90a-186cf031813c: BeginResumeBookmark: {0}
EndResumeBookmark
10: GetNextItemFromSubscriptionProviderExtensionTestActivity.OnRequestComplete: Start (Bookmark=15909d9d-f697-42ea-b90a-186cf031813c)
10: GetNextItemFromSubscriptionProviderExtensionTestActivity.OnRequestComplete: Result=Value Hello
10: GetNextItemFromSubscriptionProviderExtensionTestActivity.OnRequestComplete: End (Bookmark=15909d9d-f697-42ea-b90a-186cf031813c)
OnSubscriptionEvent, BookmarkResumptionResult=Success
SetEventWaitHandleActivity.Execute: Start
SetEventWaitHandleActivity.Execute: End</StdOut>
      </Output>
    </UnitTestResult>
    <UnitTestResult executionId="3faef480-5418-42be-8aa5-0c35625b1db4" testId="c0036dfe-8563-e369-0ffe-45853b807335" testName="GetNextItem_FourParallelSubscribersWhereTheFirstCallToEndResumeBookmarkFails_NextSubscriberReceivesAnItemAndFirstSubscriberHangs" computerName="ICSWS068" duration="00:00:20.0047230" startTime="2016-08-04T09:53:27.2555442+02:00" endTime="2016-08-04T09:53:47.2623065+02:00" testType="13cdc9d9-ddb5-4fa4-a97d-d965ccfc6d4b" outcome="Passed" testListId="8c84fa94-04c1-424b-9868-57a2d4851a1d" relativeResultsDirectory="3faef480-5418-42be-8aa5-0c35625b1db4">
      <Output>
        <StdOut>Debug Trace:
9: GetNextItemFromSubscriptionProviderExtensionTestActivity.Execute: Start
9: GetNextItemFromSubscriptionProviderExtensionTestActivity.Execute: Done (Bookmark=5558c4f8-f1c5-4c1c-b8b0-8cd12910fbf8)
10: GetNextItemFromSubscriptionProviderExtensionTestActivity.Execute: Start
10: GetNextItemFromSubscriptionProviderExtensionTestActivity.Execute: Done (Bookmark=e6ca80ed-695a-48e7-bdc7-1276cb36da91)
11: GetNextItemFromSubscriptionProviderExtensionTestActivity.Execute: Start
11: GetNextItemFromSubscriptionProviderExtensionTestActivity.Execute: Done (Bookmark=e55d3705-668a-4961-aefa-519e9f13f4a0)
12: GetNextItemFromSubscriptionProviderExtensionTestActivity.Execute: Start
12: GetNextItemFromSubscriptionProviderExtensionTestActivity.Execute: Done (Bookmark=b38840a5-7bde-4c72-9e0a-04d5e95b3e0f)
OnSubscriptionEvent: Hello
5558c4f8-f1c5-4c1c-b8b0-8cd12910fbf8: BeginResumeBookmark: {0}
EndResumeBookmark
Failed to deliver item to requesting activity. An error occurred on resume bookmark 5558c4f8-f1c5-4c1c-b8b0-8cd12910fbf8; TestException: [Test exception]

OnSubscriptionEvent: Hello
e6ca80ed-695a-48e7-bdc7-1276cb36da91: BeginResumeBookmark: {0}
EndResumeBookmark
10: GetNextItemFromSubscriptionProviderExtensionTestActivity.OnRequestComplete: Start (Bookmark=e6ca80ed-695a-48e7-bdc7-1276cb36da91)
10: GetNextItemFromSubscriptionProviderExtensionTestActivity.OnRequestComplete: Result=Value Hello
10: GetNextItemFromSubscriptionProviderExtensionTestActivity.OnRequestComplete: End (Bookmark=e6ca80ed-695a-48e7-bdc7-1276cb36da91)
OnSubscriptionEvent, BookmarkResumptionResult=Success
OnSubscriptionEvent: World
e55d3705-668a-4961-aefa-519e9f13f4a0: BeginResumeBookmark: {0}
EndResumeBookmark
11: GetNextItemFromSubscriptionProviderExtensionTestActivity.OnRequestComplete: Start (Bookmark=e55d3705-668a-4961-aefa-519e9f13f4a0)
11: GetNextItemFromSubscriptionProviderExtensionTestActivity.OnRequestComplete: Result=Value World
11: GetNextItemFromSubscriptionProviderExtensionTestActivity.OnRequestComplete: End (Bookmark=e55d3705-668a-4961-aefa-519e9f13f4a0)
OnSubscriptionEvent, BookmarkResumptionResult=Success
OnSubscriptionEvent: Foo
b38840a5-7bde-4c72-9e0a-04d5e95b3e0f: BeginResumeBookmark: {0}
EndResumeBookmark
OnSubscriptionEvent, BookmarkResumptionResult=Success
12: GetNextItemFromSubscriptionProviderExtensionTestActivity.OnRequestComplete: Start (Bookmark=b38840a5-7bde-4c72-9e0a-04d5e95b3e0f)
12: GetNextItemFromSubscriptionProviderExtensionTestActivity.OnRequestComplete: Result=Value Foo
12: GetNextItemFromSubscriptionProviderExtensionTestActivity.OnRequestComplete: End (Bookmark=b38840a5-7bde-4c72-9e0a-04d5e95b3e0f)</StdOut>
      </Output>
    </UnitTestResult>
    <UnitTestResult executionId="6f91fda3-a0d5-4e68-8939-a1b79a8ee7ef" testId="5422f8de-7c41-da67-51c2-ad9cf7527000" testName="GetNextItem_FourParallelSubscribersWhereTheFirstCallToEndResumeBookmarkFailsEnforceFifo_ItemsProducedInCorrectOrder" computerName="ICSWS068" duration="00:00:20.0031406" startTime="2016-08-04T09:53:47.2652842+02:00" endTime="2016-08-04T09:54:07.2696706+02:00" testType="13cdc9d9-ddb5-4fa4-a97d-d965ccfc6d4b" outcome="Passed" testListId="8c84fa94-04c1-424b-9868-57a2d4851a1d" relativeResultsDirectory="6f91fda3-a0d5-4e68-8939-a1b79a8ee7ef">
      <Output>
        <StdOut>Debug Trace:
9: GetNextItemFromSubscriptionProviderExtensionTestActivity.Execute: Start
9: GetNextItemFromSubscriptionProviderExtensionTestActivity.Execute: Done (Bookmark=b349db7b-6204-4216-8f61-a4beca592ab0)
10: GetNextItemFromSubscriptionProviderExtensionTestActivity.Execute: Start
10: GetNextItemFromSubscriptionProviderExtensionTestActivity.Execute: Done (Bookmark=20e30da4-6596-4c31-8443-12b91e282b7d)
11: GetNextItemFromSubscriptionProviderExtensionTestActivity.Execute: Start
11: GetNextItemFromSubscriptionProviderExtensionTestActivity.Execute: Done (Bookmark=98e19c97-3812-434a-95cd-db1085b7134f)
12: GetNextItemFromSubscriptionProviderExtensionTestActivity.Execute: Start
12: GetNextItemFromSubscriptionProviderExtensionTestActivity.Execute: Done (Bookmark=8ff42205-4555-45ff-9ac8-669bfb9319a2)
OnSubscriptionEvent: Hello
b349db7b-6204-4216-8f61-a4beca592ab0: BeginResumeBookmark: {0}
EndResumeBookmark
Failed to deliver item to requesting activity. An error occurred on resume bookmark b349db7b-6204-4216-8f61-a4beca592ab0; TestException: [Test exception]

OnSubscriptionEvent: Hello
20e30da4-6596-4c31-8443-12b91e282b7d: BeginResumeBookmark: {0}
EndResumeBookmark
OnSubscriptionEvent, BookmarkResumptionResult=Success
10: GetNextItemFromSubscriptionProviderExtensionTestActivity.OnRequestComplete: Start (Bookmark=20e30da4-6596-4c31-8443-12b91e282b7d)
10: GetNextItemFromSubscriptionProviderExtensionTestActivity.OnRequestComplete: Result=Value Hello
10: GetNextItemFromSubscriptionProviderExtensionTestActivity.OnRequestComplete: End (Bookmark=20e30da4-6596-4c31-8443-12b91e282b7d)
OnSubscriptionEvent: World
98e19c97-3812-434a-95cd-db1085b7134f: BeginResumeBookmark: {0}
EndResumeBookmark
OnSubscriptionEvent, BookmarkResumptionResult=Success
11: GetNextItemFromSubscriptionProviderExtensionTestActivity.OnRequestComplete: Start (Bookmark=98e19c97-3812-434a-95cd-db1085b7134f)
11: GetNextItemFromSubscriptionProviderExtensionTestActivity.OnRequestComplete: Result=Value World
11: GetNextItemFromSubscriptionProviderExtensionTestActivity.OnRequestComplete: End (Bookmark=98e19c97-3812-434a-95cd-db1085b7134f)
OnSubscriptionEvent: Foo
8ff42205-4555-45ff-9ac8-669bfb9319a2: BeginResumeBookmark: {0}
EndResumeBookmark
OnSubscriptionEvent, BookmarkResumptionResult=Success
12: GetNextItemFromSubscriptionProviderExtensionTestActivity.OnRequestComplete: Start (Bookmark=8ff42205-4555-45ff-9ac8-669bfb9319a2)
12: GetNextItemFromSubscriptionProviderExtensionTestActivity.OnRequestComplete: Result=Value Foo
12: GetNextItemFromSubscriptionProviderExtensionTestActivity.OnRequestComplete: End (Bookmark=8ff42205-4555-45ff-9ac8-669bfb9319a2)</StdOut>
      </Output>
    </UnitTestResult>
    <UnitTestResult executionId="f97d9bae-3d6b-4db1-9727-79fc955cf1c5" testId="4b3feb04-ca14-de38-47f7-3f114b66e5cf" testName="GetNextItem_ThreeParallelSubscribersWhereTheFirstCallToBeginResumeBookmarkFails_NextSubscriberReceivesSameItemAndFirstSubscriberHangs" computerName="ICSWS068" duration="00:00:10.0025753" startTime="2016-08-04T09:54:07.2735758+02:00" endTime="2016-08-04T09:54:17.2774963+02:00" testType="13cdc9d9-ddb5-4fa4-a97d-d965ccfc6d4b" outcome="Passed" testListId="8c84fa94-04c1-424b-9868-57a2d4851a1d" relativeResultsDirectory="f97d9bae-3d6b-4db1-9727-79fc955cf1c5">
      <Output>
        <StdOut>Debug Trace:
8: GetNextItemFromSubscriptionProviderExtensionTestActivity.Execute: Start
8: GetNextItemFromSubscriptionProviderExtensionTestActivity.Execute: Done (Bookmark=f86ee7fe-767c-460d-9546-7f7860bb0403)
9: GetNextItemFromSubscriptionProviderExtensionTestActivity.Execute: Start
9: GetNextItemFromSubscriptionProviderExtensionTestActivity.Execute: Done (Bookmark=a0dda5a4-2e92-4743-9352-8be15f69197f)
10: GetNextItemFromSubscriptionProviderExtensionTestActivity.Execute: Start
10: GetNextItemFromSubscriptionProviderExtensionTestActivity.Execute: Done (Bookmark=219eab28-3579-4be2-be52-8015ded4bccc)
OnSubscriptionEvent: Hello
f86ee7fe-767c-460d-9546-7f7860bb0403: BeginResumeBookmark: {0}
Failed to deliver item to requesting activity. An error occurred when attempting to resume bookmark f86ee7fe-767c-460d-9546-7f7860bb0403; TestException: [Test exception]

OnSubscriptionEvent: Hello
a0dda5a4-2e92-4743-9352-8be15f69197f: BeginResumeBookmark: {0}
EndResumeBookmark
OnSubscriptionEvent, BookmarkResumptionResult=Success
OnSubscriptionEvent: World
219eab28-3579-4be2-be52-8015ded4bccc: BeginResumeBookmark: {0}
9: GetNextItemFromSubscriptionProviderExtensionTestActivity.OnRequestComplete: Start (Bookmark=a0dda5a4-2e92-4743-9352-8be15f69197f)
9: GetNextItemFromSubscriptionProviderExtensionTestActivity.OnRequestComplete: Result=Value Hello
9: GetNextItemFromSubscriptionProviderExtensionTestActivity.OnRequestComplete: End (Bookmark=a0dda5a4-2e92-4743-9352-8be15f69197f)
EndResumeBookmark
OnSubscriptionEvent, BookmarkResumptionResult=Success
10: GetNextItemFromSubscriptionProviderExtensionTestActivity.OnRequestComplete: Start (Bookmark=219eab28-3579-4be2-be52-8015ded4bccc)
10: GetNextItemFromSubscriptionProviderExtensionTestActivity.OnRequestComplete: Result=Value World
10: GetNextItemFromSubscriptionProviderExtensionTestActivity.OnRequestComplete: End (Bookmark=219eab28-3579-4be2-be52-8015ded4bccc)</StdOut>
      </Output>
    </UnitTestResult>
    <UnitTestResult executionId="af76f3b5-9e4b-4292-8111-1356408cc20d" testId="0428f157-000e-16f3-1cf7-f8930eb5447d" testName="GetNextItem_TwoParallelSubscribersWhereTheFirstCallToEndResumeBookmarkReturnsNotReady_EventIsResentASecondTime" computerName="ICSWS068" duration="00:00:00.1038365" startTime="2016-08-04T09:54:17.2804980+02:00" endTime="2016-08-04T09:54:17.3859625+02:00" testType="13cdc9d9-ddb5-4fa4-a97d-d965ccfc6d4b" outcome="Passed" testListId="8c84fa94-04c1-424b-9868-57a2d4851a1d" relativeResultsDirectory="af76f3b5-9e4b-4292-8111-1356408cc20d">
      <Output>
        <StdOut>Debug Trace:
7: GetNextItemFromSubscriptionProviderExtensionTestActivity.Execute: Start
7: GetNextItemFromSubscriptionProviderExtensionTestActivity.Execute: Done (Bookmark=3819d5d2-8568-447a-b4c2-e04c2c388ce1)
8: GetNextItemFromSubscriptionProviderExtensionTestActivity.Execute: Start
8: GetNextItemFromSubscriptionProviderExtensionTestActivity.Execute: Done (Bookmark=240e3d4f-2ed0-4454-a4f1-e5264371f70e)
OnSubscriptionEvent: Hello
3819d5d2-8568-447a-b4c2-e04c2c388ce1: BeginResumeBookmark: {0}
EndResumeBookmark
OnSubscriptionEvent, BookmarkResumptionResult=NotReady
OnSubscriptionEvent: Hello
3819d5d2-8568-447a-b4c2-e04c2c388ce1: BeginResumeBookmark: {0}
EndResumeBookmark
OnSubscriptionEvent, BookmarkResumptionResult=Success
7: GetNextItemFromSubscriptionProviderExtensionTestActivity.OnRequestComplete: Start (Bookmark=3819d5d2-8568-447a-b4c2-e04c2c388ce1)
7: GetNextItemFromSubscriptionProviderExtensionTestActivity.OnRequestComplete: Result=Value Hello
OnSubscriptionEvent: World
240e3d4f-2ed0-4454-a4f1-e5264371f70e: BeginResumeBookmark: {0}
7: GetNextItemFromSubscriptionProviderExtensionTestActivity.OnRequestComplete: End (Bookmark=3819d5d2-8568-447a-b4c2-e04c2c388ce1)
EndResumeBookmark
OnSubscriptionEvent, BookmarkResumptionResult=Success
8: GetNextItemFromSubscriptionProviderExtensionTestActivity.OnRequestComplete: Start (Bookmark=240e3d4f-2ed0-4454-a4f1-e5264371f70e)
8: GetNextItemFromSubscriptionProviderExtensionTestActivity.OnRequestComplete: Result=Value World
8: GetNextItemFromSubscriptionProviderExtensionTestActivity.OnRequestComplete: End (Bookmark=240e3d4f-2ed0-4454-a4f1-e5264371f70e)</StdOut>
      </Output>
    </UnitTestResult>
    <UnitTestResult executionId="5da5b234-7bdb-4fb0-b429-093b158e57d3" testId="95c215d3-f709-99e0-453d-2f4a8ea3dba0" testName="GetNextItem_TwoParallelSubscribersDeliveryOfAllItemsFail_ErrorLogsAreWritten" computerName="ICSWS068" duration="00:00:15.0104422" startTime="2016-08-04T09:54:17.3884645+02:00" endTime="2016-08-04T09:54:32.4001693+02:00" testType="13cdc9d9-ddb5-4fa4-a97d-d965ccfc6d4b" outcome="Passed" testListId="8c84fa94-04c1-424b-9868-57a2d4851a1d" relativeResultsDirectory="5da5b234-7bdb-4fb0-b429-093b158e57d3">
      <Output>
        <StdOut>Debug Trace:
7: GetNextItemFromSubscriptionProviderExtensionTestActivity.Execute: Start
7: GetNextItemFromSubscriptionProviderExtensionTestActivity.Execute: Done (Bookmark=12f78f0f-a2aa-4abb-9b8c-60d169ce7640)
8: GetNextItemFromSubscriptionProviderExtensionTestActivity.Execute: Start
8: GetNextItemFromSubscriptionProviderExtensionTestActivity.Execute: Done (Bookmark=b81f5f29-6c07-4a87-9e50-cf38cc20b9d2)
OnSubscriptionEvent: Hello
12f78f0f-a2aa-4abb-9b8c-60d169ce7640: BeginResumeBookmark: {0}
EndResumeBookmark
Failed to deliver item to requesting activity. An error occurred on resume bookmark 12f78f0f-a2aa-4abb-9b8c-60d169ce7640; TestException: [Test exception]

OnSubscriptionEvent: Hello
b81f5f29-6c07-4a87-9e50-cf38cc20b9d2: BeginResumeBookmark: {0}
EndResumeBookmark
Failed to deliver item to requesting activity. An error occurred on resume bookmark b81f5f29-6c07-4a87-9e50-cf38cc20b9d2; TestException: [Test exception]</StdOut>
      </Output>
    </UnitTestResult>
    <UnitTestResult executionId="fbfca0a8-a2fc-4d8f-8e5f-ea5205349843" testId="a82c1900-017b-6bc1-e1a7-9243a9df31ed" testName="FileFoundEventTriggered_SubscriptionActivatedOnce_BookmarkIsResumedWithFileSystemWatcherFileInfo" computerName="ICSWS068" duration="00:00:00.6545737" startTime="2016-08-04T09:54:32.4031549+02:00" endTime="2016-08-04T09:54:33.0591041+02:00" testType="13cdc9d9-ddb5-4fa4-a97d-d965ccfc6d4b" outcome="Passed" testListId="8c84fa94-04c1-424b-9868-57a2d4851a1d" relativeResultsDirectory="fbfca0a8-a2fc-4d8f-8e5f-ea5205349843">
      <Output>
        <StdOut>Debug Trace:
OnSubscriptionEvent: iCore.Common.Utilities.FileSystemWatcher.FileSystemWatcherFileInfo
OnSubscriptionEvent, BookmarkResumptionResult=Success
Job 1 completed successfully at 2016-08-04 09:54:33.
OnAllWorkflowsClosed();



TestContext Messages:
About to start execution of job [1] at 09:54:32.54971.
About to send a system shutown message.
Waiting for dispatch worker to close...
DispatchWorker - Completed event raised.</StdOut>
      </Output>
    </UnitTestResult>
    <UnitTestResult executionId="053b5331-afa1-4f5f-ba77-d8d9c4323b8c" testId="f40e6ff8-fc37-c72d-35bd-523313d4c874" testName="ErrorEventTriggered_SubscriptionActivatedOnce_BookmarkIsResumedWithFileSystemWatcherFileInfo" computerName="ICSWS068" duration="00:00:00.6388102" startTime="2016-08-04T09:54:33.0615906+02:00" endTime="2016-08-04T09:54:33.7012401+02:00" testType="13cdc9d9-ddb5-4fa4-a97d-d965ccfc6d4b" outcome="Passed" testListId="8c84fa94-04c1-424b-9868-57a2d4851a1d" relativeResultsDirectory="053b5331-afa1-4f5f-ba77-d8d9c4323b8c">
      <Output>
        <StdOut>Debug Trace:
OnSubscriptionEvent: &lt;null&gt;
OnSubscriptionEvent, BookmarkResumptionResult=Success
Job 1 completed successfully at 2016-08-04 09:54:33.
OnAllWorkflowsClosed();
Waiting for all jobs to finish with timeout of 10000



TestContext Messages:
About to start execution of job [1] at 09:54:33.07860.
About to send a system shutown message.
Waiting for dispatch worker to close...
DispatchWorker - Completed event raised.</StdOut>
      </Output>
    </UnitTestResult>
    <UnitTestResult executionId="f90296d2-b68d-415d-96eb-fee7475d3439" testId="a8483e04-9435-a615-a0ef-9e047f7a4249" testName="TimeoutEventTriggered_SubscriptionActivatedOnce_EventIsHandled" computerName="ICSWS068" duration="00:00:00.5229408" startTime="2016-08-04T09:54:33.7053832+02:00" endTime="2016-08-04T09:54:34.2298437+02:00" testType="13cdc9d9-ddb5-4fa4-a97d-d965ccfc6d4b" outcome="Passed" testListId="8c84fa94-04c1-424b-9868-57a2d4851a1d" relativeResultsDirectory="f90296d2-b68d-415d-96eb-fee7475d3439">
      <Output>
        <StdOut>Debug Trace:
Waiting for all jobs to finish with timeout of 10000
OnSubscriptionEvent: &lt;null&gt;
OnSubscriptionEvent, BookmarkResumptionResult=Success
Job 1 completed successfully at 2016-08-04 09:54:34.
OnAllWorkflowsClosed();
OnAllWorkflowsClosed();



TestContext Messages:
About to start execution of job [1] at 09:54:33.72090.
About to send a system shutown message.
Waiting for dispatch worker to close...
DispatchWorker - Completed event raised.</StdOut>
      </Output>
    </UnitTestResult>
    <UnitTestResult executionId="5f33c6c4-e0b2-4000-b181-04011634a1f0" testId="04f1fef7-1aa3-c068-ba65-1c29aca91a2e" testName="FileFoundEventTriggered_SubscriptionRemoved_BookmarkIsNotResumed" computerName="ICSWS068" duration="00:00:01.5439165" startTime="2016-08-04T09:54:34.2328469+02:00" endTime="2016-08-04T09:54:35.7781121+02:00" testType="13cdc9d9-ddb5-4fa4-a97d-d965ccfc6d4b" outcome="Passed" testListId="8c84fa94-04c1-424b-9868-57a2d4851a1d" relativeResultsDirectory="5f33c6c4-e0b2-4000-b181-04011634a1f0">
      <Output>
        <StdOut>Debug Trace:
Waiting for all jobs to finish with timeout of 1000
Job 1 completed successfully at 2016-08-04 09:54:35.
OnAllWorkflowsClosed();



TestContext Messages:
About to start execution of job [1] at 09:54:34.24887.
About to send a system shutown message.
Waiting for dispatch worker to close...
DispatchWorker - Completed event raised.</StdOut>
      </Output>
    </UnitTestResult>
    <UnitTestResult executionId="d263fbf8-cb83-4150-b793-598a19e460e8" testId="ceed2df2-b2b2-923b-2dd9-e6fbe90d2ff4" testName="FileFoundEventTriggered_ResumedActivityCancelled_SubscriptionIsDeactivated" computerName="ICSWS068" duration="00:00:00.5330411" startTime="2016-08-04T09:54:35.7806291+02:00" endTime="2016-08-04T09:54:36.3154605+02:00" testType="13cdc9d9-ddb5-4fa4-a97d-d965ccfc6d4b" outcome="Passed" testListId="8c84fa94-04c1-424b-9868-57a2d4851a1d" relativeResultsDirectory="d263fbf8-cb83-4150-b793-598a19e460e8">
      <Output>
        <StdOut>Debug Trace:
Waiting for all jobs to finish with timeout of 10000
Job 1 completed successfully at 2016-08-04 09:54:36.
OnAllWorkflowsClosed();



TestContext Messages:
About to start execution of job [1] at 09:54:35.80826.
About to send a system shutown message.
Waiting for dispatch worker to close...
DispatchWorker - Completed event raised.
About to send a system shutown message.
Waiting for dispatch worker to close...</StdOut>
      </Output>
    </UnitTestResult>
  </Results>
  <TestDefinitions>
    <UnitTest name="Invoke_VerifyWorkflowExecuteContextInTrackingScopesInCodeActivity" storage="f:\etwork\bin\tests\intgtests.icore.workflow.activities.dll" id="baf64231-2799-f763-0d5a-fbbfe44c42be">
      <Execution id="a20743c4-c6f9-4f98-8ea0-72b970433700" />
      <TestMethod codeBase="F:\ETWork\bin\Tests\IntgTests.iCore.Workflow.Activities.dll" adapterTypeName="Microsoft.VisualStudio.TestTools.TestTypes.Unit.UnitTestAdapter" className="IntgTests.iCore.Workflow.Activities.TrackingScopeActivityTests" name="Invoke_VerifyWorkflowExecuteContextInTrackingScopesInCodeActivity" />
    </UnitTest>
    <UnitTest name="Invoke_VerifyWorkflowExecuteContextInTrackingScopesInNativeActivity" storage="f:\etwork\bin\tests\intgtests.icore.workflow.activities.dll" id="5b6c0d0c-394c-1ef4-0e9b-78804389c155">
      <Execution id="de5aa7fe-9ec2-4aae-91fc-8b99eecb6d4d" />
      <TestMethod codeBase="F:\ETWork\bin\Tests\IntgTests.iCore.Workflow.Activities.dll" adapterTypeName="Microsoft.VisualStudio.TestTools.TestTypes.Unit.UnitTestAdapter" className="IntgTests.iCore.Workflow.Activities.TrackingScopeActivityTests" name="Invoke_VerifyWorkflowExecuteContextInTrackingScopesInNativeActivity" />
    </UnitTest>
    <UnitTest name="Invoke_TimeoutOccurrsWithErrorOnTimeoutSetToFalse_DoesNotThrow" storage="f:\etwork\bin\tests\intgtests.icore.workflow.activities.dll" id="aab1a041-e770-9386-d0e9-89a06db433f7">
      <TestCategory>
        <TestCategoryItem TestCategory="MSMQ" />
      </TestCategory>
      <Execution id="b593c2ba-b8b2-4d48-b68d-78567f7917c9" />
      <TestMethod codeBase="F:\ETWork\bin\Tests\IntgTests.iCore.Workflow.Activities.dll" adapterTypeName="Microsoft.VisualStudio.TestTools.TestTypes.Unit.UnitTestAdapter" className="IntgTests.iCore.Workflow.Activities.GetNextMsmqMessageActivityTests" name="Invoke_TimeoutOccurrsWithErrorOnTimeoutSetToFalse_DoesNotThrow" />
    </UnitTest>
    <UnitTest name="Invoke_TimeoutOccurrsWithErrorOnTimeoutSetToTrue_Throws" storage="f:\etwork\bin\tests\intgtests.icore.workflow.activities.dll" id="25a8a7da-5ff2-221e-f45d-c9d28f9f75c1">
      <TestCategory>
        <TestCategoryItem TestCategory="MSMQ" />
      </TestCategory>
      <Execution id="2300b252-e157-4ae5-9fce-37d02444b62e" />
      <TestMethod codeBase="F:\ETWork\bin\Tests\IntgTests.iCore.Workflow.Activities.dll" adapterTypeName="Microsoft.VisualStudio.TestTools.TestTypes.Unit.UnitTestAdapter" className="IntgTests.iCore.Workflow.Activities.GetNextMsmqMessageActivityTests" name="Invoke_TimeoutOccurrsWithErrorOnTimeoutSetToTrue_Throws" />
    </UnitTest>
    <UnitTest name="Invoke_TimeoutSetNoMessageOnQueue_DoesNotTimeOutBeforeTimeoutTime" storage="f:\etwork\bin\tests\intgtests.icore.workflow.activities.dll" id="84645567-cc7c-060c-fda1-2f1495132f67">
      <TestCategory>
        <TestCategoryItem TestCategory="MSMQ" />
      </TestCategory>
      <Execution id="ad933c5f-65db-4d1a-924a-56a5752002f2" />
      <TestMethod codeBase="F:\ETWork\bin\Tests\IntgTests.iCore.Workflow.Activities.dll" adapterTypeName="Microsoft.VisualStudio.TestTools.TestTypes.Unit.UnitTestAdapter" className="IntgTests.iCore.Workflow.Activities.GetNextMsmqMessageActivityTests" name="Invoke_TimeoutSetNoMessageOnQueue_DoesNotTimeOutBeforeTimeoutTime" />
    </UnitTest>
    <UnitTest name="Invoke_VerifySuccessWhenNoChildJobsExistsAndIdListIsNothing" storage="f:\etwork\bin\tests\intgtests.icore.workflow.activities.dll" id="15cd0f92-74e0-2043-2172-b534058c4e40">
      <Execution id="87493645-f401-4c9d-ad96-6b964bc298f4" />
      <TestMethod codeBase="F:\ETWork\bin\Tests\IntgTests.iCore.Workflow.Activities.dll" adapterTypeName="Microsoft.VisualStudio.TestTools.TestTypes.Unit.UnitTestAdapter" className="IntgTests.iCore.Workflow.Activities.WaitForSpawnedWorkflowsActivityTests" name="Invoke_VerifySuccessWhenNoChildJobsExistsAndIdListIsNothing" />
    </UnitTest>
    <UnitTest name="GetNextItem_ReturnsTheNextItem" storage="f:\etwork\bin\tests\intgtests.icore.workflow.activities.dll" id="ede61097-2073-8f8d-ea4b-e0c61007d1fb">
      <Execution id="8abf80b2-cbc1-45b4-b059-aa44a8391302" />
      <TestMethod codeBase="F:\ETWork\bin\Tests\IntgTests.iCore.Workflow.Activities.dll" adapterTypeName="Microsoft.VisualStudio.TestTools.TestTypes.Unit.UnitTestAdapter" className="IntgTests.iCore.Workflow.Activities.Extensions.SubscriptionItemProviderExtensionTests" name="GetNextItem_ReturnsTheNextItem" />
    </UnitTest>
    <UnitTest name="GetNextItem_TimeoutOccurs_ReturnsTimeoutException" storage="f:\etwork\bin\tests\intgtests.icore.workflow.activities.dll" id="4693ea8a-8288-5271-3baa-33a3dd789e6b">
      <Execution id="5f325ce3-b427-4a4c-8b26-f4723d41331b" />
      <TestMethod codeBase="F:\ETWork\bin\Tests\IntgTests.iCore.Workflow.Activities.dll" adapterTypeName="Microsoft.VisualStudio.TestTools.TestTypes.Unit.UnitTestAdapter" className="IntgTests.iCore.Workflow.Activities.Extensions.SubscriptionItemProviderExtensionTests" name="GetNextItem_TimeoutOccurs_ReturnsTimeoutException" />
    </UnitTest>
    <UnitTest name="GetNextItem_CancelOccurs_WorkflowIsCancelled" storage="f:\etwork\bin\tests\intgtests.icore.workflow.activities.dll" id="5a6cb30c-9c40-2343-6c10-bc8709c7f7e8">
      <Execution id="dbf63619-0023-4372-a236-c0f5278cd58a" />
      <TestMethod codeBase="F:\ETWork\bin\Tests\IntgTests.iCore.Workflow.Activities.dll" adapterTypeName="Microsoft.VisualStudio.TestTools.TestTypes.Unit.UnitTestAdapter" className="IntgTests.iCore.Workflow.Activities.Extensions.SubscriptionItemProviderExtensionTests" name="GetNextItem_CancelOccurs_WorkflowIsCancelled" />
    </UnitTest>
    <UnitTest name="GetNextItem_MultipleSubscribersToTheSameProviderInParallell_AllItemsAreReturned" storage="f:\etwork\bin\tests\intgtests.icore.workflow.activities.dll" id="98fb06a2-b3f7-8cec-07e6-734a013fa7c8">
      <Execution id="557c2f97-1eaf-4a86-b4d2-ff6805f7d3f0" />
      <TestMethod codeBase="F:\ETWork\bin\Tests\IntgTests.iCore.Workflow.Activities.dll" adapterTypeName="Microsoft.VisualStudio.TestTools.TestTypes.Unit.UnitTestAdapter" className="IntgTests.iCore.Workflow.Activities.Extensions.SubscriptionItemProviderExtensionTests" name="GetNextItem_MultipleSubscribersToTheSameProviderInParallell_AllItemsAreReturned" />
    </UnitTest>
    <UnitTest name="GetNextItem_FirstSubscriberTimesOut_ItemAdded_SecondSubscriptionGetsItem" storage="f:\etwork\bin\tests\intgtests.icore.workflow.activities.dll" id="5b4bb7fc-fb79-2c3a-5843-1a347c5d8d8e">
      <Execution id="de24ddf4-182b-4e7a-b9c5-b6bfc6e755b2" />
      <TestMethod codeBase="F:\ETWork\bin\Tests\IntgTests.iCore.Workflow.Activities.dll" adapterTypeName="Microsoft.VisualStudio.TestTools.TestTypes.Unit.UnitTestAdapter" className="IntgTests.iCore.Workflow.Activities.Extensions.SubscriptionItemProviderExtensionTests" name="GetNextItem_FirstSubscriberTimesOut_ItemAdded_SecondSubscriptionGetsItem" />
    </UnitTest>
    <UnitTest name="GetNextItem_SecondSubscriptionAddedToSameProviderWithShorterTimeout_TimesOutAtCorrectTime" storage="f:\etwork\bin\tests\intgtests.icore.workflow.activities.dll" id="81fdcaae-637a-9e75-2f16-db984c30ab31">
      <Execution id="ee53cb22-c3bd-4e0e-bffb-0141e9a25bd8" />
      <TestMethod codeBase="F:\ETWork\bin\Tests\IntgTests.iCore.Workflow.Activities.dll" adapterTypeName="Microsoft.VisualStudio.TestTools.TestTypes.Unit.UnitTestAdapter" className="IntgTests.iCore.Workflow.Activities.Extensions.SubscriptionItemProviderExtensionTests" name="GetNextItem_SecondSubscriptionAddedToSameProviderWithShorterTimeout_TimesOutAtCorrectTime" />
    </UnitTest>
    <UnitTest name="GetNextItem_TwoSequentialSubscribersWhereTheFirstCallToBeginResumeBookmarkFails_NextSubscriberReceivesSameItemAndFirstSubscriberHangs" storage="f:\etwork\bin\tests\intgtests.icore.workflow.activities.dll" id="92faf6ad-c749-18e3-856d-daf1f8245984">
      <Execution id="04e3b46d-ac7c-401d-a041-3947dc8d54ad" />
      <TestMethod codeBase="F:\ETWork\bin\Tests\IntgTests.iCore.Workflow.Activities.dll" adapterTypeName="Microsoft.VisualStudio.TestTools.TestTypes.Unit.UnitTestAdapter" className="IntgTests.iCore.Workflow.Activities.Extensions.SubscriptionItemProviderExtensionTests" name="GetNextItem_TwoSequentialSubscribersWhereTheFirstCallToBeginResumeBookmarkFails_NextSubscriberReceivesSameItemAndFirstSubscriberHangs" />
    </UnitTest>
    <UnitTest name="GetNextItem_FourParallelSubscribersWhereTheFirstCallToEndResumeBookmarkFails_NextSubscriberReceivesAnItemAndFirstSubscriberHangs" storage="f:\etwork\bin\tests\intgtests.icore.workflow.activities.dll" id="c0036dfe-8563-e369-0ffe-45853b807335">
      <Execution id="3faef480-5418-42be-8aa5-0c35625b1db4" />
      <TestMethod codeBase="F:\ETWork\bin\Tests\IntgTests.iCore.Workflow.Activities.dll" adapterTypeName="Microsoft.VisualStudio.TestTools.TestTypes.Unit.UnitTestAdapter" className="IntgTests.iCore.Workflow.Activities.Extensions.SubscriptionItemProviderExtensionTests" name="GetNextItem_FourParallelSubscribersWhereTheFirstCallToEndResumeBookmarkFails_NextSubscriberReceivesAnItemAndFirstSubscriberHangs" />
    </UnitTest>
    <UnitTest name="GetNextItem_FourParallelSubscribersWhereTheFirstCallToEndResumeBookmarkFailsEnforceFifo_ItemsProducedInCorrectOrder" storage="f:\etwork\bin\tests\intgtests.icore.workflow.activities.dll" id="5422f8de-7c41-da67-51c2-ad9cf7527000">
      <Execution id="6f91fda3-a0d5-4e68-8939-a1b79a8ee7ef" />
      <TestMethod codeBase="F:\ETWork\bin\Tests\IntgTests.iCore.Workflow.Activities.dll" adapterTypeName="Microsoft.VisualStudio.TestTools.TestTypes.Unit.UnitTestAdapter" className="IntgTests.iCore.Workflow.Activities.Extensions.SubscriptionItemProviderExtensionTests" name="GetNextItem_FourParallelSubscribersWhereTheFirstCallToEndResumeBookmarkFailsEnforceFifo_ItemsProducedInCorrectOrder" />
    </UnitTest>
    <UnitTest name="GetNextItem_ThreeParallelSubscribersWhereTheFirstCallToBeginResumeBookmarkFails_NextSubscriberReceivesSameItemAndFirstSubscriberHangs" storage="f:\etwork\bin\tests\intgtests.icore.workflow.activities.dll" id="4b3feb04-ca14-de38-47f7-3f114b66e5cf">
      <Execution id="f97d9bae-3d6b-4db1-9727-79fc955cf1c5" />
      <TestMethod codeBase="F:\ETWork\bin\Tests\IntgTests.iCore.Workflow.Activities.dll" adapterTypeName="Microsoft.VisualStudio.TestTools.TestTypes.Unit.UnitTestAdapter" className="IntgTests.iCore.Workflow.Activities.Extensions.SubscriptionItemProviderExtensionTests" name="GetNextItem_ThreeParallelSubscribersWhereTheFirstCallToBeginResumeBookmarkFails_NextSubscriberReceivesSameItemAndFirstSubscriberHangs" />
    </UnitTest>
    <UnitTest name="GetNextItem_TwoParallelSubscribersWhereTheFirstCallToEndResumeBookmarkReturnsNotReady_EventIsResentASecondTime" storage="f:\etwork\bin\tests\intgtests.icore.workflow.activities.dll" id="0428f157-000e-16f3-1cf7-f8930eb5447d">
      <Execution id="af76f3b5-9e4b-4292-8111-1356408cc20d" />
      <TestMethod codeBase="F:\ETWork\bin\Tests\IntgTests.iCore.Workflow.Activities.dll" adapterTypeName="Microsoft.VisualStudio.TestTools.TestTypes.Unit.UnitTestAdapter" className="IntgTests.iCore.Workflow.Activities.Extensions.SubscriptionItemProviderExtensionTests" name="GetNextItem_TwoParallelSubscribersWhereTheFirstCallToEndResumeBookmarkReturnsNotReady_EventIsResentASecondTime" />
    </UnitTest>
    <UnitTest name="GetNextItem_TwoParallelSubscribersDeliveryOfAllItemsFail_ErrorLogsAreWritten" storage="f:\etwork\bin\tests\intgtests.icore.workflow.activities.dll" id="95c215d3-f709-99e0-453d-2f4a8ea3dba0">
      <Execution id="5da5b234-7bdb-4fb0-b429-093b158e57d3" />
      <TestMethod codeBase="F:\ETWork\bin\Tests\IntgTests.iCore.Workflow.Activities.dll" adapterTypeName="Microsoft.VisualStudio.TestTools.TestTypes.Unit.UnitTestAdapter" className="IntgTests.iCore.Workflow.Activities.Extensions.SubscriptionItemProviderExtensionTests" name="GetNextItem_TwoParallelSubscribersDeliveryOfAllItemsFail_ErrorLogsAreWritten" />
    </UnitTest>
    <UnitTest name="FileFoundEventTriggered_SubscriptionActivatedOnce_BookmarkIsResumedWithFileSystemWatcherFileInfo" storage="f:\etwork\bin\tests\intgtests.icore.workflow.activities.dll" id="a82c1900-017b-6bc1-e1a7-9243a9df31ed">
      <Execution id="fbfca0a8-a2fc-4d8f-8e5f-ea5205349843" />
      <TestMethod codeBase="F:\ETWork\bin\Tests\IntgTests.iCore.Workflow.Activities.dll" adapterTypeName="Microsoft.VisualStudio.TestTools.TestTypes.Unit.UnitTestAdapter" className="IntgTests.iCore.Workflow.Activities.Extensions.FilesystemExtensionTests" name="FileFoundEventTriggered_SubscriptionActivatedOnce_BookmarkIsResumedWithFileSystemWatcherFileInfo" />
    </UnitTest>
    <UnitTest name="ErrorEventTriggered_SubscriptionActivatedOnce_BookmarkIsResumedWithFileSystemWatcherFileInfo" storage="f:\etwork\bin\tests\intgtests.icore.workflow.activities.dll" id="f40e6ff8-fc37-c72d-35bd-523313d4c874">
      <Execution id="053b5331-afa1-4f5f-ba77-d8d9c4323b8c" />
      <TestMethod codeBase="F:\ETWork\bin\Tests\IntgTests.iCore.Workflow.Activities.dll" adapterTypeName="Microsoft.VisualStudio.TestTools.TestTypes.Unit.UnitTestAdapter" className="IntgTests.iCore.Workflow.Activities.Extensions.FilesystemExtensionTests" name="ErrorEventTriggered_SubscriptionActivatedOnce_BookmarkIsResumedWithFileSystemWatcherFileInfo" />
    </UnitTest>
    <UnitTest name="TimeoutEventTriggered_SubscriptionActivatedOnce_EventIsHandled" storage="f:\etwork\bin\tests\intgtests.icore.workflow.activities.dll" id="a8483e04-9435-a615-a0ef-9e047f7a4249">
      <Execution id="f90296d2-b68d-415d-96eb-fee7475d3439" />
      <TestMethod codeBase="F:\ETWork\bin\Tests\IntgTests.iCore.Workflow.Activities.dll" adapterTypeName="Microsoft.VisualStudio.TestTools.TestTypes.Unit.UnitTestAdapter" className="IntgTests.iCore.Workflow.Activities.Extensions.FilesystemExtensionTests" name="TimeoutEventTriggered_SubscriptionActivatedOnce_EventIsHandled" />
    </UnitTest>
    <UnitTest name="FileFoundEventTriggered_SubscriptionRemoved_BookmarkIsNotResumed" storage="f:\etwork\bin\tests\intgtests.icore.workflow.activities.dll" id="04f1fef7-1aa3-c068-ba65-1c29aca91a2e">
      <Execution id="5f33c6c4-e0b2-4000-b181-04011634a1f0" />
      <TestMethod codeBase="F:\ETWork\bin\Tests\IntgTests.iCore.Workflow.Activities.dll" adapterTypeName="Microsoft.VisualStudio.TestTools.TestTypes.Unit.UnitTestAdapter" className="IntgTests.iCore.Workflow.Activities.Extensions.FilesystemExtensionTests" name="FileFoundEventTriggered_SubscriptionRemoved_BookmarkIsNotResumed" />
    </UnitTest>
    <UnitTest name="FileFoundEventTriggered_ResumedActivityCancelled_SubscriptionIsDeactivated" storage="f:\etwork\bin\tests\intgtests.icore.workflow.activities.dll" id="ceed2df2-b2b2-923b-2dd9-e6fbe90d2ff4">
      <Execution id="d263fbf8-cb83-4150-b793-598a19e460e8" />
      <TestMethod codeBase="F:\ETWork\bin\Tests\IntgTests.iCore.Workflow.Activities.dll" adapterTypeName="Microsoft.VisualStudio.TestTools.TestTypes.Unit.UnitTestAdapter" className="IntgTests.iCore.Workflow.Activities.Extensions.FilesystemExtensionTests" name="FileFoundEventTriggered_ResumedActivityCancelled_SubscriptionIsDeactivated" />
    </UnitTest>
  </TestDefinitions>
  <TestEntries>
    <TestEntry testId="baf64231-2799-f763-0d5a-fbbfe44c42be" executionId="a20743c4-c6f9-4f98-8ea0-72b970433700" testListId="8c84fa94-04c1-424b-9868-57a2d4851a1d" />
    <TestEntry testId="5b6c0d0c-394c-1ef4-0e9b-78804389c155" executionId="de5aa7fe-9ec2-4aae-91fc-8b99eecb6d4d" testListId="8c84fa94-04c1-424b-9868-57a2d4851a1d" />
    <TestEntry testId="aab1a041-e770-9386-d0e9-89a06db433f7" executionId="b593c2ba-b8b2-4d48-b68d-78567f7917c9" testListId="8c84fa94-04c1-424b-9868-57a2d4851a1d" />
    <TestEntry testId="25a8a7da-5ff2-221e-f45d-c9d28f9f75c1" executionId="2300b252-e157-4ae5-9fce-37d02444b62e" testListId="8c84fa94-04c1-424b-9868-57a2d4851a1d" />
    <TestEntry testId="84645567-cc7c-060c-fda1-2f1495132f67" executionId="ad933c5f-65db-4d1a-924a-56a5752002f2" testListId="8c84fa94-04c1-424b-9868-57a2d4851a1d" />
    <TestEntry testId="15cd0f92-74e0-2043-2172-b534058c4e40" executionId="87493645-f401-4c9d-ad96-6b964bc298f4" testListId="8c84fa94-04c1-424b-9868-57a2d4851a1d" />
    <TestEntry testId="ede61097-2073-8f8d-ea4b-e0c61007d1fb" executionId="8abf80b2-cbc1-45b4-b059-aa44a8391302" testListId="8c84fa94-04c1-424b-9868-57a2d4851a1d" />
    <TestEntry testId="4693ea8a-8288-5271-3baa-33a3dd789e6b" executionId="5f325ce3-b427-4a4c-8b26-f4723d41331b" testListId="8c84fa94-04c1-424b-9868-57a2d4851a1d" />
    <TestEntry testId="5a6cb30c-9c40-2343-6c10-bc8709c7f7e8" executionId="dbf63619-0023-4372-a236-c0f5278cd58a" testListId="8c84fa94-04c1-424b-9868-57a2d4851a1d" />
    <TestEntry testId="98fb06a2-b3f7-8cec-07e6-734a013fa7c8" executionId="557c2f97-1eaf-4a86-b4d2-ff6805f7d3f0" testListId="8c84fa94-04c1-424b-9868-57a2d4851a1d" />
    <TestEntry testId="5b4bb7fc-fb79-2c3a-5843-1a347c5d8d8e" executionId="de24ddf4-182b-4e7a-b9c5-b6bfc6e755b2" testListId="8c84fa94-04c1-424b-9868-57a2d4851a1d" />
    <TestEntry testId="81fdcaae-637a-9e75-2f16-db984c30ab31" executionId="ee53cb22-c3bd-4e0e-bffb-0141e9a25bd8" testListId="8c84fa94-04c1-424b-9868-57a2d4851a1d" />
    <TestEntry testId="92faf6ad-c749-18e3-856d-daf1f8245984" executionId="04e3b46d-ac7c-401d-a041-3947dc8d54ad" testListId="8c84fa94-04c1-424b-9868-57a2d4851a1d" />
    <TestEntry testId="c0036dfe-8563-e369-0ffe-45853b807335" executionId="3faef480-5418-42be-8aa5-0c35625b1db4" testListId="8c84fa94-04c1-424b-9868-57a2d4851a1d" />
    <TestEntry testId="5422f8de-7c41-da67-51c2-ad9cf7527000" executionId="6f91fda3-a0d5-4e68-8939-a1b79a8ee7ef" testListId="8c84fa94-04c1-424b-9868-57a2d4851a1d" />
    <TestEntry testId="4b3feb04-ca14-de38-47f7-3f114b66e5cf" executionId="f97d9bae-3d6b-4db1-9727-79fc955cf1c5" testListId="8c84fa94-04c1-424b-9868-57a2d4851a1d" />
    <TestEntry testId="0428f157-000e-16f3-1cf7-f8930eb5447d" executionId="af76f3b5-9e4b-4292-8111-1356408cc20d" testListId="8c84fa94-04c1-424b-9868-57a2d4851a1d" />
    <TestEntry testId="95c215d3-f709-99e0-453d-2f4a8ea3dba0" executionId="5da5b234-7bdb-4fb0-b429-093b158e57d3" testListId="8c84fa94-04c1-424b-9868-57a2d4851a1d" />
    <TestEntry testId="a82c1900-017b-6bc1-e1a7-9243a9df31ed" executionId="fbfca0a8-a2fc-4d8f-8e5f-ea5205349843" testListId="8c84fa94-04c1-424b-9868-57a2d4851a1d" />
    <TestEntry testId="f40e6ff8-fc37-c72d-35bd-523313d4c874" executionId="053b5331-afa1-4f5f-ba77-d8d9c4323b8c" testListId="8c84fa94-04c1-424b-9868-57a2d4851a1d" />
    <TestEntry testId="a8483e04-9435-a615-a0ef-9e047f7a4249" executionId="f90296d2-b68d-415d-96eb-fee7475d3439" testListId="8c84fa94-04c1-424b-9868-57a2d4851a1d" />
    <TestEntry testId="04f1fef7-1aa3-c068-ba65-1c29aca91a2e" executionId="5f33c6c4-e0b2-4000-b181-04011634a1f0" testListId="8c84fa94-04c1-424b-9868-57a2d4851a1d" />
    <TestEntry testId="ceed2df2-b2b2-923b-2dd9-e6fbe90d2ff4" executionId="d263fbf8-cb83-4150-b793-598a19e460e8" testListId="8c84fa94-04c1-424b-9868-57a2d4851a1d" />
  </TestEntries>
  <TestLists>
    <TestList name="Results Not in a List" id="8c84fa94-04c1-424b-9868-57a2d4851a1d" />
    <TestList name="All Loaded Results" id="19431567-8539-422a-85d7-44ee4e166bda" />
  </TestLists>
  <ResultSummary outcome="Completed">
    <Counters total="23" executed="23" passed="23" failed="0" error="0" timeout="0" aborted="0" inconclusive="0" passedButRunAborted="0" notRunnable="0" notExecuted="0" disconnected="0" warning="0" completed="0" inProgress="0" pending="0" />
  </ResultSummary>
</TestRun>